  console.warn
    ÔÜá´©Å React Router Future Flag Warning: React Router will begin wrapping state updates in `React.startTransition` in v7. You can use the `v7_startTransition` future flag to opt-in early. For more information, see https://reactrouter.com/v6/upgrading/future#v7_starttransition.

    [0m [90m 29 |[39m describe([32m'Simulaci├│n completa HomePage'[39m[33m,[39m () [33m=>[39m {
     [90m 30 |[39m   test([32m'Renderiza los textos y enlaces principales de HomePage'[39m[33m,[39m () [33m=>[39m {
    [31m[1m>[22m[39m[90m 31 |[39m     render(
     [90m    |[39m           [31m[1m^[22m[39m
     [90m 32 |[39m       [33m<[39m[33mAuthContext[39m[33m.[39m[33mProvider[39m value[33m=[39m{mockAuthValue}[33m>[39m
     [90m 33 |[39m         [33m<[39m[33mMemoryRouter[39m[33m>[39m
     [90m 34 |[39m           [33m<[39m[33mHomePage[39m [33m/[39m[33m>[39m[0m

      at warn (node_modules/react-router/lib/deprecations.ts:9:13)
      at warnOnce (node_modules/react-router/lib/deprecations.ts:14:3)
      at logDeprecation (node_modules/react-router/lib/deprecations.ts:26:5)
      at logV6DeprecationWarnings (node_modules/react-router/lib/components.tsx:257:25)
      at commitHookEffectListMount (node_modules/react-dom/cjs/react-dom.development.js:23189:26)
      at commitPassiveMountOnFiber (node_modules/react-dom/cjs/react-dom.development.js:24970:11)
      at commitPassiveMountEffects_complete (node_modules/react-dom/cjs/react-dom.development.js:24930:9)
      at commitPassiveMountEffects_begin (node_modules/react-dom/cjs/react-dom.development.js:24917:7)
      at commitPassiveMountEffects (node_modules/react-dom/cjs/react-dom.development.js:24905:3)
      at flushPassiveEffectsImpl (node_modules/react-dom/cjs/react-dom.development.js:27078:3)
      at flushPassiveEffects (node_modules/react-dom/cjs/react-dom.development.js:27023:14)
      at node_modules/react-dom/cjs/react-dom.development.js:26808:9
      at flushActQueue (node_modules/react/cjs/react.development.js:2667:24)
      at act (node_modules/react/cjs/react.development.js:2582:11)
      at node_modules/@testing-library/react/dist/act-compat.js:47:25
      at renderRoot (node_modules/@testing-library/react/dist/pure.js:180:26)
      at render (node_modules/@testing-library/react/dist/pure.js:271:10)
      at Object.<anonymous> (src/pages/__tests__/HomePage.test.jsx:31:11)

  console.warn
    ÔÜá´©Å React Router Future Flag Warning: Relative route resolution within Splat routes is changing in v7. You can use the `v7_relativeSplatPath` future flag to opt-in early. For more information, see https://reactrouter.com/v6/upgrading/future#v7_relativesplatpath.

    [0m [90m 29 |[39m describe([32m'Simulaci├│n completa HomePage'[39m[33m,[39m () [33m=>[39m {
     [90m 30 |[39m   test([32m'Renderiza los textos y enlaces principales de HomePage'[39m[33m,[39m () [33m=>[39m {
    [31m[1m>[22m[39m[90m 31 |[39m     render(
     [90m    |[39m           [31m[1m^[22m[39m
     [90m 32 |[39m       [33m<[39m[33mAuthContext[39m[33m.[39m[33mProvider[39m value[33m=[39m{mockAuthValue}[33m>[39m
     [90m 33 |[39m         [33m<[39m[33mMemoryRouter[39m[33m>[39m
     [90m 34 |[39m           [33m<[39m[33mHomePage[39m [33m/[39m[33m>[39m[0m

      at warn (node_modules/react-router/lib/deprecations.ts:9:13)
      at warnOnce (node_modules/react-router/lib/deprecations.ts:14:3)
      at logDeprecation (node_modules/react-router/lib/deprecations.ts:37:5)
      at logV6DeprecationWarnings (node_modules/react-router/lib/components.tsx:257:25)
      at commitHookEffectListMount (node_modules/react-dom/cjs/react-dom.development.js:23189:26)
      at commitPassiveMountOnFiber (node_modules/react-dom/cjs/react-dom.development.js:24970:11)
      at commitPassiveMountEffects_complete (node_modules/react-dom/cjs/react-dom.development.js:24930:9)
      at commitPassiveMountEffects_begin (node_modules/react-dom/cjs/react-dom.development.js:24917:7)
      at commitPassiveMountEffects (node_modules/react-dom/cjs/react-dom.development.js:24905:3)
      at flushPassiveEffectsImpl (node_modules/react-dom/cjs/react-dom.development.js:27078:3)
      at flushPassiveEffects (node_modules/react-dom/cjs/react-dom.development.js:27023:14)
      at node_modules/react-dom/cjs/react-dom.development.js:26808:9
      at flushActQueue (node_modules/react/cjs/react.development.js:2667:24)
      at act (node_modules/react/cjs/react.development.js:2582:11)
      at node_modules/@testing-library/react/dist/act-compat.js:47:25
      at renderRoot (node_modules/@testing-library/react/dist/pure.js:180:26)
      at render (node_modules/@testing-library/react/dist/pure.js:271:10)
      at Object.<anonymous> (src/pages/__tests__/HomePage.test.jsx:31:11)

  console.error
    Warning: An update to HomePage inside a test was not wrapped in act(...).
    
    When testing, code that causes React state updates should be wrapped into act(...):
    
    act(() => {
      /* fire events that update state */
    });
    /* assert on the output */
    
    This ensures that you're testing the behavior the user would see in the browser. Learn more at https://reactjs.org/link/wrap-tests-with-act
        at HomePage (C:\Users\lenovo\Desktop\futpro2.0\src\pages\HomePage.js:17:36)
        at basenameProp (C:\Users\lenovo\Desktop\futpro2.0\node_modules\react-router\lib\components.tsx:421:13)
        at basename (C:\Users\lenovo\Desktop\futpro2.0\node_modules\react-router\lib\components.tsx:225:3)

    [0m [90m 42 |[39m
     [90m 43 |[39m   useEffect(() [33m=>[39m {
    [31m[1m>[22m[39m[90m 44 |[39m     mediaService[33m.[39mgetGallery(token)[33m.[39mthen(data [33m=>[39m setGallery(data[33m.[39mgallery [33m||[39m []))[33m;[39m
     [90m    |[39m                                                 [31m[1m^[22m[39m
     [90m 45 |[39m   }[33m,[39m [token])[33m;[39m
     [90m 46 |[39m
     [90m 47 |[39m   useEffect(() [33m=>[39m {[0m

      at printWarning (node_modules/react-dom/cjs/react-dom.development.js:86:30)
      at error (node_modules/react-dom/cjs/react-dom.development.js:60:7)
      at warnIfUpdatesNotWrappedWithActDEV (node_modules/react-dom/cjs/react-dom.development.js:27628:9)
      at scheduleUpdateOnFiber (node_modules/react-dom/cjs/react-dom.development.js:25547:5)
      at dispatchSetState (node_modules/react-dom/cjs/react-dom.development.js:16708:7)
      at setGallery (src/pages/HomePage.js:44:49)

  console.error
    Warning: An update to HomePage inside a test was not wrapped in act(...).
    
    When testing, code that causes React state updates should be wrapped into act(...):
    
    act(() => {
      /* fire events that update state */
    });
    /* assert on the output */
    
    This ensures that you're testing the behavior the user would see in the browser. Learn more at https://reactjs.org/link/wrap-tests-with-act
        at HomePage (C:\Users\lenovo\Desktop\futpro2.0\src\pages\HomePage.js:17:36)
        at basenameProp (C:\Users\lenovo\Desktop\futpro2.0\node_modules\react-router\lib\components.tsx:421:13)
        at basename (C:\Users\lenovo\Desktop\futpro2.0\node_modules\react-router\lib\components.tsx:225:3)

    [0m [90m 42 |[39m
     [90m 43 |[39m   useEffect(() [33m=>[39m {
    [31m[1m>[22m[39m[90m 44 |[39m     mediaService[33m.[39mgetGallery(token)[33m.[39mthen(data [33m=>[39m setGallery(data[33m.[39mgallery [33m||[39m []))[33m;[39m
     [90m    |[39m                                                 [31m[1m^[22m[39m
     [90m 45 |[39m   }[33m,[39m [token])[33m;[39m
     [90m 46 |[39m
     [90m 47 |[39m   useEffect(() [33m=>[39m {[0m

      at printWarning (node_modules/react-dom/cjs/react-dom.development.js:86:30)
      at error (node_modules/react-dom/cjs/react-dom.development.js:60:7)
      at warnIfUpdatesNotWrappedWithActDEV (node_modules/react-dom/cjs/react-dom.development.js:27628:9)
      at scheduleUpdateOnFiber (node_modules/react-dom/cjs/react-dom.development.js:25547:5)
      at dispatchSetState (node_modules/react-dom/cjs/react-dom.development.js:16708:7)
      at setGallery (src/pages/HomePage.js:44:49)

  console.error
    Warning: An update to LogrosEquipoPage inside a test was not wrapped in act(...).
    
    When testing, code that causes React state updates should be wrapped into act(...):
    
    act(() => {
      /* fire events that update state */
    });
    /* assert on the output */
    
    This ensures that you're testing the behavior the user would see in the browser. Learn more at https://reactjs.org/link/wrap-tests-with-act
        at LogrosEquipoPage (C:\Users\lenovo\Desktop\futpro2.0\src\pages\LogrosEquipoPage.js:6:46)

    [0m [90m 28 |[39m           setConexion([32m'Error de conexi├│n: '[39m [33m+[39m error[33m.[39mmessage)[33m;[39m
     [90m 29 |[39m         } [36melse[39m {
    [31m[1m>[22m[39m[90m 30 |[39m           setLogros(data [33m||[39m [])[33m;[39m
     [90m    |[39m           [31m[1m^[22m[39m
     [90m 31 |[39m           setConexion([32m'Conexi├│n exitosa a Supabase'[39m)[33m;[39m
     [90m 32 |[39m         }
     [90m 33 |[39m         setLoading([36mfalse[39m)[33m;[39m[0m

      at printWarning (node_modules/react-dom/cjs/react-dom.development.js:86:30)
      at error (node_modules/react-dom/cjs/react-dom.development.js:60:7)
      at warnIfUpdatesNotWrappedWithActDEV (node_modules/react-dom/cjs/react-dom.development.js:27628:9)
      at scheduleUpdateOnFiber (node_modules/react-dom/cjs/react-dom.development.js:25547:5)
      at dispatchSetState (node_modules/react-dom/cjs/react-dom.development.js:16708:7)
      at setLogros (src/pages/LogrosEquipoPage.js:30:11)

  console.error
    Warning: An update to LogrosEquipoPage inside a test was not wrapped in act(...).
    
    When testing, code that causes React state updates should be wrapped into act(...):
    
    act(() => {
      /* fire events that update state */
    });
    /* assert on the output */
    
    This ensures that you're testing the behavior the user would see in the browser. Learn more at https://reactjs.org/link/wrap-tests-with-act
        at LogrosEquipoPage (C:\Users\lenovo\Desktop\futpro2.0\src\pages\LogrosEquipoPage.js:6:46)

    [0m [90m 29 |[39m         } [36melse[39m {
     [90m 30 |[39m           setLogros(data [33m||[39m [])[33m;[39m
    [31m[1m>[22m[39m[90m 31 |[39m           setConexion([32m'Conexi├│n exitosa a Supabase'[39m)[33m;[39m
     [90m    |[39m           [31m[1m^[22m[39m
     [90m 32 |[39m         }
     [90m 33 |[39m         setLoading([36mfalse[39m)[33m;[39m
     [90m 34 |[39m       })[33m;[39m[0m

      at printWarning (node_modules/react-dom/cjs/react-dom.development.js:86:30)
      at error (node_modules/react-dom/cjs/react-dom.development.js:60:7)
      at warnIfUpdatesNotWrappedWithActDEV (node_modules/react-dom/cjs/react-dom.development.js:27628:9)
      at scheduleUpdateOnFiber (node_modules/react-dom/cjs/react-dom.development.js:25547:5)
      at dispatchSetState (node_modules/react-dom/cjs/react-dom.development.js:16708:7)
      at setConexion (src/pages/LogrosEquipoPage.js:31:11)

  console.error
    Warning: An update to LogrosEquipoPage inside a test was not wrapped in act(...).
    
    When testing, code that causes React state updates should be wrapped into act(...):
    
    act(() => {
      /* fire events that update state */
    });
    /* assert on the output */
    
    This ensures that you're testing the behavior the user would see in the browser. Learn more at https://reactjs.org/link/wrap-tests-with-act
        at LogrosEquipoPage (C:\Users\lenovo\Desktop\futpro2.0\src\pages\LogrosEquipoPage.js:6:46)

    [0m [90m 31 |[39m           setConexion([32m'Conexi├│n exitosa a Supabase'[39m)[33m;[39m
     [90m 32 |[39m         }
    [31m[1m>[22m[39m[90m 33 |[39m         setLoading([36mfalse[39m)[33m;[39m
     [90m    |[39m         [31m[1m^[22m[39m
     [90m 34 |[39m       })[33m;[39m
     [90m 35 |[39m   }[33m,[39m [equipoId])[33m;[39m
     [90m 36 |[39m[0m

      at printWarning (node_modules/react-dom/cjs/react-dom.development.js:86:30)
      at error (node_modules/react-dom/cjs/react-dom.development.js:60:7)
      at warnIfUpdatesNotWrappedWithActDEV (node_modules/react-dom/cjs/react-dom.development.js:27628:9)
      at scheduleUpdateOnFiber (node_modules/react-dom/cjs/react-dom.development.js:25547:5)
      at dispatchSetState (node_modules/react-dom/cjs/react-dom.development.js:16708:7)
      at setLoading (src/pages/LogrosEquipoPage.js:33:9)

  console.error
    Warning: Invalid hook call. Hooks can only be called inside of the body of a function component. This could happen for one of the following reasons:
    1. You might have mismatching versions of React and the renderer (such as React DOM)
    2. You might be breaking the Rules of Hooks
    3. You might have more than one copy of React in the same app
    See https://reactjs.org/link/invalid-hook-call for tips about how to debug and fix this problem.

    [0m [90m 10 |[39m
     [90m 11 |[39m   [90m// Ejemplo de tiempo real con Supabase (equipos)[39m
    [31m[1m>[22m[39m[90m 12 |[39m   [33mReact[39m[33m.[39museEffect(() [33m=>[39m {
     [90m    |[39m         [31m[1m^[22m[39m
     [90m 13 |[39m     [36mconst[39m subscription [33m=[39m supabase
     [90m 14 |[39m       [33m.[39mchannel([32m'equipos-changes'[39m)
     [90m 15 |[39m       [33m.[39mon([32m'postgres_changes'[39m[33m,[39m { event[33m:[39m [32m'*'[39m[33m,[39m schema[33m:[39m [32m'public'[39m[33m,[39m table[33m:[39m [32m'equipos'[39m }[33m,[39m payload [33m=>[39m {[0m

      at printWarning (node_modules/react/cjs/react.development.js:209:30)
      at error (node_modules/react/cjs/react.development.js:183:7)
      at resolveDispatcher (node_modules/react/cjs/react.development.js:1592:7)
      at Object.useEffect (node_modules/react/cjs/react.development.js:1633:20)
      at Object.useEffect (src/pages/EquipoDetallePage.jsx:12:9)
      at Object.require (src/pages/__tests__/EquipoDetallePage.test.jsx:4:1)

  console.warn
    ÔÜá´©Å React Router Future Flag Warning: React Router will begin wrapping state updates in `React.startTransition` in v7. You can use the `v7_startTransition` future flag to opt-in early. For more information, see https://reactrouter.com/v6/upgrading/future#v7_starttransition.

    [0m [90m 31 |[39m describe([32m'Simulaci├│n completa EquiposPage'[39m[33m,[39m () [33m=>[39m {
     [90m 32 |[39m   it([32m'simula clicks en los botones principales de EquiposPage'[39m[33m,[39m [36masync[39m () [33m=>[39m {
    [31m[1m>[22m[39m[90m 33 |[39m     [36mconst[39m { findByText[33m,[39m queryByText } [33m=[39m render(
     [90m    |[39m                                               [31m[1m^[22m[39m
     [90m 34 |[39m       [33m<[39m[33mAuthContext[39m[33m.[39m[33mProvider[39m value[33m=[39m{mockAuthValue}[33m>[39m
     [90m 35 |[39m         [33m<[39m[33mMemoryRouter[39m[33m>[39m
     [90m 36 |[39m           [33m<[39m[33mEquiposPage[39m [33m/[39m[33m>[39m[0m

      at warn (node_modules/react-router/lib/deprecations.ts:9:13)
      at warnOnce (node_modules/react-router/lib/deprecations.ts:14:3)
      at logDeprecation (node_modules/react-router/lib/deprecations.ts:26:5)
      at logV6DeprecationWarnings (node_modules/react-router/lib/components.tsx:257:25)
      at commitHookEffectListMount (node_modules/react-dom/cjs/react-dom.development.js:23189:26)
      at commitPassiveMountOnFiber (node_modules/react-dom/cjs/react-dom.development.js:24970:11)
      at commitPassiveMountEffects_complete (node_modules/react-dom/cjs/react-dom.development.js:24930:9)
      at commitPassiveMountEffects_begin (node_modules/react-dom/cjs/react-dom.development.js:24917:7)
      at commitPassiveMountEffects (node_modules/react-dom/cjs/react-dom.development.js:24905:3)
      at flushPassiveEffectsImpl (node_modules/react-dom/cjs/react-dom.development.js:27078:3)
      at flushPassiveEffects (node_modules/react-dom/cjs/react-dom.development.js:27023:14)
      at node_modules/react-dom/cjs/react-dom.development.js:26808:9
      at flushActQueue (node_modules/react/cjs/react.development.js:2667:24)
      at act (node_modules/react/cjs/react.development.js:2582:11)
      at node_modules/@testing-library/react/dist/act-compat.js:47:25
      at renderRoot (node_modules/@testing-library/react/dist/pure.js:180:26)
      at render (node_modules/@testing-library/react/dist/pure.js:271:10)
      at src/pages/__tests__/EquiposPage.test.jsx:33:47
      at Generator.call (src/pages/__tests__/EquiposPage.test.jsx:2:1)
      at Generator._invoke [as next] (src/pages/__tests__/EquiposPage.test.jsx:2:1)
      at asyncGeneratorStep (src/pages/__tests__/EquiposPage.test.jsx:2:1)
      at asyncGeneratorStep (src/pages/__tests__/EquiposPage.test.jsx:2:1)
      at _next (src/pages/__tests__/EquiposPage.test.jsx:2:1)
      at Object.<anonymous> (src/pages/__tests__/EquiposPage.test.jsx:2:1)

  console.warn
    ÔÜá´©Å React Router Future Flag Warning: Relative route resolution within Splat routes is changing in v7. You can use the `v7_relativeSplatPath` future flag to opt-in early. For more information, see https://reactrouter.com/v6/upgrading/future#v7_relativesplatpath.

    [0m [90m 31 |[39m describe([32m'Simulaci├│n completa EquiposPage'[39m[33m,[39m () [33m=>[39m {
     [90m 32 |[39m   it([32m'simula clicks en los botones principales de EquiposPage'[39m[33m,[39m [36masync[39m () [33m=>[39m {
    [31m[1m>[22m[39m[90m 33 |[39m     [36mconst[39m { findByText[33m,[39m queryByText } [33m=[39m render(
     [90m    |[39m                                               [31m[1m^[22m[39m
     [90m 34 |[39m       [33m<[39m[33mAuthContext[39m[33m.[39m[33mProvider[39m value[33m=[39m{mockAuthValue}[33m>[39m
     [90m 35 |[39m         [33m<[39m[33mMemoryRouter[39m[33m>[39m
     [90m 36 |[39m           [33m<[39m[33mEquiposPage[39m [33m/[39m[33m>[39m[0m

      at warn (node_modules/react-router/lib/deprecations.ts:9:13)
      at warnOnce (node_modules/react-router/lib/deprecations.ts:14:3)
      at logDeprecation (node_modules/react-router/lib/deprecations.ts:37:5)
      at logV6DeprecationWarnings (node_modules/react-router/lib/components.tsx:257:25)
      at commitHookEffectListMount (node_modules/react-dom/cjs/react-dom.development.js:23189:26)
      at commitPassiveMountOnFiber (node_modules/react-dom/cjs/react-dom.development.js:24970:11)
      at commitPassiveMountEffects_complete (node_modules/react-dom/cjs/react-dom.development.js:24930:9)
      at commitPassiveMountEffects_begin (node_modules/react-dom/cjs/react-dom.development.js:24917:7)
      at commitPassiveMountEffects (node_modules/react-dom/cjs/react-dom.development.js:24905:3)
      at flushPassiveEffectsImpl (node_modules/react-dom/cjs/react-dom.development.js:27078:3)
      at flushPassiveEffects (node_modules/react-dom/cjs/react-dom.development.js:27023:14)
      at node_modules/react-dom/cjs/react-dom.development.js:26808:9
      at flushActQueue (node_modules/react/cjs/react.development.js:2667:24)
      at act (node_modules/react/cjs/react.development.js:2582:11)
      at node_modules/@testing-library/react/dist/act-compat.js:47:25
      at renderRoot (node_modules/@testing-library/react/dist/pure.js:180:26)
      at render (node_modules/@testing-library/react/dist/pure.js:271:10)
      at src/pages/__tests__/EquiposPage.test.jsx:33:47
      at Generator.call (src/pages/__tests__/EquiposPage.test.jsx:2:1)
      at Generator._invoke [as next] (src/pages/__tests__/EquiposPage.test.jsx:2:1)
      at asyncGeneratorStep (src/pages/__tests__/EquiposPage.test.jsx:2:1)
      at asyncGeneratorStep (src/pages/__tests__/EquiposPage.test.jsx:2:1)
      at _next (src/pages/__tests__/EquiposPage.test.jsx:2:1)
      at Object.<anonymous> (src/pages/__tests__/EquiposPage.test.jsx:2:1)

  console.error
    Warning: Invalid hook call. Hooks can only be called inside of the body of a function component. This could happen for one of the following reasons:
    1. You might have mismatching versions of React and the renderer (such as React DOM)
    2. You might be breaking the Rules of Hooks
    3. You might have more than one copy of React in the same app
    See https://reactjs.org/link/invalid-hook-call for tips about how to debug and fix this problem.

    [0m [90m 10 |[39m
     [90m 11 |[39m   [90m// Ejemplo de tiempo real con Supabase (partidos)[39m
    [31m[1m>[22m[39m[90m 12 |[39m   [33mReact[39m[33m.[39museEffect(() [33m=>[39m {
     [90m    |[39m         [31m[1m^[22m[39m
     [90m 13 |[39m     [36mconst[39m subscription [33m=[39m supabase
     [90m 14 |[39m       [33m.[39mchannel([32m'partidos-changes'[39m)
     [90m 15 |[39m       [33m.[39mon([32m'postgres_changes'[39m[33m,[39m { event[33m:[39m [32m'*'[39m[33m,[39m schema[33m:[39m [32m'public'[39m[33m,[39m table[33m:[39m [32m'partidos'[39m }[33m,[39m payload [33m=>[39m {[0m

      at printWarning (node_modules/react/cjs/react.development.js:209:30)
      at error (node_modules/react/cjs/react.development.js:183:7)
      at resolveDispatcher (node_modules/react/cjs/react.development.js:1592:7)
      at Object.useEffect (node_modules/react/cjs/react.development.js:1633:20)
      at Object.useEffect (src/pages/PartidoDetalle.jsx:12:9)
      at Object.require (src/pages/__tests__/PartidoDetalle.test.jsx:6:1)

  console.warn
    ÔÜá´©Å React Router Future Flag Warning: React Router will begin wrapping state updates in `React.startTransition` in v7. You can use the `v7_startTransition` future flag to opt-in early. For more information, see https://reactrouter.com/v6/upgrading/future#v7_starttransition.

    [0m [90m 22 |[39m   menuItems[33m.[39mforEach(item [33m=>[39m {
     [90m 23 |[39m     test([32m`Bot├│n y p├ígina: ${item.label}`[39m[33m,[39m () [33m=>[39m {
    [31m[1m>[22m[39m[90m 24 |[39m       render(
     [90m    |[39m             [31m[1m^[22m[39m
     [90m 25 |[39m         [33m<[39m[33mMemoryRouter[39m initialEntries[33m=[39m{[item[33m.[39mpath]}[33m>[39m
     [90m 26 |[39m           [33m<[39m[33mSidebarMenu[39m [33m/[39m[33m>[39m
     [90m 27 |[39m           [33m<[39m[33mAppRouter[39m [33m/[39m[33m>[39m[0m

      at warn (node_modules/react-router/lib/deprecations.ts:9:13)
      at warnOnce (node_modules/react-router/lib/deprecations.ts:14:3)
      at logDeprecation (node_modules/react-router/lib/deprecations.ts:26:5)
      at logV6DeprecationWarnings (node_modules/react-router/lib/components.tsx:257:25)
      at commitHookEffectListMount (node_modules/react-dom/cjs/react-dom.development.js:23189:26)
      at commitPassiveMountOnFiber (node_modules/react-dom/cjs/react-dom.development.js:24970:11)
      at commitPassiveMountEffects_complete (node_modules/react-dom/cjs/react-dom.development.js:24930:9)
      at commitPassiveMountEffects_begin (node_modules/react-dom/cjs/react-dom.development.js:24917:7)
      at commitPassiveMountEffects (node_modules/react-dom/cjs/react-dom.development.js:24905:3)
      at flushPassiveEffectsImpl (node_modules/react-dom/cjs/react-dom.development.js:27078:3)
      at flushPassiveEffects (node_modules/react-dom/cjs/react-dom.development.js:27023:14)
      at node_modules/react-dom/cjs/react-dom.development.js:26808:9
      at flushActQueue (node_modules/react/cjs/react.development.js:2667:24)
      at act (node_modules/react/cjs/react.development.js:2582:11)
      at node_modules/@testing-library/react/dist/act-compat.js:47:25
      at renderRoot (node_modules/@testing-library/react/dist/pure.js:180:26)
      at render (node_modules/@testing-library/react/dist/pure.js:271:10)
      at Object.<anonymous> (testing/layout.test.js:24:13)

  console.warn
    ÔÜá´©Å React Router Future Flag Warning: Relative route resolution within Splat routes is changing in v7. You can use the `v7_relativeSplatPath` future flag to opt-in early. For more information, see https://reactrouter.com/v6/upgrading/future#v7_relativesplatpath.

    [0m [90m 22 |[39m   menuItems[33m.[39mforEach(item [33m=>[39m {
     [90m 23 |[39m     test([32m`Bot├│n y p├ígina: ${item.label}`[39m[33m,[39m () [33m=>[39m {
    [31m[1m>[22m[39m[90m 24 |[39m       render(
     [90m    |[39m             [31m[1m^[22m[39m
     [90m 25 |[39m         [33m<[39m[33mMemoryRouter[39m initialEntries[33m=[39m{[item[33m.[39mpath]}[33m>[39m
     [90m 26 |[39m           [33m<[39m[33mSidebarMenu[39m [33m/[39m[33m>[39m
     [90m 27 |[39m           [33m<[39m[33mAppRouter[39m [33m/[39m[33m>[39m[0m

      at warn (node_modules/react-router/lib/deprecations.ts:9:13)
      at warnOnce (node_modules/react-router/lib/deprecations.ts:14:3)
      at logDeprecation (node_modules/react-router/lib/deprecations.ts:37:5)
      at logV6DeprecationWarnings (node_modules/react-router/lib/components.tsx:257:25)
      at commitHookEffectListMount (node_modules/react-dom/cjs/react-dom.development.js:23189:26)
      at commitPassiveMountOnFiber (node_modules/react-dom/cjs/react-dom.development.js:24970:11)
      at commitPassiveMountEffects_complete (node_modules/react-dom/cjs/react-dom.development.js:24930:9)
      at commitPassiveMountEffects_begin (node_modules/react-dom/cjs/react-dom.development.js:24917:7)
      at commitPassiveMountEffects (node_modules/react-dom/cjs/react-dom.development.js:24905:3)
      at flushPassiveEffectsImpl (node_modules/react-dom/cjs/react-dom.development.js:27078:3)
      at flushPassiveEffects (node_modules/react-dom/cjs/react-dom.development.js:27023:14)
      at node_modules/react-dom/cjs/react-dom.development.js:26808:9
      at flushActQueue (node_modules/react/cjs/react.development.js:2667:24)
      at act (node_modules/react/cjs/react.development.js:2582:11)
      at node_modules/@testing-library/react/dist/act-compat.js:47:25
      at renderRoot (node_modules/@testing-library/react/dist/pure.js:180:26)
      at render (node_modules/@testing-library/react/dist/pure.js:271:10)
      at Object.<anonymous> (testing/layout.test.js:24:13)

  console.log
    ­ƒÅå AchievementManager inicializado

      at new log (src/services/AchievementManager.js:24:17)

  console.log
    ­ƒôè AnalyticsManager inicializado

      at new log (src/services/AnalyticsManager.js:24:17)

  console.error
    Warning: Invalid hook call. Hooks can only be called inside of the body of a function component. This could happen for one of the following reasons:
    1. You might have mismatching versions of React and the renderer (such as React DOM)
    2. You might be breaking the Rules of Hooks
    3. You might have more than one copy of React in the same app
    See https://reactjs.org/link/invalid-hook-call for tips about how to debug and fix this problem.

    [0m [90m 10 |[39m
     [90m 11 |[39m   [90m// Ejemplo de tiempo real con Supabase (partidos)[39m
    [31m[1m>[22m[39m[90m 12 |[39m   [33mReact[39m[33m.[39museEffect(() [33m=>[39m {
     [90m    |[39m         [31m[1m^[22m[39m
     [90m 13 |[39m     [36mconst[39m subscription [33m=[39m supabase
     [90m 14 |[39m       [33m.[39mchannel([32m'partidos-changes'[39m)
     [90m 15 |[39m       [33m.[39mon([32m'postgres_changes'[39m[33m,[39m { event[33m:[39m [32m'*'[39m[33m,[39m schema[33m:[39m [32m'public'[39m[33m,[39m table[33m:[39m [32m'partidos'[39m }[33m,[39m payload [33m=>[39m {[0m

      at printWarning (node_modules/react/cjs/react.development.js:209:30)
      at error (node_modules/react/cjs/react.development.js:183:7)
      at resolveDispatcher (node_modules/react/cjs/react.development.js:1592:7)
      at Object.useEffect (node_modules/react/cjs/react.development.js:1633:20)
      at Object.useEffect (src/pages/PartidoDetalle.jsx:12:9)
      at Object.require (src/pages/PartidoDetalle.test.jsx:3:1)

  console.warn
    ÔÜá´©Å React Router Future Flag Warning: React Router will begin wrapping state updates in `React.startTransition` in v7. You can use the `v7_startTransition` future flag to opt-in early. For more information, see https://reactrouter.com/v6/upgrading/future#v7_starttransition.

    [0m [90m 16 |[39m     [36mconst[39m mockUser [33m=[39m { id[33m:[39m [35m1[39m[33m,[39m email[33m:[39m [32m'test@futpro.com'[39m[33m,[39m role[33m:[39m [32m'player'[39m }[33m;[39m
     [90m 17 |[39m     [36mconst[39m contextValue [33m=[39m { user[33m:[39m mockUser[33m,[39m role[33m:[39m [32m'player'[39m[33m,[39m equipoId[33m:[39m [35m1[39m[33m,[39m loading[33m:[39m [36mfalse[39m[33m,[39m error[33m:[39m [36mnull[39m }[33m;[39m
    [31m[1m>[22m[39m[90m 18 |[39m     [36mconst[39m { findByText } [33m=[39m render(
     [90m    |[39m                                  [31m[1m^[22m[39m
     [90m 19 |[39m       [33m<[39m[33mAuthContext[39m[33m.[39m[33mProvider[39m value[33m=[39m{contextValue}[33m>[39m
     [90m 20 |[39m         [33m<[39m[33mMemoryRouter[39m[33m>[39m
     [90m 21 |[39m           [33m<[39m[33mPaymentsPage[39m [33m/[39m[33m>[39m[0m

      at warn (node_modules/react-router/lib/deprecations.ts:9:13)
      at warnOnce (node_modules/react-router/lib/deprecations.ts:14:3)
      at logDeprecation (node_modules/react-router/lib/deprecations.ts:26:5)
      at logV6DeprecationWarnings (node_modules/react-router/lib/components.tsx:257:25)
      at commitHookEffectListMount (node_modules/react-dom/cjs/react-dom.development.js:23189:26)
      at commitPassiveMountOnFiber (node_modules/react-dom/cjs/react-dom.development.js:24970:11)
      at commitPassiveMountEffects_complete (node_modules/react-dom/cjs/react-dom.development.js:24930:9)
      at commitPassiveMountEffects_begin (node_modules/react-dom/cjs/react-dom.development.js:24917:7)
      at commitPassiveMountEffects (node_modules/react-dom/cjs/react-dom.development.js:24905:3)
      at flushPassiveEffectsImpl (node_modules/react-dom/cjs/react-dom.development.js:27078:3)
      at flushPassiveEffects (node_modules/react-dom/cjs/react-dom.development.js:27023:14)
      at node_modules/react-dom/cjs/react-dom.development.js:26808:9
      at flushActQueue (node_modules/react/cjs/react.development.js:2667:24)
      at act (node_modules/react/cjs/react.development.js:2582:11)
      at node_modules/@testing-library/react/dist/act-compat.js:47:25
      at renderRoot (node_modules/@testing-library/react/dist/pure.js:180:26)
      at render (node_modules/@testing-library/react/dist/pure.js:271:10)
      at src/pages/__tests__/PaymentsPage.test.jsx:18:34
      at Generator.call (src/pages/__tests__/PaymentsPage.test.jsx:2:1)
      at Generator._invoke [as next] (src/pages/__tests__/PaymentsPage.test.jsx:2:1)
      at asyncGeneratorStep (src/pages/__tests__/PaymentsPage.test.jsx:2:1)
      at asyncGeneratorStep (src/pages/__tests__/PaymentsPage.test.jsx:2:1)
      at _next (src/pages/__tests__/PaymentsPage.test.jsx:2:1)
      at Object.<anonymous> (src/pages/__tests__/PaymentsPage.test.jsx:2:1)

  console.warn
    ÔÜá´©Å React Router Future Flag Warning: Relative route resolution within Splat routes is changing in v7. You can use the `v7_relativeSplatPath` future flag to opt-in early. For more information, see https://reactrouter.com/v6/upgrading/future#v7_relativesplatpath.

    [0m [90m 16 |[39m     [36mconst[39m mockUser [33m=[39m { id[33m:[39m [35m1[39m[33m,[39m email[33m:[39m [32m'test@futpro.com'[39m[33m,[39m role[33m:[39m [32m'player'[39m }[33m;[39m
     [90m 17 |[39m     [36mconst[39m contextValue [33m=[39m { user[33m:[39m mockUser[33m,[39m role[33m:[39m [32m'player'[39m[33m,[39m equipoId[33m:[39m [35m1[39m[33m,[39m loading[33m:[39m [36mfalse[39m[33m,[39m error[33m:[39m [36mnull[39m }[33m;[39m
    [31m[1m>[22m[39m[90m 18 |[39m     [36mconst[39m { findByText } [33m=[39m render(
     [90m    |[39m                                  [31m[1m^[22m[39m
     [90m 19 |[39m       [33m<[39m[33mAuthContext[39m[33m.[39m[33mProvider[39m value[33m=[39m{contextValue}[33m>[39m
     [90m 20 |[39m         [33m<[39m[33mMemoryRouter[39m[33m>[39m
     [90m 21 |[39m           [33m<[39m[33mPaymentsPage[39m [33m/[39m[33m>[39m[0m

      at warn (node_modules/react-router/lib/deprecations.ts:9:13)
      at warnOnce (node_modules/react-router/lib/deprecations.ts:14:3)
      at logDeprecation (node_modules/react-router/lib/deprecations.ts:37:5)
      at logV6DeprecationWarnings (node_modules/react-router/lib/components.tsx:257:25)
      at commitHookEffectListMount (node_modules/react-dom/cjs/react-dom.development.js:23189:26)
      at commitPassiveMountOnFiber (node_modules/react-dom/cjs/react-dom.development.js:24970:11)
      at commitPassiveMountEffects_complete (node_modules/react-dom/cjs/react-dom.development.js:24930:9)
      at commitPassiveMountEffects_begin (node_modules/react-dom/cjs/react-dom.development.js:24917:7)
      at commitPassiveMountEffects (node_modules/react-dom/cjs/react-dom.development.js:24905:3)
      at flushPassiveEffectsImpl (node_modules/react-dom/cjs/react-dom.development.js:27078:3)
      at flushPassiveEffects (node_modules/react-dom/cjs/react-dom.development.js:27023:14)
      at node_modules/react-dom/cjs/react-dom.development.js:26808:9
      at flushActQueue (node_modules/react/cjs/react.development.js:2667:24)
      at act (node_modules/react/cjs/react.development.js:2582:11)
      at node_modules/@testing-library/react/dist/act-compat.js:47:25
      at renderRoot (node_modules/@testing-library/react/dist/pure.js:180:26)
      at render (node_modules/@testing-library/react/dist/pure.js:271:10)
      at src/pages/__tests__/PaymentsPage.test.jsx:18:34
      at Generator.call (src/pages/__tests__/PaymentsPage.test.jsx:2:1)
      at Generator._invoke [as next] (src/pages/__tests__/PaymentsPage.test.jsx:2:1)
      at asyncGeneratorStep (src/pages/__tests__/PaymentsPage.test.jsx:2:1)
      at asyncGeneratorStep (src/pages/__tests__/PaymentsPage.test.jsx:2:1)
      at _next (src/pages/__tests__/PaymentsPage.test.jsx:2:1)
      at Object.<anonymous> (src/pages/__tests__/PaymentsPage.test.jsx:2:1)

  console.error
    Warning: React.createElement: type is invalid -- expected a string (for built-in components) or a class/function (for composite components) but got: undefined. You likely forgot to export your component from the file it's defined in, or you might have mixed up default and named imports.
    
    Check the render method of `UsuarioDetallePage`.
        at UsuarioDetallePage (C:\Users\lenovo\Desktop\futpro2.0\src\pages\UsuarioDetallePage.jsx:10:36)

    [0m [90m 27 |[39m       [33m<[39m[33maside[39m style[33m=[39m{{ width[33m:[39m [35m220[39m[33m,[39m background[33m:[39m black[33m,[39m borderRight[33m:[39m [32m`2px solid ${gold}`[39m[33m,[39m padding[33m:[39m [35m24[39m }}[33m>[39m
     [90m 28 |[39m         [33m<[39m[33mh2[39m style[33m=[39m{{ color[33m:[39m gold }}[33m>[39m[33mUsuario[39m[33m<[39m[33m/[39m[33mh2[39m[33m>[39m
    [31m[1m>[22m[39m[90m 29 |[39m   [33m<[39m[33mButton[39m style[33m=[39m{{ background[33m:[39m gold[33m,[39m color[33m:[39m black[33m,[39m border[33m:[39m [32m'none'[39m[33m,[39m borderRadius[33m:[39m [35m8[39m[33m,[39m padding[33m:[39m [32m'10px 18px'[39m[33m,[39m fontWeight[33m:[39m [32m'bold'[39m[33m,[39m width[33m:[39m [32m'100%'[39m[33m,[39m marginBottom[33m:[39m [35m12[39m[33m,[39m transition[33m:[39m [32m'background 0.3s, color 0.3s'[39m }} onClick[33m=[39m{() [33m=>[39m window[33m.[39mlocation[33m.[39mreload()}[33m>[39m[33mActualizar[39m[33m<[39m[33m/[39m[33mButton[39m[33m>[39m
     [90m    |[39m   [31m[1m^[22m[39m
     [90m 30 |[39m   [33m<[39m[33mButton[39m style[33m=[39m{{ background[33m:[39m gold[33m,[39m color[33m:[39m black[33m,[39m border[33m:[39m [32m'none'[39m[33m,[39m borderRadius[33m:[39m [35m8[39m[33m,[39m padding[33m:[39m [32m'10px 18px'[39m[33m,[39m fontWeight[33m:[39m [32m'bold'[39m[33m,[39m width[33m:[39m [32m'100%'[39m[33m,[39m marginBottom[33m:[39m [35m12[39m[33m,[39m transition[33m:[39m [32m'background 0.3s, color 0.3s'[39m }} onClick[33m=[39m{() [33m=>[39m window[33m.[39mlocation[33m.[39mhref [33m=[39m [32m'/usuarios'[39m}[33m>[39m[33mVolver[39m a lista[33m<[39m[33m/[39m[33mButton[39m[33m>[39m
     [90m 31 |[39m       [33m<[39m[33m/[39m[33maside[39m[33m>[39m
     [90m 32 |[39m       [33m<[39m[33mmain[39m style[33m=[39m{{ flex[33m:[39m [35m1[39m[33m,[39m padding[33m:[39m [35m32[39m[33m,[39m background[33m:[39m black }}[33m>[39m[0m

      at printWarning (node_modules/react/cjs/react.development.js:209:30)
      at error (node_modules/react/cjs/react.development.js:183:7)
      at Object.createElementWithValidation [as createElement] (node_modules/react/cjs/react.development.js:2354:7)
      at createElement (src/pages/UsuarioDetallePage.jsx:29:3)
      at renderWithHooks (node_modules/react-dom/cjs/react-dom.development.js:15486:18)
      at mountIndeterminateComponent (node_modules/react-dom/cjs/react-dom.development.js:20103:13)
      at beginWork (node_modules/react-dom/cjs/react-dom.development.js:21626:16)
      at beginWork$1 (node_modules/react-dom/cjs/react-dom.development.js:27465:14)
      at performUnitOfWork (node_modules/react-dom/cjs/react-dom.development.js:26599:12)
      at workLoopSync (node_modules/react-dom/cjs/react-dom.development.js:26505:5)
      at renderRootSync (node_modules/react-dom/cjs/react-dom.development.js:26473:7)
      at performConcurrentWorkOnRoot (node_modules/react-dom/cjs/react-dom.development.js:25777:74)
      at flushActQueue (node_modules/react/cjs/react.development.js:2667:24)
      at act (node_modules/react/cjs/react.development.js:2582:11)
      at node_modules/@testing-library/react/dist/act-compat.js:47:25
      at renderRoot (node_modules/@testing-library/react/dist/pure.js:180:26)
      at render (node_modules/@testing-library/react/dist/pure.js:271:10)
      at src/pages/__tests__/UsuarioDetallePage.test.jsx:31:36
      at Generator.call (src/pages/__tests__/UsuarioDetallePage.test.jsx:2:1)
      at Generator._invoke [as next] (src/pages/__tests__/UsuarioDetallePage.test.jsx:2:1)
      at asyncGeneratorStep (src/pages/__tests__/UsuarioDetallePage.test.jsx:2:1)
      at asyncGeneratorStep (src/pages/__tests__/UsuarioDetallePage.test.jsx:2:1)
      at _next (src/pages/__tests__/UsuarioDetallePage.test.jsx:2:1)
      at Object.<anonymous> (src/pages/__tests__/UsuarioDetallePage.test.jsx:2:1)

  console.error
    Warning: React.createElement: type is invalid -- expected a string (for built-in components) or a class/function (for composite components) but got: undefined. You likely forgot to export your component from the file it's defined in, or you might have mixed up default and named imports.
    
    Check the render method of `UsuarioDetallePage`.
        at UsuarioDetallePage (C:\Users\lenovo\Desktop\futpro2.0\src\pages\UsuarioDetallePage.jsx:10:36)

    [0m [90m 28 |[39m         [33m<[39m[33mh2[39m style[33m=[39m{{ color[33m:[39m gold }}[33m>[39m[33mUsuario[39m[33m<[39m[33m/[39m[33mh2[39m[33m>[39m
     [90m 29 |[39m   [33m<[39m[33mButton[39m style[33m=[39m{{ background[33m:[39m gold[33m,[39m color[33m:[39m black[33m,[39m border[33m:[39m [32m'none'[39m[33m,[39m borderRadius[33m:[39m [35m8[39m[33m,[39m padding[33m:[39m [32m'10px 18px'[39m[33m,[39m fontWeight[33m:[39m [32m'bold'[39m[33m,[39m width[33m:[39m [32m'100%'[39m[33m,[39m marginBottom[33m:[39m [35m12[39m[33m,[39m transition[33m:[39m [32m'background 0.3s, color 0.3s'[39m }} onClick[33m=[39m{() [33m=>[39m window[33m.[39mlocation[33m.[39mreload()}[33m>[39m[33mActualizar[39m[33m<[39m[33m/[39m[33mButton[39m[33m>[39m
    [31m[1m>[22m[39m[90m 30 |[39m   [33m<[39m[33mButton[39m style[33m=[39m{{ background[33m:[39m gold[33m,[39m color[33m:[39m black[33m,[39m border[33m:[39m [32m'none'[39m[33m,[39m borderRadius[33m:[39m [35m8[39m[33m,[39m padding[33m:[39m [32m'10px 18px'[39m[33m,[39m fontWeight[33m:[39m [32m'bold'[39m[33m,[39m width[33m:[39m [32m'100%'[39m[33m,[39m marginBottom[33m:[39m [35m12[39m[33m,[39m transition[33m:[39m [32m'background 0.3s, color 0.3s'[39m }} onClick[33m=[39m{() [33m=>[39m window[33m.[39mlocation[33m.[39mhref [33m=[39m [32m'/usuarios'[39m}[33m>[39m[33mVolver[39m a lista[33m<[39m[33m/[39m[33mButton[39m[33m>[39m
     [90m    |[39m   [31m[1m^[22m[39m
     [90m 31 |[39m       [33m<[39m[33m/[39m[33maside[39m[33m>[39m
     [90m 32 |[39m       [33m<[39m[33mmain[39m style[33m=[39m{{ flex[33m:[39m [35m1[39m[33m,[39m padding[33m:[39m [35m32[39m[33m,[39m background[33m:[39m black }}[33m>[39m
     [90m 33 |[39m         [33m<[39m[33mdiv[39m style[33m=[39m{{ background[33m:[39m gold[33m,[39m color[33m:[39m black[33m,[39m borderRadius[33m:[39m [35m16[39m[33m,[39m padding[33m:[39m [35m32[39m[33m,[39m boxShadow[33m:[39m [32m'0 2px 12px #0006'[39m[33m,[39m maxWidth[33m:[39m [35m800[39m[33m,[39m margin[33m:[39m [32m'0 auto'[39m }}[33m>[39m[0m

      at printWarning (node_modules/react/cjs/react.development.js:209:30)
      at error (node_modules/react/cjs/react.development.js:183:7)
      at Object.createElementWithValidation [as createElement] (node_modules/react/cjs/react.development.js:2354:7)
      at createElement (src/pages/UsuarioDetallePage.jsx:30:3)
      at renderWithHooks (node_modules/react-dom/cjs/react-dom.development.js:15486:18)
      at mountIndeterminateComponent (node_modules/react-dom/cjs/react-dom.development.js:20103:13)
      at beginWork (node_modules/react-dom/cjs/react-dom.development.js:21626:16)
      at beginWork$1 (node_modules/react-dom/cjs/react-dom.development.js:27465:14)
      at performUnitOfWork (node_modules/react-dom/cjs/react-dom.development.js:26599:12)
      at workLoopSync (node_modules/react-dom/cjs/react-dom.development.js:26505:5)
      at renderRootSync (node_modules/react-dom/cjs/react-dom.development.js:26473:7)
      at performConcurrentWorkOnRoot (node_modules/react-dom/cjs/react-dom.development.js:25777:74)
      at flushActQueue (node_modules/react/cjs/react.development.js:2667:24)
      at act (node_modules/react/cjs/react.development.js:2582:11)
      at node_modules/@testing-library/react/dist/act-compat.js:47:25
      at renderRoot (node_modules/@testing-library/react/dist/pure.js:180:26)
      at render (node_modules/@testing-library/react/dist/pure.js:271:10)
      at src/pages/__tests__/UsuarioDetallePage.test.jsx:31:36
      at Generator.call (src/pages/__tests__/UsuarioDetallePage.test.jsx:2:1)
      at Generator._invoke [as next] (src/pages/__tests__/UsuarioDetallePage.test.jsx:2:1)
      at asyncGeneratorStep (src/pages/__tests__/UsuarioDetallePage.test.jsx:2:1)
      at asyncGeneratorStep (src/pages/__tests__/UsuarioDetallePage.test.jsx:2:1)
      at _next (src/pages/__tests__/UsuarioDetallePage.test.jsx:2:1)
      at Object.<anonymous> (src/pages/__tests__/UsuarioDetallePage.test.jsx:2:1)

  console.error
    Warning: React.createElement: type is invalid -- expected a string (for built-in components) or a class/function (for composite components) but got: undefined. You likely forgot to export your component from the file it's defined in, or you might have mixed up default and named imports.
    
    Check the render method of `UsuarioDetallePage`.
        at UsuarioDetallePage (C:\Users\lenovo\Desktop\futpro2.0\src\pages\UsuarioDetallePage.jsx:10:36)

    [0m [90m 50 |[39m       [33m<[39m[33maside[39m style[33m=[39m{{ width[33m:[39m [35m220[39m[33m,[39m background[33m:[39m black[33m,[39m borderLeft[33m:[39m [32m`2px solid ${gold}`[39m[33m,[39m padding[33m:[39m [35m24[39m }}[33m>[39m
     [90m 51 |[39m         [33m<[39m[33mh2[39m style[33m=[39m{{ color[33m:[39m gold }}[33m>[39m[33mAcciones[39m r├ípidas[33m<[39m[33m/[39m[33mh2[39m[33m>[39m
    [31m[1m>[22m[39m[90m 52 |[39m   [33m<[39m[33mButton[39m style[33m=[39m{{ background[33m:[39m gold[33m,[39m color[33m:[39m black[33m,[39m border[33m:[39m [32m'none'[39m[33m,[39m borderRadius[33m:[39m [35m8[39m[33m,[39m padding[33m:[39m [32m'10px 18px'[39m[33m,[39m fontWeight[33m:[39m [32m'bold'[39m[33m,[39m width[33m:[39m [32m'100%'[39m[33m,[39m marginBottom[33m:[39m [35m12[39m[33m,[39m transition[33m:[39m [32m'background 0.3s, color 0.3s'[39m }} onClick[33m=[39m{() [33m=>[39m window[33m.[39mlocation[33m.[39mhref [33m=[39m [32m'/actividad'[39m}[33m>[39m[33mVer[39m actividad[33m<[39m[33m/[39m[33mButton[39m[33m>[39m
     [90m    |[39m   [31m[1m^[22m[39m
     [90m 53 |[39m   [33m<[39m[33mButton[39m style[33m=[39m{{ background[33m:[39m gold[33m,[39m color[33m:[39m black[33m,[39m border[33m:[39m [32m'none'[39m[33m,[39m borderRadius[33m:[39m [35m8[39m[33m,[39m padding[33m:[39m [32m'10px 18px'[39m[33m,[39m fontWeight[33m:[39m [32m'bold'[39m[33m,[39m width[33m:[39m [32m'100%'[39m[33m,[39m marginBottom[33m:[39m [35m12[39m[33m,[39m transition[33m:[39m [32m'background 0.3s, color 0.3s'[39m }} onClick[33m=[39m{() [33m=>[39m window[33m.[39mlocation[33m.[39mhref [33m=[39m [32m'/reportes'[39m}[33m>[39m[33mVer[39m reportes[33m<[39m[33m/[39m[33mButton[39m[33m>[39m
     [90m 54 |[39m       [33m<[39m[33m/[39m[33maside[39m[33m>[39m
     [90m 55 |[39m     [33m<[39m[33m/[39m[33mdiv[39m[33m>[39m[0m

      at printWarning (node_modules/react/cjs/react.development.js:209:30)
      at error (node_modules/react/cjs/react.development.js:183:7)
      at Object.createElementWithValidation [as createElement] (node_modules/react/cjs/react.development.js:2354:7)
      at createElement (src/pages/UsuarioDetallePage.jsx:52:3)
      at renderWithHooks (node_modules/react-dom/cjs/react-dom.development.js:15486:18)
      at mountIndeterminateComponent (node_modules/react-dom/cjs/react-dom.development.js:20103:13)
      at beginWork (node_modules/react-dom/cjs/react-dom.development.js:21626:16)
      at beginWork$1 (node_modules/react-dom/cjs/react-dom.development.js:27465:14)
      at performUnitOfWork (node_modules/react-dom/cjs/react-dom.development.js:26599:12)
      at workLoopSync (node_modules/react-dom/cjs/react-dom.development.js:26505:5)
      at renderRootSync (node_modules/react-dom/cjs/react-dom.development.js:26473:7)
      at performConcurrentWorkOnRoot (node_modules/react-dom/cjs/react-dom.development.js:25777:74)
      at flushActQueue (node_modules/react/cjs/react.development.js:2667:24)
      at act (node_modules/react/cjs/react.development.js:2582:11)
      at node_modules/@testing-library/react/dist/act-compat.js:47:25
      at renderRoot (node_modules/@testing-library/react/dist/pure.js:180:26)
      at render (node_modules/@testing-library/react/dist/pure.js:271:10)
      at src/pages/__tests__/UsuarioDetallePage.test.jsx:31:36
      at Generator.call (src/pages/__tests__/UsuarioDetallePage.test.jsx:2:1)
      at Generator._invoke [as next] (src/pages/__tests__/UsuarioDetallePage.test.jsx:2:1)
      at asyncGeneratorStep (src/pages/__tests__/UsuarioDetallePage.test.jsx:2:1)
      at asyncGeneratorStep (src/pages/__tests__/UsuarioDetallePage.test.jsx:2:1)
      at _next (src/pages/__tests__/UsuarioDetallePage.test.jsx:2:1)
      at Object.<anonymous> (src/pages/__tests__/UsuarioDetallePage.test.jsx:2:1)

  console.error
    Warning: React.createElement: type is invalid -- expected a string (for built-in components) or a class/function (for composite components) but got: undefined. You likely forgot to export your component from the file it's defined in, or you might have mixed up default and named imports.
    
    Check the render method of `UsuarioDetallePage`.
        at UsuarioDetallePage (C:\Users\lenovo\Desktop\futpro2.0\src\pages\UsuarioDetallePage.jsx:10:36)

    [0m [90m 51 |[39m         [33m<[39m[33mh2[39m style[33m=[39m{{ color[33m:[39m gold }}[33m>[39m[33mAcciones[39m r├ípidas[33m<[39m[33m/[39m[33mh2[39m[33m>[39m
     [90m 52 |[39m   [33m<[39m[33mButton[39m style[33m=[39m{{ background[33m:[39m gold[33m,[39m color[33m:[39m black[33m,[39m border[33m:[39m [32m'none'[39m[33m,[39m borderRadius[33m:[39m [35m8[39m[33m,[39m padding[33m:[39m [32m'10px 18px'[39m[33m,[39m fontWeight[33m:[39m [32m'bold'[39m[33m,[39m width[33m:[39m [32m'100%'[39m[33m,[39m marginBottom[33m:[39m [35m12[39m[33m,[39m transition[33m:[39m [32m'background 0.3s, color 0.3s'[39m }} onClick[33m=[39m{() [33m=>[39m window[33m.[39mlocation[33m.[39mhref [33m=[39m [32m'/actividad'[39m}[33m>[39m[33mVer[39m actividad[33m<[39m[33m/[39m[33mButton[39m[33m>[39m
    [31m[1m>[22m[39m[90m 53 |[39m   [33m<[39m[33mButton[39m style[33m=[39m{{ background[33m:[39m gold[33m,[39m color[33m:[39m black[33m,[39m border[33m:[39m [32m'none'[39m[33m,[39m borderRadius[33m:[39m [35m8[39m[33m,[39m padding[33m:[39m [32m'10px 18px'[39m[33m,[39m fontWeight[33m:[39m [32m'bold'[39m[33m,[39m width[33m:[39m [32m'100%'[39m[33m,[39m marginBottom[33m:[39m [35m12[39m[33m,[39m transition[33m:[39m [32m'background 0.3s, color 0.3s'[39m }} onClick[33m=[39m{() [33m=>[39m window[33m.[39mlocation[33m.[39mhref [33m=[39m [32m'/reportes'[39m}[33m>[39m[33mVer[39m reportes[33m<[39m[33m/[39m[33mButton[39m[33m>[39m
     [90m    |[39m   [31m[1m^[22m[39m
     [90m 54 |[39m       [33m<[39m[33m/[39m[33maside[39m[33m>[39m
     [90m 55 |[39m     [33m<[39m[33m/[39m[33mdiv[39m[33m>[39m
     [90m 56 |[39m   )[33m;[39m[0m

      at printWarning (node_modules/react/cjs/react.development.js:209:30)
      at error (node_modules/react/cjs/react.development.js:183:7)
      at Object.createElementWithValidation [as createElement] (node_modules/react/cjs/react.development.js:2354:7)
      at createElement (src/pages/UsuarioDetallePage.jsx:53:3)
      at renderWithHooks (node_modules/react-dom/cjs/react-dom.development.js:15486:18)
      at mountIndeterminateComponent (node_modules/react-dom/cjs/react-dom.development.js:20103:13)
      at beginWork (node_modules/react-dom/cjs/react-dom.development.js:21626:16)
      at beginWork$1 (node_modules/react-dom/cjs/react-dom.development.js:27465:14)
      at performUnitOfWork (node_modules/react-dom/cjs/react-dom.development.js:26599:12)
      at workLoopSync (node_modules/react-dom/cjs/react-dom.development.js:26505:5)
      at renderRootSync (node_modules/react-dom/cjs/react-dom.development.js:26473:7)
      at performConcurrentWorkOnRoot (node_modules/react-dom/cjs/react-dom.development.js:25777:74)
      at flushActQueue (node_modules/react/cjs/react.development.js:2667:24)
      at act (node_modules/react/cjs/react.development.js:2582:11)
      at node_modules/@testing-library/react/dist/act-compat.js:47:25
      at renderRoot (node_modules/@testing-library/react/dist/pure.js:180:26)
      at render (node_modules/@testing-library/react/dist/pure.js:271:10)
      at src/pages/__tests__/UsuarioDetallePage.test.jsx:31:36
      at Generator.call (src/pages/__tests__/UsuarioDetallePage.test.jsx:2:1)
      at Generator._invoke [as next] (src/pages/__tests__/UsuarioDetallePage.test.jsx:2:1)
      at asyncGeneratorStep (src/pages/__tests__/UsuarioDetallePage.test.jsx:2:1)
      at asyncGeneratorStep (src/pages/__tests__/UsuarioDetallePage.test.jsx:2:1)
      at _next (src/pages/__tests__/UsuarioDetallePage.test.jsx:2:1)
      at Object.<anonymous> (src/pages/__tests__/UsuarioDetallePage.test.jsx:2:1)

  console.error
    Error: Uncaught [Error: Element type is invalid: expected a string (for built-in components) or a class/function (for composite components) but got: undefined. You likely forgot to export your component from the file it's defined in, or you might have mixed up default and named imports.
    
    Check the render method of `UsuarioDetallePage`.]
        at reportException (C:\Users\lenovo\Desktop\futpro2.0\node_modules\jsdom\lib\jsdom\living\helpers\runtime-script-errors.js:66:24)
        at innerInvokeEventListeners (C:\Users\lenovo\Desktop\futpro2.0\node_modules\jsdom\lib\jsdom\living\events\EventTarget-impl.js:353:9)
        at invokeEventListeners (C:\Users\lenovo\Desktop\futpro2.0\node_modules\jsdom\lib\jsdom\living\events\EventTarget-impl.js:286:3)
        at HTMLUnknownElementImpl._dispatch (C:\Users\lenovo\Desktop\futpro2.0\node_modules\jsdom\lib\jsdom\living\events\EventTarget-impl.js:233:9)
        at HTMLUnknownElementImpl.dispatchEvent (C:\Users\lenovo\Desktop\futpro2.0\node_modules\jsdom\lib\jsdom\living\events\EventTarget-impl.js:104:17)
        at HTMLUnknownElement.dispatchEvent (C:\Users\lenovo\Desktop\futpro2.0\node_modules\jsdom\lib\jsdom\living\generated\EventTarget.js:241:34)
        at Object.invokeGuardedCallbackDev (C:\Users\lenovo\Desktop\futpro2.0\node_modules\react-dom\cjs\react-dom.development.js:4213:16)
        at invokeGuardedCallback (C:\Users\lenovo\Desktop\futpro2.0\node_modules\react-dom\cjs\react-dom.development.js:4277:31)
        at beginWork$1 (C:\Users\lenovo\Desktop\futpro2.0\node_modules\react-dom\cjs\react-dom.development.js:27490:7)
        at performUnitOfWork (C:\Users\lenovo\Desktop\futpro2.0\node_modules\react-dom\cjs\react-dom.development.js:26599:12)
        at workLoopSync (C:\Users\lenovo\Desktop\futpro2.0\node_modules\react-dom\cjs\react-dom.development.js:26505:5)
        at renderRootSync (C:\Users\lenovo\Desktop\futpro2.0\node_modules\react-dom\cjs\react-dom.development.js:26473:7)
        at performConcurrentWorkOnRoot (C:\Users\lenovo\Desktop\futpro2.0\node_modules\react-dom\cjs\react-dom.development.js:25777:74)
        at flushActQueue (C:\Users\lenovo\Desktop\futpro2.0\node_modules\react\cjs\react.development.js:2667:24)
        at act (C:\Users\lenovo\Desktop\futpro2.0\node_modules\react\cjs\react.development.js:2582:11)
        at C:\Users\lenovo\Desktop\futpro2.0\node_modules\@testing-library\react\dist\act-compat.js:47:25
        at renderRoot (C:\Users\lenovo\Desktop\futpro2.0\node_modules\@testing-library\react\dist\pure.js:180:26)
        at render (C:\Users\lenovo\Desktop\futpro2.0\node_modules\@testing-library\react\dist\pure.js:271:10)
        at C:\Users\lenovo\Desktop\futpro2.0\src\pages\__tests__\UsuarioDetallePage.test.jsx:31:36
        at Generator.call (C:\Users\lenovo\Desktop\futpro2.0\src\pages\__tests__\UsuarioDetallePage.test.jsx:2:1)
        at Generator._invoke [as next] (C:\Users\lenovo\Desktop\futpro2.0\src\pages\__tests__\UsuarioDetallePage.test.jsx:2:1)
        at asyncGeneratorStep (C:\Users\lenovo\Desktop\futpro2.0\src\pages\__tests__\UsuarioDetallePage.test.jsx:2:1)
        at asyncGeneratorStep (C:\Users\lenovo\Desktop\futpro2.0\src\pages\__tests__\UsuarioDetallePage.test.jsx:2:1)
        at _next (C:\Users\lenovo\Desktop\futpro2.0\src\pages\__tests__\UsuarioDetallePage.test.jsx:2:1)
        at new Promise (<anonymous>)
        at Object.<anonymous> (C:\Users\lenovo\Desktop\futpro2.0\src\pages\__tests__\UsuarioDetallePage.test.jsx:2:1)
        at Promise.finally.completed (C:\Users\lenovo\Desktop\futpro2.0\node_modules\jest-circus\build\jestAdapterInit.js:1559:28)
        at new Promise (<anonymous>)
        at callAsyncCircusFn (C:\Users\lenovo\Desktop\futpro2.0\node_modules\jest-circus\build\jestAdapterInit.js:1499:10)
        at _callCircusTest (C:\Users\lenovo\Desktop\futpro2.0\node_modules\jest-circus\build\jestAdapterInit.js:1009:40)
        at _runTest (C:\Users\lenovo\Desktop\futpro2.0\node_modules\jest-circus\build\jestAdapterInit.js:949:3)
        at _runTestsForDescribeBlock (C:\Users\lenovo\Desktop\futpro2.0\node_modules\jest-circus\build\jestAdapterInit.js:839:13)
        at _runTestsForDescribeBlock (C:\Users\lenovo\Desktop\futpro2.0\node_modules\jest-circus\build\jestAdapterInit.js:829:11)
        at run (C:\Users\lenovo\Desktop\futpro2.0\node_modules\jest-circus\build\jestAdapterInit.js:757:3)
        at runAndTransformResultsToJestFormat (C:\Users\lenovo\Desktop\futpro2.0\node_modules\jest-circus\build\jestAdapterInit.js:1920:21)
        at jestAdapter (C:\Users\lenovo\Desktop\futpro2.0\node_modules\jest-circus\build\runner.js:101:19)
        at runTestInternal (C:\Users\lenovo\Desktop\futpro2.0\node_modules\jest-runner\build\index.js:275:16)
        at runTest (C:\Users\lenovo\Desktop\futpro2.0\node_modules\jest-runner\build\index.js:343:7) {
      detail: Error: Element type is invalid: expected a string (for built-in components) or a class/function (for composite components) but got: undefined. You likely forgot to export your component from the file it's defined in, or you might have mixed up default and named imports.
      
      Check the render method of `UsuarioDetallePage`.
          at createFiberFromTypeAndProps (C:\Users\lenovo\Desktop\futpro2.0\node_modules\react-dom\cjs\react-dom.development.js:28478:17)
          at createFiberFromElement (C:\Users\lenovo\Desktop\futpro2.0\node_modules\react-dom\cjs\react-dom.development.js:28504:15)
          at createChild (C:\Users\lenovo\Desktop\futpro2.0\node_modules\react-dom\cjs\react-dom.development.js:13345:28)
          at reconcileChildrenArray (C:\Users\lenovo\Desktop\futpro2.0\node_modules\react-dom\cjs\react-dom.development.js:13640:25)
          at reconcileChildFibers (C:\Users\lenovo\Desktop\futpro2.0\node_modules\react-dom\cjs\react-dom.development.js:14057:16)
          at reconcileChildren (C:\Users\lenovo\Desktop\futpro2.0\node_modules\react-dom\cjs\react-dom.development.js:19186:28)
          at updateHostComponent (C:\Users\lenovo\Desktop\futpro2.0\node_modules\react-dom\cjs\react-dom.development.js:19953:3)
          at beginWork (C:\Users\lenovo\Desktop\futpro2.0\node_modules\react-dom\cjs\react-dom.development.js:21657:14)
          at HTMLUnknownElement.callCallback (C:\Users\lenovo\Desktop\futpro2.0\node_modules\react-dom\cjs\react-dom.development.js:4164:14)
          at HTMLUnknownElement.callTheUserObjectsOperation (C:\Users\lenovo\Desktop\futpro2.0\node_modules\jsdom\lib\jsdom\living\generated\EventListener.js:26:30)
          at innerInvokeEventListeners (C:\Users\lenovo\Desktop\futpro2.0\node_modules\jsdom\lib\jsdom\living\events\EventTarget-impl.js:350:25)
          at invokeEventListeners (C:\Users\lenovo\Desktop\futpro2.0\node_modules\jsdom\lib\jsdom\living\events\EventTarget-impl.js:286:3)
          at HTMLUnknownElementImpl._dispatch (C:\Users\lenovo\Desktop\futpro2.0\node_modules\jsdom\lib\jsdom\living\events\EventTarget-impl.js:233:9)
          at HTMLUnknownElementImpl.dispatchEvent (C:\Users\lenovo\Desktop\futpro2.0\node_modules\jsdom\lib\jsdom\living\events\EventTarget-impl.js:104:17)
          at HTMLUnknownElement.dispatchEvent (C:\Users\lenovo\Desktop\futpro2.0\node_modules\jsdom\lib\jsdom\living\generated\EventTarget.js:241:34)
          at Object.invokeGuardedCallbackDev (C:\Users\lenovo\Desktop\futpro2.0\node_modules\react-dom\cjs\react-dom.development.js:4213:16)
          at invokeGuardedCallback (C:\Users\lenovo\Desktop\futpro2.0\node_modules\react-dom\cjs\react-dom.development.js:4277:31)
          at beginWork$1 (C:\Users\lenovo\Desktop\futpro2.0\node_modules\react-dom\cjs\react-dom.development.js:27490:7)
          at performUnitOfWork (C:\Users\lenovo\Desktop\futpro2.0\node_modules\react-dom\cjs\react-dom.development.js:26599:12)
          at workLoopSync (C:\Users\lenovo\Desktop\futpro2.0\node_modules\react-dom\cjs\react-dom.development.js:26505:5)
          at renderRootSync (C:\Users\lenovo\Desktop\futpro2.0\node_modules\react-dom\cjs\react-dom.development.js:26473:7)
          at performConcurrentWorkOnRoot (C:\Users\lenovo\Desktop\futpro2.0\node_modules\react-dom\cjs\react-dom.development.js:25777:74)
          at flushActQueue (C:\Users\lenovo\Desktop\futpro2.0\node_modules\react\cjs\react.development.js:2667:24)
          at act (C:\Users\lenovo\Desktop\futpro2.0\node_modules\react\cjs\react.development.js:2582:11)
          at C:\Users\lenovo\Desktop\futpro2.0\node_modules\@testing-library\react\dist\act-compat.js:47:25
          at renderRoot (C:\Users\lenovo\Desktop\futpro2.0\node_modules\@testing-library\react\dist\pure.js:180:26)
          at render (C:\Users\lenovo\Desktop\futpro2.0\node_modules\@testing-library\react\dist\pure.js:271:10)
          at C:\Users\lenovo\Desktop\futpro2.0\src\pages\__tests__\UsuarioDetallePage.test.jsx:31:36
          at Generator.call (C:\Users\lenovo\Desktop\futpro2.0\src\pages\__tests__\UsuarioDetallePage.test.jsx:2:1)
          at Generator._invoke [as next] (C:\Users\lenovo\Desktop\futpro2.0\src\pages\__tests__\UsuarioDetallePage.test.jsx:2:1)
          at asyncGeneratorStep (C:\Users\lenovo\Desktop\futpro2.0\src\pages\__tests__\UsuarioDetallePage.test.jsx:2:1)
          at asyncGeneratorStep (C:\Users\lenovo\Desktop\futpro2.0\src\pages\__tests__\UsuarioDetallePage.test.jsx:2:1)
          at _next (C:\Users\lenovo\Desktop\futpro2.0\src\pages\__tests__\UsuarioDetallePage.test.jsx:2:1)
          at new Promise (<anonymous>)
          at Object.<anonymous> (C:\Users\lenovo\Desktop\futpro2.0\src\pages\__tests__\UsuarioDetallePage.test.jsx:2:1)
          at Promise.finally.completed (C:\Users\lenovo\Desktop\futpro2.0\node_modules\jest-circus\build\jestAdapterInit.js:1559:28)
          at new Promise (<anonymous>)
          at callAsyncCircusFn (C:\Users\lenovo\Desktop\futpro2.0\node_modules\jest-circus\build\jestAdapterInit.js:1499:10)
          at _callCircusTest (C:\Users\lenovo\Desktop\futpro2.0\node_modules\jest-circus\build\jestAdapterInit.js:1009:40)
          at _runTest (C:\Users\lenovo\Desktop\futpro2.0\node_modules\jest-circus\build\jestAdapterInit.js:949:3)
          at _runTestsForDescribeBlock (C:\Users\lenovo\Desktop\futpro2.0\node_modules\jest-circus\build\jestAdapterInit.js:839:13)
          at _runTestsForDescribeBlock (C:\Users\lenovo\Desktop\futpro2.0\node_modules\jest-circus\build\jestAdapterInit.js:829:11)
          at run (C:\Users\lenovo\Desktop\futpro2.0\node_modules\jest-circus\build\jestAdapterInit.js:757:3)
          at runAndTransformResultsToJestFormat (C:\Users\lenovo\Desktop\futpro2.0\node_modules\jest-circus\build\jestAdapterInit.js:1920:21)
          at jestAdapter (C:\Users\lenovo\Desktop\futpro2.0\node_modules\jest-circus\build\runner.js:101:19)
          at runTestInternal (C:\Users\lenovo\Desktop\futpro2.0\node_modules\jest-runner\build\index.js:275:16)
          at runTest (C:\Users\lenovo\Desktop\futpro2.0\node_modules\jest-runner\build\index.js:343:7),
      type: 'unhandled exception'
    }

    [0m [90m 29 |[39m describe([32m'UsuarioDetallePage'[39m[33m,[39m () [33m=>[39m {
     [90m 30 |[39m   it([32m'simula clicks en todos los botones y navegaci├│n'[39m[33m,[39m [36masync[39m () [33m=>[39m {
    [31m[1m>[22m[39m[90m 31 |[39m       [36mconst[39m { findByText } [33m=[39m render(
     [90m    |[39m                                    [31m[1m^[22m[39m
     [90m 32 |[39m         [33m<[39m[33mAuthContext[39m[33m.[39m[33mProvider[39m value[33m=[39m{{ user[33m:[39m { id[33m:[39m [35m1[39m }[33m,[39m role[33m:[39m [32m'admin'[39m }}[33m>[39m
     [90m 33 |[39m           [33m<[39m[33mUsuarioDetallePage[39m [33m/[39m[33m>[39m
     [90m 34 |[39m         [33m<[39m[33m/[39m[33mAuthContext[39m[33m.[39m[33mProvider[39m[33m>[39m[0m

      at VirtualConsole.<anonymous> (node_modules/@jest/environment-jsdom-abstract/build/index.js:78:23)
      at reportException (node_modules/jsdom/lib/jsdom/living/helpers/runtime-script-errors.js:70:28)
      at innerInvokeEventListeners (node_modules/jsdom/lib/jsdom/living/events/EventTarget-impl.js:353:9)
      at invokeEventListeners (node_modules/jsdom/lib/jsdom/living/events/EventTarget-impl.js:286:3)
      at HTMLUnknownElementImpl._dispatch (node_modules/jsdom/lib/jsdom/living/events/EventTarget-impl.js:233:9)
      at HTMLUnknownElementImpl.dispatchEvent (node_modules/jsdom/lib/jsdom/living/events/EventTarget-impl.js:104:17)
      at HTMLUnknownElement.dispatchEvent (node_modules/jsdom/lib/jsdom/living/generated/EventTarget.js:241:34)
      at Object.invokeGuardedCallbackDev (node_modules/react-dom/cjs/react-dom.development.js:4213:16)
      at invokeGuardedCallback (node_modules/react-dom/cjs/react-dom.development.js:4277:31)
      at beginWork$1 (node_modules/react-dom/cjs/react-dom.development.js:27490:7)
      at performUnitOfWork (node_modules/react-dom/cjs/react-dom.development.js:26599:12)
      at workLoopSync (node_modules/react-dom/cjs/react-dom.development.js:26505:5)
      at renderRootSync (node_modules/react-dom/cjs/react-dom.development.js:26473:7)
      at performConcurrentWorkOnRoot (node_modules/react-dom/cjs/react-dom.development.js:25777:74)
      at flushActQueue (node_modules/react/cjs/react.development.js:2667:24)
      at act (node_modules/react/cjs/react.development.js:2582:11)
      at node_modules/@testing-library/react/dist/act-compat.js:47:25
      at renderRoot (node_modules/@testing-library/react/dist/pure.js:180:26)
      at render (node_modules/@testing-library/react/dist/pure.js:271:10)
      at src/pages/__tests__/UsuarioDetallePage.test.jsx:31:36
      at Generator.call (src/pages/__tests__/UsuarioDetallePage.test.jsx:2:1)
      at Generator._invoke [as next] (src/pages/__tests__/UsuarioDetallePage.test.jsx:2:1)
      at asyncGeneratorStep (src/pages/__tests__/UsuarioDetallePage.test.jsx:2:1)
      at asyncGeneratorStep (src/pages/__tests__/UsuarioDetallePage.test.jsx:2:1)
      at _next (src/pages/__tests__/UsuarioDetallePage.test.jsx:2:1)
      at Object.<anonymous> (src/pages/__tests__/UsuarioDetallePage.test.jsx:2:1)

  console.error
    Error: Uncaught [Error: Element type is invalid: expected a string (for built-in components) or a class/function (for composite components) but got: undefined. You likely forgot to export your component from the file it's defined in, or you might have mixed up default and named imports.
    
    Check the render method of `UsuarioDetallePage`.]
        at reportException (C:\Users\lenovo\Desktop\futpro2.0\node_modules\jsdom\lib\jsdom\living\helpers\runtime-script-errors.js:66:24)
        at innerInvokeEventListeners (C:\Users\lenovo\Desktop\futpro2.0\node_modules\jsdom\lib\jsdom\living\events\EventTarget-impl.js:353:9)
        at invokeEventListeners (C:\Users\lenovo\Desktop\futpro2.0\node_modules\jsdom\lib\jsdom\living\events\EventTarget-impl.js:286:3)
        at HTMLUnknownElementImpl._dispatch (C:\Users\lenovo\Desktop\futpro2.0\node_modules\jsdom\lib\jsdom\living\events\EventTarget-impl.js:233:9)
        at HTMLUnknownElementImpl.dispatchEvent (C:\Users\lenovo\Desktop\futpro2.0\node_modules\jsdom\lib\jsdom\living\events\EventTarget-impl.js:104:17)
        at HTMLUnknownElement.dispatchEvent (C:\Users\lenovo\Desktop\futpro2.0\node_modules\jsdom\lib\jsdom\living\generated\EventTarget.js:241:34)
        at Object.invokeGuardedCallbackDev (C:\Users\lenovo\Desktop\futpro2.0\node_modules\react-dom\cjs\react-dom.development.js:4213:16)
        at invokeGuardedCallback (C:\Users\lenovo\Desktop\futpro2.0\node_modules\react-dom\cjs\react-dom.development.js:4277:31)
        at beginWork$1 (C:\Users\lenovo\Desktop\futpro2.0\node_modules\react-dom\cjs\react-dom.development.js:27490:7)
        at performUnitOfWork (C:\Users\lenovo\Desktop\futpro2.0\node_modules\react-dom\cjs\react-dom.development.js:26599:12)
        at workLoopSync (C:\Users\lenovo\Desktop\futpro2.0\node_modules\react-dom\cjs\react-dom.development.js:26505:5)
        at renderRootSync (C:\Users\lenovo\Desktop\futpro2.0\node_modules\react-dom\cjs\react-dom.development.js:26473:7)
        at performConcurrentWorkOnRoot (C:\Users\lenovo\Desktop\futpro2.0\node_modules\react-dom\cjs\react-dom.development.js:25777:74)
        at flushActQueue (C:\Users\lenovo\Desktop\futpro2.0\node_modules\react\cjs\react.development.js:2667:24)
        at act (C:\Users\lenovo\Desktop\futpro2.0\node_modules\react\cjs\react.development.js:2582:11)
        at C:\Users\lenovo\Desktop\futpro2.0\node_modules\@testing-library\react\dist\act-compat.js:47:25
        at renderRoot (C:\Users\lenovo\Desktop\futpro2.0\node_modules\@testing-library\react\dist\pure.js:180:26)
        at render (C:\Users\lenovo\Desktop\futpro2.0\node_modules\@testing-library\react\dist\pure.js:271:10)
        at C:\Users\lenovo\Desktop\futpro2.0\src\pages\__tests__\UsuarioDetallePage.test.jsx:31:36
        at Generator.call (C:\Users\lenovo\Desktop\futpro2.0\src\pages\__tests__\UsuarioDetallePage.test.jsx:2:1)
        at Generator._invoke [as next] (C:\Users\lenovo\Desktop\futpro2.0\src\pages\__tests__\UsuarioDetallePage.test.jsx:2:1)
        at asyncGeneratorStep (C:\Users\lenovo\Desktop\futpro2.0\src\pages\__tests__\UsuarioDetallePage.test.jsx:2:1)
        at asyncGeneratorStep (C:\Users\lenovo\Desktop\futpro2.0\src\pages\__tests__\UsuarioDetallePage.test.jsx:2:1)
        at _next (C:\Users\lenovo\Desktop\futpro2.0\src\pages\__tests__\UsuarioDetallePage.test.jsx:2:1)
        at new Promise (<anonymous>)
        at Object.<anonymous> (C:\Users\lenovo\Desktop\futpro2.0\src\pages\__tests__\UsuarioDetallePage.test.jsx:2:1)
        at Promise.finally.completed (C:\Users\lenovo\Desktop\futpro2.0\node_modules\jest-circus\build\jestAdapterInit.js:1559:28)
        at new Promise (<anonymous>)
        at callAsyncCircusFn (C:\Users\lenovo\Desktop\futpro2.0\node_modules\jest-circus\build\jestAdapterInit.js:1499:10)
        at _callCircusTest (C:\Users\lenovo\Desktop\futpro2.0\node_modules\jest-circus\build\jestAdapterInit.js:1009:40)
        at _runTest (C:\Users\lenovo\Desktop\futpro2.0\node_modules\jest-circus\build\jestAdapterInit.js:949:3)
        at _runTestsForDescribeBlock (C:\Users\lenovo\Desktop\futpro2.0\node_modules\jest-circus\build\jestAdapterInit.js:839:13)
        at _runTestsForDescribeBlock (C:\Users\lenovo\Desktop\futpro2.0\node_modules\jest-circus\build\jestAdapterInit.js:829:11)
        at run (C:\Users\lenovo\Desktop\futpro2.0\node_modules\jest-circus\build\jestAdapterInit.js:757:3)
        at runAndTransformResultsToJestFormat (C:\Users\lenovo\Desktop\futpro2.0\node_modules\jest-circus\build\jestAdapterInit.js:1920:21)
        at jestAdapter (C:\Users\lenovo\Desktop\futpro2.0\node_modules\jest-circus\build\runner.js:101:19)
        at runTestInternal (C:\Users\lenovo\Desktop\futpro2.0\node_modules\jest-runner\build\index.js:275:16)
        at runTest (C:\Users\lenovo\Desktop\futpro2.0\node_modules\jest-runner\build\index.js:343:7) {
      detail: Error: Element type is invalid: expected a string (for built-in components) or a class/function (for composite components) but got: undefined. You likely forgot to export your component from the file it's defined in, or you might have mixed up default and named imports.
      
      Check the render method of `UsuarioDetallePage`.
          at createFiberFromTypeAndProps (C:\Users\lenovo\Desktop\futpro2.0\node_modules\react-dom\cjs\react-dom.development.js:28478:17)
          at createFiberFromElement (C:\Users\lenovo\Desktop\futpro2.0\node_modules\react-dom\cjs\react-dom.development.js:28504:15)
          at createChild (C:\Users\lenovo\Desktop\futpro2.0\node_modules\react-dom\cjs\react-dom.development.js:13345:28)
          at reconcileChildrenArray (C:\Users\lenovo\Desktop\futpro2.0\node_modules\react-dom\cjs\react-dom.development.js:13640:25)
          at reconcileChildFibers (C:\Users\lenovo\Desktop\futpro2.0\node_modules\react-dom\cjs\react-dom.development.js:14057:16)
          at reconcileChildren (C:\Users\lenovo\Desktop\futpro2.0\node_modules\react-dom\cjs\react-dom.development.js:19186:28)
          at updateHostComponent (C:\Users\lenovo\Desktop\futpro2.0\node_modules\react-dom\cjs\react-dom.development.js:19953:3)
          at beginWork (C:\Users\lenovo\Desktop\futpro2.0\node_modules\react-dom\cjs\react-dom.development.js:21657:14)
          at HTMLUnknownElement.callCallback (C:\Users\lenovo\Desktop\futpro2.0\node_modules\react-dom\cjs\react-dom.development.js:4164:14)
          at HTMLUnknownElement.callTheUserObjectsOperation (C:\Users\lenovo\Desktop\futpro2.0\node_modules\jsdom\lib\jsdom\living\generated\EventListener.js:26:30)
          at innerInvokeEventListeners (C:\Users\lenovo\Desktop\futpro2.0\node_modules\jsdom\lib\jsdom\living\events\EventTarget-impl.js:350:25)
          at invokeEventListeners (C:\Users\lenovo\Desktop\futpro2.0\node_modules\jsdom\lib\jsdom\living\events\EventTarget-impl.js:286:3)
          at HTMLUnknownElementImpl._dispatch (C:\Users\lenovo\Desktop\futpro2.0\node_modules\jsdom\lib\jsdom\living\events\EventTarget-impl.js:233:9)
          at HTMLUnknownElementImpl.dispatchEvent (C:\Users\lenovo\Desktop\futpro2.0\node_modules\jsdom\lib\jsdom\living\events\EventTarget-impl.js:104:17)
          at HTMLUnknownElement.dispatchEvent (C:\Users\lenovo\Desktop\futpro2.0\node_modules\jsdom\lib\jsdom\living\generated\EventTarget.js:241:34)
          at Object.invokeGuardedCallbackDev (C:\Users\lenovo\Desktop\futpro2.0\node_modules\react-dom\cjs\react-dom.development.js:4213:16)
          at invokeGuardedCallback (C:\Users\lenovo\Desktop\futpro2.0\node_modules\react-dom\cjs\react-dom.development.js:4277:31)
          at beginWork$1 (C:\Users\lenovo\Desktop\futpro2.0\node_modules\react-dom\cjs\react-dom.development.js:27490:7)
          at performUnitOfWork (C:\Users\lenovo\Desktop\futpro2.0\node_modules\react-dom\cjs\react-dom.development.js:26599:12)
          at workLoopSync (C:\Users\lenovo\Desktop\futpro2.0\node_modules\react-dom\cjs\react-dom.development.js:26505:5)
          at renderRootSync (C:\Users\lenovo\Desktop\futpro2.0\node_modules\react-dom\cjs\react-dom.development.js:26473:7)
          at performConcurrentWorkOnRoot (C:\Users\lenovo\Desktop\futpro2.0\node_modules\react-dom\cjs\react-dom.development.js:25777:74)
          at flushActQueue (C:\Users\lenovo\Desktop\futpro2.0\node_modules\react\cjs\react.development.js:2667:24)
          at act (C:\Users\lenovo\Desktop\futpro2.0\node_modules\react\cjs\react.development.js:2582:11)
          at C:\Users\lenovo\Desktop\futpro2.0\node_modules\@testing-library\react\dist\act-compat.js:47:25
          at renderRoot (C:\Users\lenovo\Desktop\futpro2.0\node_modules\@testing-library\react\dist\pure.js:180:26)
          at render (C:\Users\lenovo\Desktop\futpro2.0\node_modules\@testing-library\react\dist\pure.js:271:10)
          at C:\Users\lenovo\Desktop\futpro2.0\src\pages\__tests__\UsuarioDetallePage.test.jsx:31:36
          at Generator.call (C:\Users\lenovo\Desktop\futpro2.0\src\pages\__tests__\UsuarioDetallePage.test.jsx:2:1)
          at Generator._invoke [as next] (C:\Users\lenovo\Desktop\futpro2.0\src\pages\__tests__\UsuarioDetallePage.test.jsx:2:1)
          at asyncGeneratorStep (C:\Users\lenovo\Desktop\futpro2.0\src\pages\__tests__\UsuarioDetallePage.test.jsx:2:1)
          at asyncGeneratorStep (C:\Users\lenovo\Desktop\futpro2.0\src\pages\__tests__\UsuarioDetallePage.test.jsx:2:1)
          at _next (C:\Users\lenovo\Desktop\futpro2.0\src\pages\__tests__\UsuarioDetallePage.test.jsx:2:1)
          at new Promise (<anonymous>)
          at Object.<anonymous> (C:\Users\lenovo\Desktop\futpro2.0\src\pages\__tests__\UsuarioDetallePage.test.jsx:2:1)
          at Promise.finally.completed (C:\Users\lenovo\Desktop\futpro2.0\node_modules\jest-circus\build\jestAdapterInit.js:1559:28)
          at new Promise (<anonymous>)
          at callAsyncCircusFn (C:\Users\lenovo\Desktop\futpro2.0\node_modules\jest-circus\build\jestAdapterInit.js:1499:10)
          at _callCircusTest (C:\Users\lenovo\Desktop\futpro2.0\node_modules\jest-circus\build\jestAdapterInit.js:1009:40)
          at _runTest (C:\Users\lenovo\Desktop\futpro2.0\node_modules\jest-circus\build\jestAdapterInit.js:949:3)
          at _runTestsForDescribeBlock (C:\Users\lenovo\Desktop\futpro2.0\node_modules\jest-circus\build\jestAdapterInit.js:839:13)
          at _runTestsForDescribeBlock (C:\Users\lenovo\Desktop\futpro2.0\node_modules\jest-circus\build\jestAdapterInit.js:829:11)
          at run (C:\Users\lenovo\Desktop\futpro2.0\node_modules\jest-circus\build\jestAdapterInit.js:757:3)
          at runAndTransformResultsToJestFormat (C:\Users\lenovo\Desktop\futpro2.0\node_modules\jest-circus\build\jestAdapterInit.js:1920:21)
          at jestAdapter (C:\Users\lenovo\Desktop\futpro2.0\node_modules\jest-circus\build\runner.js:101:19)
          at runTestInternal (C:\Users\lenovo\Desktop\futpro2.0\node_modules\jest-runner\build\index.js:275:16)
          at runTest (C:\Users\lenovo\Desktop\futpro2.0\node_modules\jest-runner\build\index.js:343:7),
      type: 'unhandled exception'
    }

    [0m [90m 29 |[39m describe([32m'UsuarioDetallePage'[39m[33m,[39m () [33m=>[39m {
     [90m 30 |[39m   it([32m'simula clicks en todos los botones y navegaci├│n'[39m[33m,[39m [36masync[39m () [33m=>[39m {
    [31m[1m>[22m[39m[90m 31 |[39m       [36mconst[39m { findByText } [33m=[39m render(
     [90m    |[39m                                    [31m[1m^[22m[39m
     [90m 32 |[39m         [33m<[39m[33mAuthContext[39m[33m.[39m[33mProvider[39m value[33m=[39m{{ user[33m:[39m { id[33m:[39m [35m1[39m }[33m,[39m role[33m:[39m [32m'admin'[39m }}[33m>[39m
     [90m 33 |[39m           [33m<[39m[33mUsuarioDetallePage[39m [33m/[39m[33m>[39m
     [90m 34 |[39m         [33m<[39m[33m/[39m[33mAuthContext[39m[33m.[39m[33mProvider[39m[33m>[39m[0m

      at VirtualConsole.<anonymous> (node_modules/@jest/environment-jsdom-abstract/build/index.js:78:23)
      at reportException (node_modules/jsdom/lib/jsdom/living/helpers/runtime-script-errors.js:70:28)
      at innerInvokeEventListeners (node_modules/jsdom/lib/jsdom/living/events/EventTarget-impl.js:353:9)
      at invokeEventListeners (node_modules/jsdom/lib/jsdom/living/events/EventTarget-impl.js:286:3)
      at HTMLUnknownElementImpl._dispatch (node_modules/jsdom/lib/jsdom/living/events/EventTarget-impl.js:233:9)
      at HTMLUnknownElementImpl.dispatchEvent (node_modules/jsdom/lib/jsdom/living/events/EventTarget-impl.js:104:17)
      at HTMLUnknownElement.dispatchEvent (node_modules/jsdom/lib/jsdom/living/generated/EventTarget.js:241:34)
      at Object.invokeGuardedCallbackDev (node_modules/react-dom/cjs/react-dom.development.js:4213:16)
      at invokeGuardedCallback (node_modules/react-dom/cjs/react-dom.development.js:4277:31)
      at beginWork$1 (node_modules/react-dom/cjs/react-dom.development.js:27490:7)
      at performUnitOfWork (node_modules/react-dom/cjs/react-dom.development.js:26599:12)
      at workLoopSync (node_modules/react-dom/cjs/react-dom.development.js:26505:5)
      at renderRootSync (node_modules/react-dom/cjs/react-dom.development.js:26473:7)
      at performConcurrentWorkOnRoot (node_modules/react-dom/cjs/react-dom.development.js:25777:74)
      at flushActQueue (node_modules/react/cjs/react.development.js:2667:24)
      at act (node_modules/react/cjs/react.development.js:2582:11)
      at node_modules/@testing-library/react/dist/act-compat.js:47:25
      at renderRoot (node_modules/@testing-library/react/dist/pure.js:180:26)
      at render (node_modules/@testing-library/react/dist/pure.js:271:10)
      at src/pages/__tests__/UsuarioDetallePage.test.jsx:31:36
      at Generator.call (src/pages/__tests__/UsuarioDetallePage.test.jsx:2:1)
      at Generator._invoke [as next] (src/pages/__tests__/UsuarioDetallePage.test.jsx:2:1)
      at asyncGeneratorStep (src/pages/__tests__/UsuarioDetallePage.test.jsx:2:1)
      at asyncGeneratorStep (src/pages/__tests__/UsuarioDetallePage.test.jsx:2:1)
      at _next (src/pages/__tests__/UsuarioDetallePage.test.jsx:2:1)
      at Object.<anonymous> (src/pages/__tests__/UsuarioDetallePage.test.jsx:2:1)

  console.error
    Warning: React.createElement: type is invalid -- expected a string (for built-in components) or a class/function (for composite components) but got: undefined. You likely forgot to export your component from the file it's defined in, or you might have mixed up default and named imports.
    
    Check the render method of `UsuarioDetallePage`.
        at UsuarioDetallePage (C:\Users\lenovo\Desktop\futpro2.0\src\pages\UsuarioDetallePage.jsx:10:36)

    [0m [90m 27 |[39m       [33m<[39m[33maside[39m style[33m=[39m{{ width[33m:[39m [35m220[39m[33m,[39m background[33m:[39m black[33m,[39m borderRight[33m:[39m [32m`2px solid ${gold}`[39m[33m,[39m padding[33m:[39m [35m24[39m }}[33m>[39m
     [90m 28 |[39m         [33m<[39m[33mh2[39m style[33m=[39m{{ color[33m:[39m gold }}[33m>[39m[33mUsuario[39m[33m<[39m[33m/[39m[33mh2[39m[33m>[39m
    [31m[1m>[22m[39m[90m 29 |[39m   [33m<[39m[33mButton[39m style[33m=[39m{{ background[33m:[39m gold[33m,[39m color[33m:[39m black[33m,[39m border[33m:[39m [32m'none'[39m[33m,[39m borderRadius[33m:[39m [35m8[39m[33m,[39m padding[33m:[39m [32m'10px 18px'[39m[33m,[39m fontWeight[33m:[39m [32m'bold'[39m[33m,[39m width[33m:[39m [32m'100%'[39m[33m,[39m marginBottom[33m:[39m [35m12[39m[33m,[39m transition[33m:[39m [32m'background 0.3s, color 0.3s'[39m }} onClick[33m=[39m{() [33m=>[39m window[33m.[39mlocation[33m.[39mreload()}[33m>[39m[33mActualizar[39m[33m<[39m[33m/[39m[33mButton[39m[33m>[39m
     [90m    |[39m   [31m[1m^[22m[39m
     [90m 30 |[39m   [33m<[39m[33mButton[39m style[33m=[39m{{ background[33m:[39m gold[33m,[39m color[33m:[39m black[33m,[39m border[33m:[39m [32m'none'[39m[33m,[39m borderRadius[33m:[39m [35m8[39m[33m,[39m padding[33m:[39m [32m'10px 18px'[39m[33m,[39m fontWeight[33m:[39m [32m'bold'[39m[33m,[39m width[33m:[39m [32m'100%'[39m[33m,[39m marginBottom[33m:[39m [35m12[39m[33m,[39m transition[33m:[39m [32m'background 0.3s, color 0.3s'[39m }} onClick[33m=[39m{() [33m=>[39m window[33m.[39mlocation[33m.[39mhref [33m=[39m [32m'/usuarios'[39m}[33m>[39m[33mVolver[39m a lista[33m<[39m[33m/[39m[33mButton[39m[33m>[39m
     [90m 31 |[39m       [33m<[39m[33m/[39m[33maside[39m[33m>[39m
     [90m 32 |[39m       [33m<[39m[33mmain[39m style[33m=[39m{{ flex[33m:[39m [35m1[39m[33m,[39m padding[33m:[39m [35m32[39m[33m,[39m background[33m:[39m black }}[33m>[39m[0m

      at printWarning (node_modules/react/cjs/react.development.js:209:30)
      at error (node_modules/react/cjs/react.development.js:183:7)
      at Object.createElementWithValidation [as createElement] (node_modules/react/cjs/react.development.js:2354:7)
      at createElement (src/pages/UsuarioDetallePage.jsx:29:3)
      at renderWithHooks (node_modules/react-dom/cjs/react-dom.development.js:15486:18)
      at mountIndeterminateComponent (node_modules/react-dom/cjs/react-dom.development.js:20103:13)
      at beginWork (node_modules/react-dom/cjs/react-dom.development.js:21626:16)
      at beginWork$1 (node_modules/react-dom/cjs/react-dom.development.js:27465:14)
      at performUnitOfWork (node_modules/react-dom/cjs/react-dom.development.js:26599:12)
      at workLoopSync (node_modules/react-dom/cjs/react-dom.development.js:26505:5)
      at renderRootSync (node_modules/react-dom/cjs/react-dom.development.js:26473:7)
      at recoverFromConcurrentError (node_modules/react-dom/cjs/react-dom.development.js:25889:20)
      at performConcurrentWorkOnRoot (node_modules/react-dom/cjs/react-dom.development.js:25789:22)
      at flushActQueue (node_modules/react/cjs/react.development.js:2667:24)
      at act (node_modules/react/cjs/react.development.js:2582:11)
      at node_modules/@testing-library/react/dist/act-compat.js:47:25
      at renderRoot (node_modules/@testing-library/react/dist/pure.js:180:26)
      at render (node_modules/@testing-library/react/dist/pure.js:271:10)
      at src/pages/__tests__/UsuarioDetallePage.test.jsx:31:36
      at Generator.call (src/pages/__tests__/UsuarioDetallePage.test.jsx:2:1)
      at Generator._invoke [as next] (src/pages/__tests__/UsuarioDetallePage.test.jsx:2:1)
      at asyncGeneratorStep (src/pages/__tests__/UsuarioDetallePage.test.jsx:2:1)
      at asyncGeneratorStep (src/pages/__tests__/UsuarioDetallePage.test.jsx:2:1)
      at _next (src/pages/__tests__/UsuarioDetallePage.test.jsx:2:1)
      at Object.<anonymous> (src/pages/__tests__/UsuarioDetallePage.test.jsx:2:1)

  console.error
    Warning: React.createElement: type is invalid -- expected a string (for built-in components) or a class/function (for composite components) but got: undefined. You likely forgot to export your component from the file it's defined in, or you might have mixed up default and named imports.
    
    Check the render method of `UsuarioDetallePage`.
        at UsuarioDetallePage (C:\Users\lenovo\Desktop\futpro2.0\src\pages\UsuarioDetallePage.jsx:10:36)

    [0m [90m 28 |[39m         [33m<[39m[33mh2[39m style[33m=[39m{{ color[33m:[39m gold }}[33m>[39m[33mUsuario[39m[33m<[39m[33m/[39m[33mh2[39m[33m>[39m
     [90m 29 |[39m   [33m<[39m[33mButton[39m style[33m=[39m{{ background[33m:[39m gold[33m,[39m color[33m:[39m black[33m,[39m border[33m:[39m [32m'none'[39m[33m,[39m borderRadius[33m:[39m [35m8[39m[33m,[39m padding[33m:[39m [32m'10px 18px'[39m[33m,[39m fontWeight[33m:[39m [32m'bold'[39m[33m,[39m width[33m:[39m [32m'100%'[39m[33m,[39m marginBottom[33m:[39m [35m12[39m[33m,[39m transition[33m:[39m [32m'background 0.3s, color 0.3s'[39m }} onClick[33m=[39m{() [33m=>[39m window[33m.[39mlocation[33m.[39mreload()}[33m>[39m[33mActualizar[39m[33m<[39m[33m/[39m[33mButton[39m[33m>[39m
    [31m[1m>[22m[39m[90m 30 |[39m   [33m<[39m[33mButton[39m style[33m=[39m{{ background[33m:[39m gold[33m,[39m color[33m:[39m black[33m,[39m border[33m:[39m [32m'none'[39m[33m,[39m borderRadius[33m:[39m [35m8[39m[33m,[39m padding[33m:[39m [32m'10px 18px'[39m[33m,[39m fontWeight[33m:[39m [32m'bold'[39m[33m,[39m width[33m:[39m [32m'100%'[39m[33m,[39m marginBottom[33m:[39m [35m12[39m[33m,[39m transition[33m:[39m [32m'background 0.3s, color 0.3s'[39m }} onClick[33m=[39m{() [33m=>[39m window[33m.[39mlocation[33m.[39mhref [33m=[39m [32m'/usuarios'[39m}[33m>[39m[33mVolver[39m a lista[33m<[39m[33m/[39m[33mButton[39m[33m>[39m
     [90m    |[39m   [31m[1m^[22m[39m
     [90m 31 |[39m       [33m<[39m[33m/[39m[33maside[39m[33m>[39m
     [90m 32 |[39m       [33m<[39m[33mmain[39m style[33m=[39m{{ flex[33m:[39m [35m1[39m[33m,[39m padding[33m:[39m [35m32[39m[33m,[39m background[33m:[39m black }}[33m>[39m
     [90m 33 |[39m         [33m<[39m[33mdiv[39m style[33m=[39m{{ background[33m:[39m gold[33m,[39m color[33m:[39m black[33m,[39m borderRadius[33m:[39m [35m16[39m[33m,[39m padding[33m:[39m [35m32[39m[33m,[39m boxShadow[33m:[39m [32m'0 2px 12px #0006'[39m[33m,[39m maxWidth[33m:[39m [35m800[39m[33m,[39m margin[33m:[39m [32m'0 auto'[39m }}[33m>[39m[0m

      at printWarning (node_modules/react/cjs/react.development.js:209:30)
      at error (node_modules/react/cjs/react.development.js:183:7)
      at Object.createElementWithValidation [as createElement] (node_modules/react/cjs/react.development.js:2354:7)
      at createElement (src/pages/UsuarioDetallePage.jsx:30:3)
      at renderWithHooks (node_modules/react-dom/cjs/react-dom.development.js:15486:18)
      at mountIndeterminateComponent (node_modules/react-dom/cjs/react-dom.development.js:20103:13)
      at beginWork (node_modules/react-dom/cjs/react-dom.development.js:21626:16)
      at beginWork$1 (node_modules/react-dom/cjs/react-dom.development.js:27465:14)
      at performUnitOfWork (node_modules/react-dom/cjs/react-dom.development.js:26599:12)
      at workLoopSync (node_modules/react-dom/cjs/react-dom.development.js:26505:5)
      at renderRootSync (node_modules/react-dom/cjs/react-dom.development.js:26473:7)
      at recoverFromConcurrentError (node_modules/react-dom/cjs/react-dom.development.js:25889:20)
      at performConcurrentWorkOnRoot (node_modules/react-dom/cjs/react-dom.development.js:25789:22)
      at flushActQueue (node_modules/react/cjs/react.development.js:2667:24)
      at act (node_modules/react/cjs/react.development.js:2582:11)
      at node_modules/@testing-library/react/dist/act-compat.js:47:25
      at renderRoot (node_modules/@testing-library/react/dist/pure.js:180:26)
      at render (node_modules/@testing-library/react/dist/pure.js:271:10)
      at src/pages/__tests__/UsuarioDetallePage.test.jsx:31:36
      at Generator.call (src/pages/__tests__/UsuarioDetallePage.test.jsx:2:1)
      at Generator._invoke [as next] (src/pages/__tests__/UsuarioDetallePage.test.jsx:2:1)
      at asyncGeneratorStep (src/pages/__tests__/UsuarioDetallePage.test.jsx:2:1)
      at asyncGeneratorStep (src/pages/__tests__/UsuarioDetallePage.test.jsx:2:1)
      at _next (src/pages/__tests__/UsuarioDetallePage.test.jsx:2:1)
      at Object.<anonymous> (src/pages/__tests__/UsuarioDetallePage.test.jsx:2:1)

  console.error
    Warning: React.createElement: type is invalid -- expected a string (for built-in components) or a class/function (for composite components) but got: undefined. You likely forgot to export your component from the file it's defined in, or you might have mixed up default and named imports.
    
    Check the render method of `UsuarioDetallePage`.
        at UsuarioDetallePage (C:\Users\lenovo\Desktop\futpro2.0\src\pages\UsuarioDetallePage.jsx:10:36)

    [0m [90m 50 |[39m       [33m<[39m[33maside[39m style[33m=[39m{{ width[33m:[39m [35m220[39m[33m,[39m background[33m:[39m black[33m,[39m borderLeft[33m:[39m [32m`2px solid ${gold}`[39m[33m,[39m padding[33m:[39m [35m24[39m }}[33m>[39m
     [90m 51 |[39m         [33m<[39m[33mh2[39m style[33m=[39m{{ color[33m:[39m gold }}[33m>[39m[33mAcciones[39m r├ípidas[33m<[39m[33m/[39m[33mh2[39m[33m>[39m
    [31m[1m>[22m[39m[90m 52 |[39m   [33m<[39m[33mButton[39m style[33m=[39m{{ background[33m:[39m gold[33m,[39m color[33m:[39m black[33m,[39m border[33m:[39m [32m'none'[39m[33m,[39m borderRadius[33m:[39m [35m8[39m[33m,[39m padding[33m:[39m [32m'10px 18px'[39m[33m,[39m fontWeight[33m:[39m [32m'bold'[39m[33m,[39m width[33m:[39m [32m'100%'[39m[33m,[39m marginBottom[33m:[39m [35m12[39m[33m,[39m transition[33m:[39m [32m'background 0.3s, color 0.3s'[39m }} onClick[33m=[39m{() [33m=>[39m window[33m.[39mlocation[33m.[39mhref [33m=[39m [32m'/actividad'[39m}[33m>[39m[33mVer[39m actividad[33m<[39m[33m/[39m[33mButton[39m[33m>[39m
     [90m    |[39m   [31m[1m^[22m[39m
     [90m 53 |[39m   [33m<[39m[33mButton[39m style[33m=[39m{{ background[33m:[39m gold[33m,[39m color[33m:[39m black[33m,[39m border[33m:[39m [32m'none'[39m[33m,[39m borderRadius[33m:[39m [35m8[39m[33m,[39m padding[33m:[39m [32m'10px 18px'[39m[33m,[39m fontWeight[33m:[39m [32m'bold'[39m[33m,[39m width[33m:[39m [32m'100%'[39m[33m,[39m marginBottom[33m:[39m [35m12[39m[33m,[39m transition[33m:[39m [32m'background 0.3s, color 0.3s'[39m }} onClick[33m=[39m{() [33m=>[39m window[33m.[39mlocation[33m.[39mhref [33m=[39m [32m'/reportes'[39m}[33m>[39m[33mVer[39m reportes[33m<[39m[33m/[39m[33mButton[39m[33m>[39m
     [90m 54 |[39m       [33m<[39m[33m/[39m[33maside[39m[33m>[39m
     [90m 55 |[39m     [33m<[39m[33m/[39m[33mdiv[39m[33m>[39m[0m

      at printWarning (node_modules/react/cjs/react.development.js:209:30)
      at error (node_modules/react/cjs/react.development.js:183:7)
      at Object.createElementWithValidation [as createElement] (node_modules/react/cjs/react.development.js:2354:7)
      at createElement (src/pages/UsuarioDetallePage.jsx:52:3)
      at renderWithHooks (node_modules/react-dom/cjs/react-dom.development.js:15486:18)
      at mountIndeterminateComponent (node_modules/react-dom/cjs/react-dom.development.js:20103:13)
      at beginWork (node_modules/react-dom/cjs/react-dom.development.js:21626:16)
      at beginWork$1 (node_modules/react-dom/cjs/react-dom.development.js:27465:14)
      at performUnitOfWork (node_modules/react-dom/cjs/react-dom.development.js:26599:12)
      at workLoopSync (node_modules/react-dom/cjs/react-dom.development.js:26505:5)
      at renderRootSync (node_modules/react-dom/cjs/react-dom.development.js:26473:7)
      at recoverFromConcurrentError (node_modules/react-dom/cjs/react-dom.development.js:25889:20)
      at performConcurrentWorkOnRoot (node_modules/react-dom/cjs/react-dom.development.js:25789:22)
      at flushActQueue (node_modules/react/cjs/react.development.js:2667:24)
      at act (node_modules/react/cjs/react.development.js:2582:11)
      at node_modules/@testing-library/react/dist/act-compat.js:47:25
      at renderRoot (node_modules/@testing-library/react/dist/pure.js:180:26)
      at render (node_modules/@testing-library/react/dist/pure.js:271:10)
      at src/pages/__tests__/UsuarioDetallePage.test.jsx:31:36
      at Generator.call (src/pages/__tests__/UsuarioDetallePage.test.jsx:2:1)
      at Generator._invoke [as next] (src/pages/__tests__/UsuarioDetallePage.test.jsx:2:1)
      at asyncGeneratorStep (src/pages/__tests__/UsuarioDetallePage.test.jsx:2:1)
      at asyncGeneratorStep (src/pages/__tests__/UsuarioDetallePage.test.jsx:2:1)
      at _next (src/pages/__tests__/UsuarioDetallePage.test.jsx:2:1)
      at Object.<anonymous> (src/pages/__tests__/UsuarioDetallePage.test.jsx:2:1)

  console.error
    Warning: React.createElement: type is invalid -- expected a string (for built-in components) or a class/function (for composite components) but got: undefined. You likely forgot to export your component from the file it's defined in, or you might have mixed up default and named imports.
    
    Check the render method of `UsuarioDetallePage`.
        at UsuarioDetallePage (C:\Users\lenovo\Desktop\futpro2.0\src\pages\UsuarioDetallePage.jsx:10:36)

    [0m [90m 51 |[39m         [33m<[39m[33mh2[39m style[33m=[39m{{ color[33m:[39m gold }}[33m>[39m[33mAcciones[39m r├ípidas[33m<[39m[33m/[39m[33mh2[39m[33m>[39m
     [90m 52 |[39m   [33m<[39m[33mButton[39m style[33m=[39m{{ background[33m:[39m gold[33m,[39m color[33m:[39m black[33m,[39m border[33m:[39m [32m'none'[39m[33m,[39m borderRadius[33m:[39m [35m8[39m[33m,[39m padding[33m:[39m [32m'10px 18px'[39m[33m,[39m fontWeight[33m:[39m [32m'bold'[39m[33m,[39m width[33m:[39m [32m'100%'[39m[33m,[39m marginBottom[33m:[39m [35m12[39m[33m,[39m transition[33m:[39m [32m'background 0.3s, color 0.3s'[39m }} onClick[33m=[39m{() [33m=>[39m window[33m.[39mlocation[33m.[39mhref [33m=[39m [32m'/actividad'[39m}[33m>[39m[33mVer[39m actividad[33m<[39m[33m/[39m[33mButton[39m[33m>[39m
    [31m[1m>[22m[39m[90m 53 |[39m   [33m<[39m[33mButton[39m style[33m=[39m{{ background[33m:[39m gold[33m,[39m color[33m:[39m black[33m,[39m border[33m:[39m [32m'none'[39m[33m,[39m borderRadius[33m:[39m [35m8[39m[33m,[39m padding[33m:[39m [32m'10px 18px'[39m[33m,[39m fontWeight[33m:[39m [32m'bold'[39m[33m,[39m width[33m:[39m [32m'100%'[39m[33m,[39m marginBottom[33m:[39m [35m12[39m[33m,[39m transition[33m:[39m [32m'background 0.3s, color 0.3s'[39m }} onClick[33m=[39m{() [33m=>[39m window[33m.[39mlocation[33m.[39mhref [33m=[39m [32m'/reportes'[39m}[33m>[39m[33mVer[39m reportes[33m<[39m[33m/[39m[33mButton[39m[33m>[39m
     [90m    |[39m   [31m[1m^[22m[39m
     [90m 54 |[39m       [33m<[39m[33m/[39m[33maside[39m[33m>[39m
     [90m 55 |[39m     [33m<[39m[33m/[39m[33mdiv[39m[33m>[39m
     [90m 56 |[39m   )[33m;[39m[0m

      at printWarning (node_modules/react/cjs/react.development.js:209:30)
      at error (node_modules/react/cjs/react.development.js:183:7)
      at Object.createElementWithValidation [as createElement] (node_modules/react/cjs/react.development.js:2354:7)
      at createElement (src/pages/UsuarioDetallePage.jsx:53:3)
      at renderWithHooks (node_modules/react-dom/cjs/react-dom.development.js:15486:18)
      at mountIndeterminateComponent (node_modules/react-dom/cjs/react-dom.development.js:20103:13)
      at beginWork (node_modules/react-dom/cjs/react-dom.development.js:21626:16)
      at beginWork$1 (node_modules/react-dom/cjs/react-dom.development.js:27465:14)
      at performUnitOfWork (node_modules/react-dom/cjs/react-dom.development.js:26599:12)
      at workLoopSync (node_modules/react-dom/cjs/react-dom.development.js:26505:5)
      at renderRootSync (node_modules/react-dom/cjs/react-dom.development.js:26473:7)
      at recoverFromConcurrentError (node_modules/react-dom/cjs/react-dom.development.js:25889:20)
      at performConcurrentWorkOnRoot (node_modules/react-dom/cjs/react-dom.development.js:25789:22)
      at flushActQueue (node_modules/react/cjs/react.development.js:2667:24)
      at act (node_modules/react/cjs/react.development.js:2582:11)
      at node_modules/@testing-library/react/dist/act-compat.js:47:25
      at renderRoot (node_modules/@testing-library/react/dist/pure.js:180:26)
      at render (node_modules/@testing-library/react/dist/pure.js:271:10)
      at src/pages/__tests__/UsuarioDetallePage.test.jsx:31:36
      at Generator.call (src/pages/__tests__/UsuarioDetallePage.test.jsx:2:1)
      at Generator._invoke [as next] (src/pages/__tests__/UsuarioDetallePage.test.jsx:2:1)
      at asyncGeneratorStep (src/pages/__tests__/UsuarioDetallePage.test.jsx:2:1)
      at asyncGeneratorStep (src/pages/__tests__/UsuarioDetallePage.test.jsx:2:1)
      at _next (src/pages/__tests__/UsuarioDetallePage.test.jsx:2:1)
      at Object.<anonymous> (src/pages/__tests__/UsuarioDetallePage.test.jsx:2:1)

  console.error
    Error: Uncaught [Error: Element type is invalid: expected a string (for built-in components) or a class/function (for composite components) but got: undefined. You likely forgot to export your component from the file it's defined in, or you might have mixed up default and named imports.
    
    Check the render method of `UsuarioDetallePage`.]
        at reportException (C:\Users\lenovo\Desktop\futpro2.0\node_modules\jsdom\lib\jsdom\living\helpers\runtime-script-errors.js:66:24)
        at innerInvokeEventListeners (C:\Users\lenovo\Desktop\futpro2.0\node_modules\jsdom\lib\jsdom\living\events\EventTarget-impl.js:353:9)
        at invokeEventListeners (C:\Users\lenovo\Desktop\futpro2.0\node_modules\jsdom\lib\jsdom\living\events\EventTarget-impl.js:286:3)
        at HTMLUnknownElementImpl._dispatch (C:\Users\lenovo\Desktop\futpro2.0\node_modules\jsdom\lib\jsdom\living\events\EventTarget-impl.js:233:9)
        at HTMLUnknownElementImpl.dispatchEvent (C:\Users\lenovo\Desktop\futpro2.0\node_modules\jsdom\lib\jsdom\living\events\EventTarget-impl.js:104:17)
        at HTMLUnknownElement.dispatchEvent (C:\Users\lenovo\Desktop\futpro2.0\node_modules\jsdom\lib\jsdom\living\generated\EventTarget.js:241:34)
        at Object.invokeGuardedCallbackDev (C:\Users\lenovo\Desktop\futpro2.0\node_modules\react-dom\cjs\react-dom.development.js:4213:16)
        at invokeGuardedCallback (C:\Users\lenovo\Desktop\futpro2.0\node_modules\react-dom\cjs\react-dom.development.js:4277:31)
        at beginWork$1 (C:\Users\lenovo\Desktop\futpro2.0\node_modules\react-dom\cjs\react-dom.development.js:27490:7)
        at performUnitOfWork (C:\Users\lenovo\Desktop\futpro2.0\node_modules\react-dom\cjs\react-dom.development.js:26599:12)
        at workLoopSync (C:\Users\lenovo\Desktop\futpro2.0\node_modules\react-dom\cjs\react-dom.development.js:26505:5)
        at renderRootSync (C:\Users\lenovo\Desktop\futpro2.0\node_modules\react-dom\cjs\react-dom.development.js:26473:7)
        at recoverFromConcurrentError (C:\Users\lenovo\Desktop\futpro2.0\node_modules\react-dom\cjs\react-dom.development.js:25889:20)
        at performConcurrentWorkOnRoot (C:\Users\lenovo\Desktop\futpro2.0\node_modules\react-dom\cjs\react-dom.development.js:25789:22)
        at flushActQueue (C:\Users\lenovo\Desktop\futpro2.0\node_modules\react\cjs\react.development.js:2667:24)
        at act (C:\Users\lenovo\Desktop\futpro2.0\node_modules\react\cjs\react.development.js:2582:11)
        at C:\Users\lenovo\Desktop\futpro2.0\node_modules\@testing-library\react\dist\act-compat.js:47:25
        at renderRoot (C:\Users\lenovo\Desktop\futpro2.0\node_modules\@testing-library\react\dist\pure.js:180:26)
        at render (C:\Users\lenovo\Desktop\futpro2.0\node_modules\@testing-library\react\dist\pure.js:271:10)
        at C:\Users\lenovo\Desktop\futpro2.0\src\pages\__tests__\UsuarioDetallePage.test.jsx:31:36
        at Generator.call (C:\Users\lenovo\Desktop\futpro2.0\src\pages\__tests__\UsuarioDetallePage.test.jsx:2:1)
        at Generator._invoke [as next] (C:\Users\lenovo\Desktop\futpro2.0\src\pages\__tests__\UsuarioDetallePage.test.jsx:2:1)
        at asyncGeneratorStep (C:\Users\lenovo\Desktop\futpro2.0\src\pages\__tests__\UsuarioDetallePage.test.jsx:2:1)
        at asyncGeneratorStep (C:\Users\lenovo\Desktop\futpro2.0\src\pages\__tests__\UsuarioDetallePage.test.jsx:2:1)
        at _next (C:\Users\lenovo\Desktop\futpro2.0\src\pages\__tests__\UsuarioDetallePage.test.jsx:2:1)
        at new Promise (<anonymous>)
        at Object.<anonymous> (C:\Users\lenovo\Desktop\futpro2.0\src\pages\__tests__\UsuarioDetallePage.test.jsx:2:1)
        at Promise.finally.completed (C:\Users\lenovo\Desktop\futpro2.0\node_modules\jest-circus\build\jestAdapterInit.js:1559:28)
        at new Promise (<anonymous>)
        at callAsyncCircusFn (C:\Users\lenovo\Desktop\futpro2.0\node_modules\jest-circus\build\jestAdapterInit.js:1499:10)
        at _callCircusTest (C:\Users\lenovo\Desktop\futpro2.0\node_modules\jest-circus\build\jestAdapterInit.js:1009:40)
        at _runTest (C:\Users\lenovo\Desktop\futpro2.0\node_modules\jest-circus\build\jestAdapterInit.js:949:3)
        at _runTestsForDescribeBlock (C:\Users\lenovo\Desktop\futpro2.0\node_modules\jest-circus\build\jestAdapterInit.js:839:13)
        at _runTestsForDescribeBlock (C:\Users\lenovo\Desktop\futpro2.0\node_modules\jest-circus\build\jestAdapterInit.js:829:11)
        at run (C:\Users\lenovo\Desktop\futpro2.0\node_modules\jest-circus\build\jestAdapterInit.js:757:3)
        at runAndTransformResultsToJestFormat (C:\Users\lenovo\Desktop\futpro2.0\node_modules\jest-circus\build\jestAdapterInit.js:1920:21)
        at jestAdapter (C:\Users\lenovo\Desktop\futpro2.0\node_modules\jest-circus\build\runner.js:101:19)
        at runTestInternal (C:\Users\lenovo\Desktop\futpro2.0\node_modules\jest-runner\build\index.js:275:16)
        at runTest (C:\Users\lenovo\Desktop\futpro2.0\node_modules\jest-runner\build\index.js:343:7) {
      detail: Error: Element type is invalid: expected a string (for built-in components) or a class/function (for composite components) but got: undefined. You likely forgot to export your component from the file it's defined in, or you might have mixed up default and named imports.
      
      Check the render method of `UsuarioDetallePage`.
          at createFiberFromTypeAndProps (C:\Users\lenovo\Desktop\futpro2.0\node_modules\react-dom\cjs\react-dom.development.js:28478:17)
          at createFiberFromElement (C:\Users\lenovo\Desktop\futpro2.0\node_modules\react-dom\cjs\react-dom.development.js:28504:15)
          at createChild (C:\Users\lenovo\Desktop\futpro2.0\node_modules\react-dom\cjs\react-dom.development.js:13345:28)
          at reconcileChildrenArray (C:\Users\lenovo\Desktop\futpro2.0\node_modules\react-dom\cjs\react-dom.development.js:13640:25)
          at reconcileChildFibers (C:\Users\lenovo\Desktop\futpro2.0\node_modules\react-dom\cjs\react-dom.development.js:14057:16)
          at reconcileChildren (C:\Users\lenovo\Desktop\futpro2.0\node_modules\react-dom\cjs\react-dom.development.js:19186:28)
          at updateHostComponent (C:\Users\lenovo\Desktop\futpro2.0\node_modules\react-dom\cjs\react-dom.development.js:19953:3)
          at beginWork (C:\Users\lenovo\Desktop\futpro2.0\node_modules\react-dom\cjs\react-dom.development.js:21657:14)
          at HTMLUnknownElement.callCallback (C:\Users\lenovo\Desktop\futpro2.0\node_modules\react-dom\cjs\react-dom.development.js:4164:14)
          at HTMLUnknownElement.callTheUserObjectsOperation (C:\Users\lenovo\Desktop\futpro2.0\node_modules\jsdom\lib\jsdom\living\generated\EventListener.js:26:30)
          at innerInvokeEventListeners (C:\Users\lenovo\Desktop\futpro2.0\node_modules\jsdom\lib\jsdom\living\events\EventTarget-impl.js:350:25)
          at invokeEventListeners (C:\Users\lenovo\Desktop\futpro2.0\node_modules\jsdom\lib\jsdom\living\events\EventTarget-impl.js:286:3)
          at HTMLUnknownElementImpl._dispatch (C:\Users\lenovo\Desktop\futpro2.0\node_modules\jsdom\lib\jsdom\living\events\EventTarget-impl.js:233:9)
          at HTMLUnknownElementImpl.dispatchEvent (C:\Users\lenovo\Desktop\futpro2.0\node_modules\jsdom\lib\jsdom\living\events\EventTarget-impl.js:104:17)
          at HTMLUnknownElement.dispatchEvent (C:\Users\lenovo\Desktop\futpro2.0\node_modules\jsdom\lib\jsdom\living\generated\EventTarget.js:241:34)
          at Object.invokeGuardedCallbackDev (C:\Users\lenovo\Desktop\futpro2.0\node_modules\react-dom\cjs\react-dom.development.js:4213:16)
          at invokeGuardedCallback (C:\Users\lenovo\Desktop\futpro2.0\node_modules\react-dom\cjs\react-dom.development.js:4277:31)
          at beginWork$1 (C:\Users\lenovo\Desktop\futpro2.0\node_modules\react-dom\cjs\react-dom.development.js:27490:7)
          at performUnitOfWork (C:\Users\lenovo\Desktop\futpro2.0\node_modules\react-dom\cjs\react-dom.development.js:26599:12)
          at workLoopSync (C:\Users\lenovo\Desktop\futpro2.0\node_modules\react-dom\cjs\react-dom.development.js:26505:5)
          at renderRootSync (C:\Users\lenovo\Desktop\futpro2.0\node_modules\react-dom\cjs\react-dom.development.js:26473:7)
          at recoverFromConcurrentError (C:\Users\lenovo\Desktop\futpro2.0\node_modules\react-dom\cjs\react-dom.development.js:25889:20)
          at performConcurrentWorkOnRoot (C:\Users\lenovo\Desktop\futpro2.0\node_modules\react-dom\cjs\react-dom.development.js:25789:22)
          at flushActQueue (C:\Users\lenovo\Desktop\futpro2.0\node_modules\react\cjs\react.development.js:2667:24)
          at act (C:\Users\lenovo\Desktop\futpro2.0\node_modules\react\cjs\react.development.js:2582:11)
          at C:\Users\lenovo\Desktop\futpro2.0\node_modules\@testing-library\react\dist\act-compat.js:47:25
          at renderRoot (C:\Users\lenovo\Desktop\futpro2.0\node_modules\@testing-library\react\dist\pure.js:180:26)
          at render (C:\Users\lenovo\Desktop\futpro2.0\node_modules\@testing-library\react\dist\pure.js:271:10)
          at C:\Users\lenovo\Desktop\futpro2.0\src\pages\__tests__\UsuarioDetallePage.test.jsx:31:36
          at Generator.call (C:\Users\lenovo\Desktop\futpro2.0\src\pages\__tests__\UsuarioDetallePage.test.jsx:2:1)
          at Generator._invoke [as next] (C:\Users\lenovo\Desktop\futpro2.0\src\pages\__tests__\UsuarioDetallePage.test.jsx:2:1)
          at asyncGeneratorStep (C:\Users\lenovo\Desktop\futpro2.0\src\pages\__tests__\UsuarioDetallePage.test.jsx:2:1)
          at asyncGeneratorStep (C:\Users\lenovo\Desktop\futpro2.0\src\pages\__tests__\UsuarioDetallePage.test.jsx:2:1)
          at _next (C:\Users\lenovo\Desktop\futpro2.0\src\pages\__tests__\UsuarioDetallePage.test.jsx:2:1)
          at new Promise (<anonymous>)
          at Object.<anonymous> (C:\Users\lenovo\Desktop\futpro2.0\src\pages\__tests__\UsuarioDetallePage.test.jsx:2:1)
          at Promise.finally.completed (C:\Users\lenovo\Desktop\futpro2.0\node_modules\jest-circus\build\jestAdapterInit.js:1559:28)
          at new Promise (<anonymous>)
          at callAsyncCircusFn (C:\Users\lenovo\Desktop\futpro2.0\node_modules\jest-circus\build\jestAdapterInit.js:1499:10)
          at _callCircusTest (C:\Users\lenovo\Desktop\futpro2.0\node_modules\jest-circus\build\jestAdapterInit.js:1009:40)
          at _runTest (C:\Users\lenovo\Desktop\futpro2.0\node_modules\jest-circus\build\jestAdapterInit.js:949:3)
          at _runTestsForDescribeBlock (C:\Users\lenovo\Desktop\futpro2.0\node_modules\jest-circus\build\jestAdapterInit.js:839:13)
          at _runTestsForDescribeBlock (C:\Users\lenovo\Desktop\futpro2.0\node_modules\jest-circus\build\jestAdapterInit.js:829:11)
          at run (C:\Users\lenovo\Desktop\futpro2.0\node_modules\jest-circus\build\jestAdapterInit.js:757:3)
          at runAndTransformResultsToJestFormat (C:\Users\lenovo\Desktop\futpro2.0\node_modules\jest-circus\build\jestAdapterInit.js:1920:21)
          at jestAdapter (C:\Users\lenovo\Desktop\futpro2.0\node_modules\jest-circus\build\runner.js:101:19)
          at runTestInternal (C:\Users\lenovo\Desktop\futpro2.0\node_modules\jest-runner\build\index.js:275:16)
          at runTest (C:\Users\lenovo\Desktop\futpro2.0\node_modules\jest-runner\build\index.js:343:7),
      type: 'unhandled exception'
    }

    [0m [90m 29 |[39m describe([32m'UsuarioDetallePage'[39m[33m,[39m () [33m=>[39m {
     [90m 30 |[39m   it([32m'simula clicks en todos los botones y navegaci├│n'[39m[33m,[39m [36masync[39m () [33m=>[39m {
    [31m[1m>[22m[39m[90m 31 |[39m       [36mconst[39m { findByText } [33m=[39m render(
     [90m    |[39m                                    [31m[1m^[22m[39m
     [90m 32 |[39m         [33m<[39m[33mAuthContext[39m[33m.[39m[33mProvider[39m value[33m=[39m{{ user[33m:[39m { id[33m:[39m [35m1[39m }[33m,[39m role[33m:[39m [32m'admin'[39m }}[33m>[39m
     [90m 33 |[39m           [33m<[39m[33mUsuarioDetallePage[39m [33m/[39m[33m>[39m
     [90m 34 |[39m         [33m<[39m[33m/[39m[33mAuthContext[39m[33m.[39m[33mProvider[39m[33m>[39m[0m

      at VirtualConsole.<anonymous> (node_modules/@jest/environment-jsdom-abstract/build/index.js:78:23)
      at reportException (node_modules/jsdom/lib/jsdom/living/helpers/runtime-script-errors.js:70:28)
      at innerInvokeEventListeners (node_modules/jsdom/lib/jsdom/living/events/EventTarget-impl.js:353:9)
      at invokeEventListeners (node_modules/jsdom/lib/jsdom/living/events/EventTarget-impl.js:286:3)
      at HTMLUnknownElementImpl._dispatch (node_modules/jsdom/lib/jsdom/living/events/EventTarget-impl.js:233:9)
      at HTMLUnknownElementImpl.dispatchEvent (node_modules/jsdom/lib/jsdom/living/events/EventTarget-impl.js:104:17)
      at HTMLUnknownElement.dispatchEvent (node_modules/jsdom/lib/jsdom/living/generated/EventTarget.js:241:34)
      at Object.invokeGuardedCallbackDev (node_modules/react-dom/cjs/react-dom.development.js:4213:16)
      at invokeGuardedCallback (node_modules/react-dom/cjs/react-dom.development.js:4277:31)
      at beginWork$1 (node_modules/react-dom/cjs/react-dom.development.js:27490:7)
      at performUnitOfWork (node_modules/react-dom/cjs/react-dom.development.js:26599:12)
      at workLoopSync (node_modules/react-dom/cjs/react-dom.development.js:26505:5)
      at renderRootSync (node_modules/react-dom/cjs/react-dom.development.js:26473:7)
      at recoverFromConcurrentError (node_modules/react-dom/cjs/react-dom.development.js:25889:20)
      at performConcurrentWorkOnRoot (node_modules/react-dom/cjs/react-dom.development.js:25789:22)
      at flushActQueue (node_modules/react/cjs/react.development.js:2667:24)
      at act (node_modules/react/cjs/react.development.js:2582:11)
      at node_modules/@testing-library/react/dist/act-compat.js:47:25
      at renderRoot (node_modules/@testing-library/react/dist/pure.js:180:26)
      at render (node_modules/@testing-library/react/dist/pure.js:271:10)
      at src/pages/__tests__/UsuarioDetallePage.test.jsx:31:36
      at Generator.call (src/pages/__tests__/UsuarioDetallePage.test.jsx:2:1)
      at Generator._invoke [as next] (src/pages/__tests__/UsuarioDetallePage.test.jsx:2:1)
      at asyncGeneratorStep (src/pages/__tests__/UsuarioDetallePage.test.jsx:2:1)
      at asyncGeneratorStep (src/pages/__tests__/UsuarioDetallePage.test.jsx:2:1)
      at _next (src/pages/__tests__/UsuarioDetallePage.test.jsx:2:1)
      at Object.<anonymous> (src/pages/__tests__/UsuarioDetallePage.test.jsx:2:1)

  console.error
    Error: Uncaught [Error: Element type is invalid: expected a string (for built-in components) or a class/function (for composite components) but got: undefined. You likely forgot to export your component from the file it's defined in, or you might have mixed up default and named imports.
    
    Check the render method of `UsuarioDetallePage`.]
        at reportException (C:\Users\lenovo\Desktop\futpro2.0\node_modules\jsdom\lib\jsdom\living\helpers\runtime-script-errors.js:66:24)
        at innerInvokeEventListeners (C:\Users\lenovo\Desktop\futpro2.0\node_modules\jsdom\lib\jsdom\living\events\EventTarget-impl.js:353:9)
        at invokeEventListeners (C:\Users\lenovo\Desktop\futpro2.0\node_modules\jsdom\lib\jsdom\living\events\EventTarget-impl.js:286:3)
        at HTMLUnknownElementImpl._dispatch (C:\Users\lenovo\Desktop\futpro2.0\node_modules\jsdom\lib\jsdom\living\events\EventTarget-impl.js:233:9)
        at HTMLUnknownElementImpl.dispatchEvent (C:\Users\lenovo\Desktop\futpro2.0\node_modules\jsdom\lib\jsdom\living\events\EventTarget-impl.js:104:17)
        at HTMLUnknownElement.dispatchEvent (C:\Users\lenovo\Desktop\futpro2.0\node_modules\jsdom\lib\jsdom\living\generated\EventTarget.js:241:34)
        at Object.invokeGuardedCallbackDev (C:\Users\lenovo\Desktop\futpro2.0\node_modules\react-dom\cjs\react-dom.development.js:4213:16)
        at invokeGuardedCallback (C:\Users\lenovo\Desktop\futpro2.0\node_modules\react-dom\cjs\react-dom.development.js:4277:31)
        at beginWork$1 (C:\Users\lenovo\Desktop\futpro2.0\node_modules\react-dom\cjs\react-dom.development.js:27490:7)
        at performUnitOfWork (C:\Users\lenovo\Desktop\futpro2.0\node_modules\react-dom\cjs\react-dom.development.js:26599:12)
        at workLoopSync (C:\Users\lenovo\Desktop\futpro2.0\node_modules\react-dom\cjs\react-dom.development.js:26505:5)
        at renderRootSync (C:\Users\lenovo\Desktop\futpro2.0\node_modules\react-dom\cjs\react-dom.development.js:26473:7)
        at recoverFromConcurrentError (C:\Users\lenovo\Desktop\futpro2.0\node_modules\react-dom\cjs\react-dom.development.js:25889:20)
        at performConcurrentWorkOnRoot (C:\Users\lenovo\Desktop\futpro2.0\node_modules\react-dom\cjs\react-dom.development.js:25789:22)
        at flushActQueue (C:\Users\lenovo\Desktop\futpro2.0\node_modules\react\cjs\react.development.js:2667:24)
        at act (C:\Users\lenovo\Desktop\futpro2.0\node_modules\react\cjs\react.development.js:2582:11)
        at C:\Users\lenovo\Desktop\futpro2.0\node_modules\@testing-library\react\dist\act-compat.js:47:25
        at renderRoot (C:\Users\lenovo\Desktop\futpro2.0\node_modules\@testing-library\react\dist\pure.js:180:26)
        at render (C:\Users\lenovo\Desktop\futpro2.0\node_modules\@testing-library\react\dist\pure.js:271:10)
        at C:\Users\lenovo\Desktop\futpro2.0\src\pages\__tests__\UsuarioDetallePage.test.jsx:31:36
        at Generator.call (C:\Users\lenovo\Desktop\futpro2.0\src\pages\__tests__\UsuarioDetallePage.test.jsx:2:1)
        at Generator._invoke [as next] (C:\Users\lenovo\Desktop\futpro2.0\src\pages\__tests__\UsuarioDetallePage.test.jsx:2:1)
        at asyncGeneratorStep (C:\Users\lenovo\Desktop\futpro2.0\src\pages\__tests__\UsuarioDetallePage.test.jsx:2:1)
        at asyncGeneratorStep (C:\Users\lenovo\Desktop\futpro2.0\src\pages\__tests__\UsuarioDetallePage.test.jsx:2:1)
        at _next (C:\Users\lenovo\Desktop\futpro2.0\src\pages\__tests__\UsuarioDetallePage.test.jsx:2:1)
        at new Promise (<anonymous>)
        at Object.<anonymous> (C:\Users\lenovo\Desktop\futpro2.0\src\pages\__tests__\UsuarioDetallePage.test.jsx:2:1)
        at Promise.finally.completed (C:\Users\lenovo\Desktop\futpro2.0\node_modules\jest-circus\build\jestAdapterInit.js:1559:28)
        at new Promise (<anonymous>)
        at callAsyncCircusFn (C:\Users\lenovo\Desktop\futpro2.0\node_modules\jest-circus\build\jestAdapterInit.js:1499:10)
        at _callCircusTest (C:\Users\lenovo\Desktop\futpro2.0\node_modules\jest-circus\build\jestAdapterInit.js:1009:40)
        at _runTest (C:\Users\lenovo\Desktop\futpro2.0\node_modules\jest-circus\build\jestAdapterInit.js:949:3)
        at _runTestsForDescribeBlock (C:\Users\lenovo\Desktop\futpro2.0\node_modules\jest-circus\build\jestAdapterInit.js:839:13)
        at _runTestsForDescribeBlock (C:\Users\lenovo\Desktop\futpro2.0\node_modules\jest-circus\build\jestAdapterInit.js:829:11)
        at run (C:\Users\lenovo\Desktop\futpro2.0\node_modules\jest-circus\build\jestAdapterInit.js:757:3)
        at runAndTransformResultsToJestFormat (C:\Users\lenovo\Desktop\futpro2.0\node_modules\jest-circus\build\jestAdapterInit.js:1920:21)
        at jestAdapter (C:\Users\lenovo\Desktop\futpro2.0\node_modules\jest-circus\build\runner.js:101:19)
        at runTestInternal (C:\Users\lenovo\Desktop\futpro2.0\node_modules\jest-runner\build\index.js:275:16)
        at runTest (C:\Users\lenovo\Desktop\futpro2.0\node_modules\jest-runner\build\index.js:343:7) {
      detail: Error: Element type is invalid: expected a string (for built-in components) or a class/function (for composite components) but got: undefined. You likely forgot to export your component from the file it's defined in, or you might have mixed up default and named imports.
      
      Check the render method of `UsuarioDetallePage`.
          at createFiberFromTypeAndProps (C:\Users\lenovo\Desktop\futpro2.0\node_modules\react-dom\cjs\react-dom.development.js:28478:17)
          at createFiberFromElement (C:\Users\lenovo\Desktop\futpro2.0\node_modules\react-dom\cjs\react-dom.development.js:28504:15)
          at createChild (C:\Users\lenovo\Desktop\futpro2.0\node_modules\react-dom\cjs\react-dom.development.js:13345:28)
          at reconcileChildrenArray (C:\Users\lenovo\Desktop\futpro2.0\node_modules\react-dom\cjs\react-dom.development.js:13640:25)
          at reconcileChildFibers (C:\Users\lenovo\Desktop\futpro2.0\node_modules\react-dom\cjs\react-dom.development.js:14057:16)
          at reconcileChildren (C:\Users\lenovo\Desktop\futpro2.0\node_modules\react-dom\cjs\react-dom.development.js:19186:28)
          at updateHostComponent (C:\Users\lenovo\Desktop\futpro2.0\node_modules\react-dom\cjs\react-dom.development.js:19953:3)
          at beginWork (C:\Users\lenovo\Desktop\futpro2.0\node_modules\react-dom\cjs\react-dom.development.js:21657:14)
          at HTMLUnknownElement.callCallback (C:\Users\lenovo\Desktop\futpro2.0\node_modules\react-dom\cjs\react-dom.development.js:4164:14)
          at HTMLUnknownElement.callTheUserObjectsOperation (C:\Users\lenovo\Desktop\futpro2.0\node_modules\jsdom\lib\jsdom\living\generated\EventListener.js:26:30)
          at innerInvokeEventListeners (C:\Users\lenovo\Desktop\futpro2.0\node_modules\jsdom\lib\jsdom\living\events\EventTarget-impl.js:350:25)
          at invokeEventListeners (C:\Users\lenovo\Desktop\futpro2.0\node_modules\jsdom\lib\jsdom\living\events\EventTarget-impl.js:286:3)
          at HTMLUnknownElementImpl._dispatch (C:\Users\lenovo\Desktop\futpro2.0\node_modules\jsdom\lib\jsdom\living\events\EventTarget-impl.js:233:9)
          at HTMLUnknownElementImpl.dispatchEvent (C:\Users\lenovo\Desktop\futpro2.0\node_modules\jsdom\lib\jsdom\living\events\EventTarget-impl.js:104:17)
          at HTMLUnknownElement.dispatchEvent (C:\Users\lenovo\Desktop\futpro2.0\node_modules\jsdom\lib\jsdom\living\generated\EventTarget.js:241:34)
          at Object.invokeGuardedCallbackDev (C:\Users\lenovo\Desktop\futpro2.0\node_modules\react-dom\cjs\react-dom.development.js:4213:16)
          at invokeGuardedCallback (C:\Users\lenovo\Desktop\futpro2.0\node_modules\react-dom\cjs\react-dom.development.js:4277:31)
          at beginWork$1 (C:\Users\lenovo\Desktop\futpro2.0\node_modules\react-dom\cjs\react-dom.development.js:27490:7)
          at performUnitOfWork (C:\Users\lenovo\Desktop\futpro2.0\node_modules\react-dom\cjs\react-dom.development.js:26599:12)
          at workLoopSync (C:\Users\lenovo\Desktop\futpro2.0\node_modules\react-dom\cjs\react-dom.development.js:26505:5)
          at renderRootSync (C:\Users\lenovo\Desktop\futpro2.0\node_modules\react-dom\cjs\react-dom.development.js:26473:7)
          at recoverFromConcurrentError (C:\Users\lenovo\Desktop\futpro2.0\node_modules\react-dom\cjs\react-dom.development.js:25889:20)
          at performConcurrentWorkOnRoot (C:\Users\lenovo\Desktop\futpro2.0\node_modules\react-dom\cjs\react-dom.development.js:25789:22)
          at flushActQueue (C:\Users\lenovo\Desktop\futpro2.0\node_modules\react\cjs\react.development.js:2667:24)
          at act (C:\Users\lenovo\Desktop\futpro2.0\node_modules\react\cjs\react.development.js:2582:11)
          at C:\Users\lenovo\Desktop\futpro2.0\node_modules\@testing-library\react\dist\act-compat.js:47:25
          at renderRoot (C:\Users\lenovo\Desktop\futpro2.0\node_modules\@testing-library\react\dist\pure.js:180:26)
          at render (C:\Users\lenovo\Desktop\futpro2.0\node_modules\@testing-library\react\dist\pure.js:271:10)
          at C:\Users\lenovo\Desktop\futpro2.0\src\pages\__tests__\UsuarioDetallePage.test.jsx:31:36
          at Generator.call (C:\Users\lenovo\Desktop\futpro2.0\src\pages\__tests__\UsuarioDetallePage.test.jsx:2:1)
          at Generator._invoke [as next] (C:\Users\lenovo\Desktop\futpro2.0\src\pages\__tests__\UsuarioDetallePage.test.jsx:2:1)
          at asyncGeneratorStep (C:\Users\lenovo\Desktop\futpro2.0\src\pages\__tests__\UsuarioDetallePage.test.jsx:2:1)
          at asyncGeneratorStep (C:\Users\lenovo\Desktop\futpro2.0\src\pages\__tests__\UsuarioDetallePage.test.jsx:2:1)
          at _next (C:\Users\lenovo\Desktop\futpro2.0\src\pages\__tests__\UsuarioDetallePage.test.jsx:2:1)
          at new Promise (<anonymous>)
          at Object.<anonymous> (C:\Users\lenovo\Desktop\futpro2.0\src\pages\__tests__\UsuarioDetallePage.test.jsx:2:1)
          at Promise.finally.completed (C:\Users\lenovo\Desktop\futpro2.0\node_modules\jest-circus\build\jestAdapterInit.js:1559:28)
          at new Promise (<anonymous>)
          at callAsyncCircusFn (C:\Users\lenovo\Desktop\futpro2.0\node_modules\jest-circus\build\jestAdapterInit.js:1499:10)
          at _callCircusTest (C:\Users\lenovo\Desktop\futpro2.0\node_modules\jest-circus\build\jestAdapterInit.js:1009:40)
          at _runTest (C:\Users\lenovo\Desktop\futpro2.0\node_modules\jest-circus\build\jestAdapterInit.js:949:3)
          at _runTestsForDescribeBlock (C:\Users\lenovo\Desktop\futpro2.0\node_modules\jest-circus\build\jestAdapterInit.js:839:13)
          at _runTestsForDescribeBlock (C:\Users\lenovo\Desktop\futpro2.0\node_modules\jest-circus\build\jestAdapterInit.js:829:11)
          at run (C:\Users\lenovo\Desktop\futpro2.0\node_modules\jest-circus\build\jestAdapterInit.js:757:3)
          at runAndTransformResultsToJestFormat (C:\Users\lenovo\Desktop\futpro2.0\node_modules\jest-circus\build\jestAdapterInit.js:1920:21)
          at jestAdapter (C:\Users\lenovo\Desktop\futpro2.0\node_modules\jest-circus\build\runner.js:101:19)
          at runTestInternal (C:\Users\lenovo\Desktop\futpro2.0\node_modules\jest-runner\build\index.js:275:16)
          at runTest (C:\Users\lenovo\Desktop\futpro2.0\node_modules\jest-runner\build\index.js:343:7),
      type: 'unhandled exception'
    }

    [0m [90m 29 |[39m describe([32m'UsuarioDetallePage'[39m[33m,[39m () [33m=>[39m {
     [90m 30 |[39m   it([32m'simula clicks en todos los botones y navegaci├│n'[39m[33m,[39m [36masync[39m () [33m=>[39m {
    [31m[1m>[22m[39m[90m 31 |[39m       [36mconst[39m { findByText } [33m=[39m render(
     [90m    |[39m                                    [31m[1m^[22m[39m
     [90m 32 |[39m         [33m<[39m[33mAuthContext[39m[33m.[39m[33mProvider[39m value[33m=[39m{{ user[33m:[39m { id[33m:[39m [35m1[39m }[33m,[39m role[33m:[39m [32m'admin'[39m }}[33m>[39m
     [90m 33 |[39m           [33m<[39m[33mUsuarioDetallePage[39m [33m/[39m[33m>[39m
     [90m 34 |[39m         [33m<[39m[33m/[39m[33mAuthContext[39m[33m.[39m[33mProvider[39m[33m>[39m[0m

      at VirtualConsole.<anonymous> (node_modules/@jest/environment-jsdom-abstract/build/index.js:78:23)
      at reportException (node_modules/jsdom/lib/jsdom/living/helpers/runtime-script-errors.js:70:28)
      at innerInvokeEventListeners (node_modules/jsdom/lib/jsdom/living/events/EventTarget-impl.js:353:9)
      at invokeEventListeners (node_modules/jsdom/lib/jsdom/living/events/EventTarget-impl.js:286:3)
      at HTMLUnknownElementImpl._dispatch (node_modules/jsdom/lib/jsdom/living/events/EventTarget-impl.js:233:9)
      at HTMLUnknownElementImpl.dispatchEvent (node_modules/jsdom/lib/jsdom/living/events/EventTarget-impl.js:104:17)
      at HTMLUnknownElement.dispatchEvent (node_modules/jsdom/lib/jsdom/living/generated/EventTarget.js:241:34)
      at Object.invokeGuardedCallbackDev (node_modules/react-dom/cjs/react-dom.development.js:4213:16)
      at invokeGuardedCallback (node_modules/react-dom/cjs/react-dom.development.js:4277:31)
      at beginWork$1 (node_modules/react-dom/cjs/react-dom.development.js:27490:7)
      at performUnitOfWork (node_modules/react-dom/cjs/react-dom.development.js:26599:12)
      at workLoopSync (node_modules/react-dom/cjs/react-dom.development.js:26505:5)
      at renderRootSync (node_modules/react-dom/cjs/react-dom.development.js:26473:7)
      at recoverFromConcurrentError (node_modules/react-dom/cjs/react-dom.development.js:25889:20)
      at performConcurrentWorkOnRoot (node_modules/react-dom/cjs/react-dom.development.js:25789:22)
      at flushActQueue (node_modules/react/cjs/react.development.js:2667:24)
      at act (node_modules/react/cjs/react.development.js:2582:11)
      at node_modules/@testing-library/react/dist/act-compat.js:47:25
      at renderRoot (node_modules/@testing-library/react/dist/pure.js:180:26)
      at render (node_modules/@testing-library/react/dist/pure.js:271:10)
      at src/pages/__tests__/UsuarioDetallePage.test.jsx:31:36
      at Generator.call (src/pages/__tests__/UsuarioDetallePage.test.jsx:2:1)
      at Generator._invoke [as next] (src/pages/__tests__/UsuarioDetallePage.test.jsx:2:1)
      at asyncGeneratorStep (src/pages/__tests__/UsuarioDetallePage.test.jsx:2:1)
      at asyncGeneratorStep (src/pages/__tests__/UsuarioDetallePage.test.jsx:2:1)
      at _next (src/pages/__tests__/UsuarioDetallePage.test.jsx:2:1)
      at Object.<anonymous> (src/pages/__tests__/UsuarioDetallePage.test.jsx:2:1)

  console.error
    The above error occurred in the <aside> component:
    
        at aside
        at div
        at UsuarioDetallePage (C:\Users\lenovo\Desktop\futpro2.0\src\pages\UsuarioDetallePage.jsx:10:36)
    
    Consider adding an error boundary to your tree to customize error handling behavior.
    Visit https://reactjs.org/link/error-boundaries to learn more about error boundaries.

    [0m [90m 29 |[39m describe([32m'UsuarioDetallePage'[39m[33m,[39m () [33m=>[39m {
     [90m 30 |[39m   it([32m'simula clicks en todos los botones y navegaci├│n'[39m[33m,[39m [36masync[39m () [33m=>[39m {
    [31m[1m>[22m[39m[90m 31 |[39m       [36mconst[39m { findByText } [33m=[39m render(
     [90m    |[39m                                    [31m[1m^[22m[39m
     [90m 32 |[39m         [33m<[39m[33mAuthContext[39m[33m.[39m[33mProvider[39m value[33m=[39m{{ user[33m:[39m { id[33m:[39m [35m1[39m }[33m,[39m role[33m:[39m [32m'admin'[39m }}[33m>[39m
     [90m 33 |[39m           [33m<[39m[33mUsuarioDetallePage[39m [33m/[39m[33m>[39m
     [90m 34 |[39m         [33m<[39m[33m/[39m[33mAuthContext[39m[33m.[39m[33mProvider[39m[33m>[39m[0m

      at logCapturedError (node_modules/react-dom/cjs/react-dom.development.js:18704:23)
      at update.callback (node_modules/react-dom/cjs/react-dom.development.js:18737:5)
      at callCallback (node_modules/react-dom/cjs/react-dom.development.js:15036:12)
      at commitUpdateQueue (node_modules/react-dom/cjs/react-dom.development.js:15057:9)
      at commitLayoutEffectOnFiber (node_modules/react-dom/cjs/react-dom.development.js:23430:13)
      at commitLayoutMountEffects_complete (node_modules/react-dom/cjs/react-dom.development.js:24727:9)
      at commitLayoutEffects_begin (node_modules/react-dom/cjs/react-dom.development.js:24713:7)
      at commitLayoutEffects (node_modules/react-dom/cjs/react-dom.development.js:24651:3)
      at commitRootImpl (node_modules/react-dom/cjs/react-dom.development.js:26862:5)
      at commitRoot (node_modules/react-dom/cjs/react-dom.development.js:26721:5)
      at finishConcurrentRender (node_modules/react-dom/cjs/react-dom.development.js:25931:9)
      at performConcurrentWorkOnRoot (node_modules/react-dom/cjs/react-dom.development.js:25848:7)
      at flushActQueue (node_modules/react/cjs/react.development.js:2667:24)
      at act (node_modules/react/cjs/react.development.js:2582:11)
      at node_modules/@testing-library/react/dist/act-compat.js:47:25
      at renderRoot (node_modules/@testing-library/react/dist/pure.js:180:26)
      at render (node_modules/@testing-library/react/dist/pure.js:271:10)
      at src/pages/__tests__/UsuarioDetallePage.test.jsx:31:36
      at Generator.call (src/pages/__tests__/UsuarioDetallePage.test.jsx:2:1)
      at Generator._invoke [as next] (src/pages/__tests__/UsuarioDetallePage.test.jsx:2:1)
      at asyncGeneratorStep (src/pages/__tests__/UsuarioDetallePage.test.jsx:2:1)
      at asyncGeneratorStep (src/pages/__tests__/UsuarioDetallePage.test.jsx:2:1)
      at _next (src/pages/__tests__/UsuarioDetallePage.test.jsx:2:1)
      at Object.<anonymous> (src/pages/__tests__/UsuarioDetallePage.test.jsx:2:1)

  console.error
    The above error occurred in the <aside> component:
    
        at aside
        at div
        at UsuarioDetallePage (C:\Users\lenovo\Desktop\futpro2.0\src\pages\UsuarioDetallePage.jsx:10:36)
    
    Consider adding an error boundary to your tree to customize error handling behavior.
    Visit https://reactjs.org/link/error-boundaries to learn more about error boundaries.

    [0m [90m 29 |[39m describe([32m'UsuarioDetallePage'[39m[33m,[39m () [33m=>[39m {
     [90m 30 |[39m   it([32m'simula clicks en todos los botones y navegaci├│n'[39m[33m,[39m [36masync[39m () [33m=>[39m {
    [31m[1m>[22m[39m[90m 31 |[39m       [36mconst[39m { findByText } [33m=[39m render(
     [90m    |[39m                                    [31m[1m^[22m[39m
     [90m 32 |[39m         [33m<[39m[33mAuthContext[39m[33m.[39m[33mProvider[39m value[33m=[39m{{ user[33m:[39m { id[33m:[39m [35m1[39m }[33m,[39m role[33m:[39m [32m'admin'[39m }}[33m>[39m
     [90m 33 |[39m           [33m<[39m[33mUsuarioDetallePage[39m [33m/[39m[33m>[39m
     [90m 34 |[39m         [33m<[39m[33m/[39m[33mAuthContext[39m[33m.[39m[33mProvider[39m[33m>[39m[0m

      at logCapturedError (node_modules/react-dom/cjs/react-dom.development.js:18704:23)
      at update.callback (node_modules/react-dom/cjs/react-dom.development.js:18737:5)
      at callCallback (node_modules/react-dom/cjs/react-dom.development.js:15036:12)
      at commitUpdateQueue (node_modules/react-dom/cjs/react-dom.development.js:15057:9)
      at commitLayoutEffectOnFiber (node_modules/react-dom/cjs/react-dom.development.js:23430:13)
      at commitLayoutMountEffects_complete (node_modules/react-dom/cjs/react-dom.development.js:24727:9)
      at commitLayoutEffects_begin (node_modules/react-dom/cjs/react-dom.development.js:24713:7)
      at commitLayoutEffects (node_modules/react-dom/cjs/react-dom.development.js:24651:3)
      at commitRootImpl (node_modules/react-dom/cjs/react-dom.development.js:26862:5)
      at commitRoot (node_modules/react-dom/cjs/react-dom.development.js:26721:5)
      at finishConcurrentRender (node_modules/react-dom/cjs/react-dom.development.js:25931:9)
      at performConcurrentWorkOnRoot (node_modules/react-dom/cjs/react-dom.development.js:25848:7)
      at flushActQueue (node_modules/react/cjs/react.development.js:2667:24)
      at act (node_modules/react/cjs/react.development.js:2582:11)
      at node_modules/@testing-library/react/dist/act-compat.js:47:25
      at renderRoot (node_modules/@testing-library/react/dist/pure.js:180:26)
      at render (node_modules/@testing-library/react/dist/pure.js:271:10)
      at src/pages/__tests__/UsuarioDetallePage.test.jsx:31:36
      at Generator.call (src/pages/__tests__/UsuarioDetallePage.test.jsx:2:1)
      at Generator._invoke [as next] (src/pages/__tests__/UsuarioDetallePage.test.jsx:2:1)
      at asyncGeneratorStep (src/pages/__tests__/UsuarioDetallePage.test.jsx:2:1)
      at asyncGeneratorStep (src/pages/__tests__/UsuarioDetallePage.test.jsx:2:1)
      at _next (src/pages/__tests__/UsuarioDetallePage.test.jsx:2:1)
      at Object.<anonymous> (src/pages/__tests__/UsuarioDetallePage.test.jsx:2:1)

  console.error
    Warning: Invalid hook call. Hooks can only be called inside of the body of a function component. This could happen for one of the following reasons:
    1. You might have mismatching versions of React and the renderer (such as React DOM)
    2. You might be breaking the Rules of Hooks
    3. You might have more than one copy of React in the same app
    See https://reactjs.org/link/invalid-hook-call for tips about how to debug and fix this problem.

    [0m [90m 10 |[39m
     [90m 11 |[39m   [90m// Ejemplo de tiempo real con Supabase (reportes)[39m
    [31m[1m>[22m[39m[90m 12 |[39m   [33mReact[39m[33m.[39museEffect(() [33m=>[39m {
     [90m    |[39m         [31m[1m^[22m[39m
     [90m 13 |[39m     [36mconst[39m subscription [33m=[39m supabase
     [90m 14 |[39m       [33m.[39mchannel([32m'reportes-changes'[39m)
     [90m 15 |[39m       [33m.[39mon([32m'postgres_changes'[39m[33m,[39m { event[33m:[39m [32m'*'[39m[33m,[39m schema[33m:[39m [32m'public'[39m[33m,[39m table[33m:[39m [32m'reportes_moderacion'[39m }[33m,[39m payload [33m=>[39m {[0m

      at printWarning (node_modules/react/cjs/react.development.js:209:30)
      at error (node_modules/react/cjs/react.development.js:183:7)
      at resolveDispatcher (node_modules/react/cjs/react.development.js:1592:7)
      at Object.useEffect (node_modules/react/cjs/react.development.js:1633:20)
      at Object.useEffect (src/pages/ModerationPage.jsx:12:9)
      at Object.require (src/pages/__tests__/ModerationPage.test.jsx:4:1)

  console.error
    Error: Not implemented: navigation (except hash changes)
        at module.exports (C:\Users\lenovo\Desktop\futpro2.0\node_modules\jsdom\lib\jsdom\browser\not-implemented.js:9:17)
        at navigateFetch (C:\Users\lenovo\Desktop\futpro2.0\node_modules\jsdom\lib\jsdom\living\window\navigation.js:77:3)
        at exports.navigate (C:\Users\lenovo\Desktop\futpro2.0\node_modules\jsdom\lib\jsdom\living\window\navigation.js:55:3)
        at LocationImpl._locationObjectNavigate (C:\Users\lenovo\Desktop\futpro2.0\node_modules\jsdom\lib\jsdom\living\window\Location-impl.js:30:5)
        at LocationImpl._locationObjectSetterNavigate (C:\Users\lenovo\Desktop\futpro2.0\node_modules\jsdom\lib\jsdom\living\window\Location-impl.js:24:17)
        at LocationImpl.set href [as href] (C:\Users\lenovo\Desktop\futpro2.0\node_modules\jsdom\lib\jsdom\living\window\Location-impl.js:46:10)
        at Location.set href [as href] (C:\Users\lenovo\Desktop\futpro2.0\node_modules\jsdom\lib\jsdom\living\generated\Location.js:125:37)
        at Reflect.set (<anonymous>)
        at Window.set location [as location] (C:\Users\lenovo\Desktop\futpro2.0\node_modules\jsdom\lib\jsdom\browser\Window.js:424:15)
        at Object.<anonymous> (C:\Users\lenovo\Desktop\futpro2.0\src\pages\__tests__\ReportesPage.test.jsx:16:18)
        at Promise.finally.completed (C:\Users\lenovo\Desktop\futpro2.0\node_modules\jest-circus\build\jestAdapterInit.js:1559:28)
        at new Promise (<anonymous>)
        at callAsyncCircusFn (C:\Users\lenovo\Desktop\futpro2.0\node_modules\jest-circus\build\jestAdapterInit.js:1499:10)
        at _callCircusHook (C:\Users\lenovo\Desktop\futpro2.0\node_modules\jest-circus\build\jestAdapterInit.js:978:40)
        at _runTestsForDescribeBlock (C:\Users\lenovo\Desktop\futpro2.0\node_modules\jest-circus\build\jestAdapterInit.js:775:7)
        at _runTestsForDescribeBlock (C:\Users\lenovo\Desktop\futpro2.0\node_modules\jest-circus\build\jestAdapterInit.js:829:11)
        at run (C:\Users\lenovo\Desktop\futpro2.0\node_modules\jest-circus\build\jestAdapterInit.js:757:3)
        at runAndTransformResultsToJestFormat (C:\Users\lenovo\Desktop\futpro2.0\node_modules\jest-circus\build\jestAdapterInit.js:1920:21)
        at jestAdapter (C:\Users\lenovo\Desktop\futpro2.0\node_modules\jest-circus\build\runner.js:101:19)
        at runTestInternal (C:\Users\lenovo\Desktop\futpro2.0\node_modules\jest-runner\build\index.js:275:16)
        at runTest (C:\Users\lenovo\Desktop\futpro2.0\node_modules\jest-runner\build\index.js:343:7) {
      type: 'not implemented'
    }

    [0m [90m 14 |[39m   beforeAll(() [33m=>[39m {
     [90m 15 |[39m       [90m// Mock window.location using Object.defineProperty for jsdom compatibility[39m
    [31m[1m>[22m[39m[90m 16 |[39m   window[33m.[39mlocation [33m=[39m { href[33m:[39m [32m''[39m[33m,[39m assign[33m:[39m jest[33m.[39mfn()[33m,[39m reload[33m:[39m jest[33m.[39mfn() }[33m;[39m
     [90m    |[39m                  [31m[1m^[22m[39m
     [90m 17 |[39m     })[33m;[39m
     [90m 18 |[39m   it([32m'simula clicks en todos los botones y navegaci├│n'[39m[33m,[39m [36masync[39m () [33m=>[39m {
     [90m 19 |[39m     [36mconst[39m mockUser [33m=[39m { id[33m:[39m [35m1[39m[33m,[39m email[33m:[39m [32m'test@futpro.com'[39m[33m,[39m role[33m:[39m [32m'player'[39m }[33m;[39m[0m

      at VirtualConsole.<anonymous> (node_modules/@jest/environment-jsdom-abstract/build/index.js:78:23)
      at module.exports (node_modules/jsdom/lib/jsdom/browser/not-implemented.js:12:26)
      at navigateFetch (node_modules/jsdom/lib/jsdom/living/window/navigation.js:77:3)
      at exports.navigate (node_modules/jsdom/lib/jsdom/living/window/navigation.js:55:3)
      at LocationImpl._locationObjectNavigate (node_modules/jsdom/lib/jsdom/living/window/Location-impl.js:30:5)
      at LocationImpl._locationObjectSetterNavigate (node_modules/jsdom/lib/jsdom/living/window/Location-impl.js:24:17)
      at LocationImpl.set href [as href] (node_modules/jsdom/lib/jsdom/living/window/Location-impl.js:46:10)
      at Location.set href [as href] (node_modules/jsdom/lib/jsdom/living/generated/Location.js:125:37)
          at Reflect.set (<anonymous>)
      at Window.set location [as location] (node_modules/jsdom/lib/jsdom/browser/Window.js:424:15)
      at Object.<anonymous> (src/pages/__tests__/ReportesPage.test.jsx:16:18)

  console.error
    Error: Not implemented: navigation (except hash changes)
        at module.exports (C:\Users\lenovo\Desktop\futpro2.0\node_modules\jsdom\lib\jsdom\browser\not-implemented.js:9:17)
        at navigateFetch (C:\Users\lenovo\Desktop\futpro2.0\node_modules\jsdom\lib\jsdom\living\window\navigation.js:77:3)
        at exports.navigate (C:\Users\lenovo\Desktop\futpro2.0\node_modules\jsdom\lib\jsdom\living\window\navigation.js:55:3)
        at LocationImpl._locationObjectNavigate (C:\Users\lenovo\Desktop\futpro2.0\node_modules\jsdom\lib\jsdom\living\window\Location-impl.js:30:5)
        at LocationImpl._locationObjectSetterNavigate (C:\Users\lenovo\Desktop\futpro2.0\node_modules\jsdom\lib\jsdom\living\window\Location-impl.js:24:17)
        at LocationImpl.set href [as href] (C:\Users\lenovo\Desktop\futpro2.0\node_modules\jsdom\lib\jsdom\living\window\Location-impl.js:46:10)
        at Location.set href [as href] (C:\Users\lenovo\Desktop\futpro2.0\node_modules\jsdom\lib\jsdom\living\generated\Location.js:125:37)
        at onClick (C:\Users\lenovo\Desktop\futpro2.0\src\pages\ReportesPage.jsx:28:52)
        at HTMLUnknownElement.callCallback (C:\Users\lenovo\Desktop\futpro2.0\node_modules\react-dom\cjs\react-dom.development.js:4164:14)
        at HTMLUnknownElement.callTheUserObjectsOperation (C:\Users\lenovo\Desktop\futpro2.0\node_modules\jsdom\lib\jsdom\living\generated\EventListener.js:26:30)
        at innerInvokeEventListeners (C:\Users\lenovo\Desktop\futpro2.0\node_modules\jsdom\lib\jsdom\living\events\EventTarget-impl.js:350:25)
        at invokeEventListeners (C:\Users\lenovo\Desktop\futpro2.0\node_modules\jsdom\lib\jsdom\living\events\EventTarget-impl.js:286:3)
        at HTMLUnknownElementImpl._dispatch (C:\Users\lenovo\Desktop\futpro2.0\node_modules\jsdom\lib\jsdom\living\events\EventTarget-impl.js:233:9)
        at HTMLUnknownElementImpl.dispatchEvent (C:\Users\lenovo\Desktop\futpro2.0\node_modules\jsdom\lib\jsdom\living\events\EventTarget-impl.js:104:17)
        at HTMLUnknownElement.dispatchEvent (C:\Users\lenovo\Desktop\futpro2.0\node_modules\jsdom\lib\jsdom\living\generated\EventTarget.js:241:34)
        at Object.invokeGuardedCallbackDev (C:\Users\lenovo\Desktop\futpro2.0\node_modules\react-dom\cjs\react-dom.development.js:4213:16)
        at invokeGuardedCallback (C:\Users\lenovo\Desktop\futpro2.0\node_modules\react-dom\cjs\react-dom.development.js:4277:31)
        at invokeGuardedCallbackAndCatchFirstError (C:\Users\lenovo\Desktop\futpro2.0\node_modules\react-dom\cjs\react-dom.development.js:4291:25)
        at executeDispatch (C:\Users\lenovo\Desktop\futpro2.0\node_modules\react-dom\cjs\react-dom.development.js:9041:3)
        at processDispatchQueueItemsInOrder (C:\Users\lenovo\Desktop\futpro2.0\node_modules\react-dom\cjs\react-dom.development.js:9073:7)
        at processDispatchQueue (C:\Users\lenovo\Desktop\futpro2.0\node_modules\react-dom\cjs\react-dom.development.js:9086:5)
        at dispatchEventsForPlugins (C:\Users\lenovo\Desktop\futpro2.0\node_modules\react-dom\cjs\react-dom.development.js:9097:3)
        at C:\Users\lenovo\Desktop\futpro2.0\node_modules\react-dom\cjs\react-dom.development.js:9288:12
        at batchedUpdates$1 (C:\Users\lenovo\Desktop\futpro2.0\node_modules\react-dom\cjs\react-dom.development.js:26179:12)
        at batchedUpdates (C:\Users\lenovo\Desktop\futpro2.0\node_modules\react-dom\cjs\react-dom.development.js:3991:12)
        at dispatchEventForPluginEventSystem (C:\Users\lenovo\Desktop\futpro2.0\node_modules\react-dom\cjs\react-dom.development.js:9287:3)
        at dispatchEventWithEnableCapturePhaseSelectiveHydrationWithoutDiscreteEventReplay (C:\Users\lenovo\Desktop\futpro2.0\node_modules\react-dom\cjs\react-dom.development.js:6465:5)
        at dispatchEvent (C:\Users\lenovo\Desktop\futpro2.0\node_modules\react-dom\cjs\react-dom.development.js:6457:5)
        at dispatchDiscreteEvent (C:\Users\lenovo\Desktop\futpro2.0\node_modules\react-dom\cjs\react-dom.development.js:6430:5)
        at HTMLDivElement.callTheUserObjectsOperation (C:\Users\lenovo\Desktop\futpro2.0\node_modules\jsdom\lib\jsdom\living\generated\EventListener.js:26:30)
        at innerInvokeEventListeners (C:\Users\lenovo\Desktop\futpro2.0\node_modules\jsdom\lib\jsdom\living\events\EventTarget-impl.js:350:25)
        at invokeEventListeners (C:\Users\lenovo\Desktop\futpro2.0\node_modules\jsdom\lib\jsdom\living\events\EventTarget-impl.js:286:3)
        at HTMLButtonElementImpl._dispatch (C:\Users\lenovo\Desktop\futpro2.0\node_modules\jsdom\lib\jsdom\living\events\EventTarget-impl.js:233:9)
        at HTMLButtonElementImpl.dispatchEvent (C:\Users\lenovo\Desktop\futpro2.0\node_modules\jsdom\lib\jsdom\living\events\EventTarget-impl.js:104:17)
        at HTMLButtonElement.dispatchEvent (C:\Users\lenovo\Desktop\futpro2.0\node_modules\jsdom\lib\jsdom\living\generated\EventTarget.js:241:34)
        at C:\Users\lenovo\Desktop\futpro2.0\node_modules\@testing-library\dom\dist\events.js:19:20
        at C:\Users\lenovo\Desktop\futpro2.0\node_modules\@testing-library\react\dist\pure.js:108:16
        at C:\Users\lenovo\Desktop\futpro2.0\node_modules\@testing-library\react\dist\act-compat.js:48:24
        at act (C:\Users\lenovo\Desktop\futpro2.0\node_modules\react\cjs\react.development.js:2512:16)
        at C:\Users\lenovo\Desktop\futpro2.0\node_modules\@testing-library\react\dist\act-compat.js:47:25
        at Object.eventWrapper (C:\Users\lenovo\Desktop\futpro2.0\node_modules\@testing-library\react\dist\pure.js:107:28)
        at fireEvent (C:\Users\lenovo\Desktop\futpro2.0\node_modules\@testing-library\dom\dist\events.js:12:35)
        at Function.fireEvent.<computed> [as click] (C:\Users\lenovo\Desktop\futpro2.0\node_modules\@testing-library\dom\dist\events.js:110:36)
        at Function.fireEvent.<computed> [as click] (C:\Users\lenovo\Desktop\futpro2.0\node_modules\@testing-library\react\dist\fire-event.js:15:52)
        at call (C:\Users\lenovo\Desktop\futpro2.0\src\pages\__tests__\ReportesPage.test.jsx:27:20)
        at Generator.call (C:\Users\lenovo\Desktop\futpro2.0\src\pages\__tests__\ReportesPage.test.jsx:2:1)
        at Generator._invoke [as next] (C:\Users\lenovo\Desktop\futpro2.0\src\pages\__tests__\ReportesPage.test.jsx:2:1)
        at asyncGeneratorStep (C:\Users\lenovo\Desktop\futpro2.0\src\pages\__tests__\ReportesPage.test.jsx:2:1)
        at asyncGeneratorStep (C:\Users\lenovo\Desktop\futpro2.0\src\pages\__tests__\ReportesPage.test.jsx:2:1) {
      type: 'not implemented'
    }

    [0m [90m 26 |[39m       [33m<[39m[33maside[39m style[33m=[39m{{ width[33m:[39m [35m220[39m[33m,[39m background[33m:[39m black[33m,[39m borderRight[33m:[39m [32m`2px solid ${gold}`[39m[33m,[39m padding[33m:[39m [35m24[39m }}[33m>[39m
     [90m 27 |[39m         [33m<[39m[33mh2[39m style[33m=[39m{{ color[33m:[39m gold }}[33m>[39m[33mReportes[39m[33m<[39m[33m/[39m[33mh2[39m[33m>[39m
    [31m[1m>[22m[39m[90m 28 |[39m         [33m<[39m[33mButton[39m onClick[33m=[39m{() [33m=>[39m window[33m.[39mlocation[33m.[39mhref [33m=[39m [32m'/reportes'[39m}[33m>[39m[33mActualizar[39m[33m<[39m[33m/[39m[33mButton[39m[33m>[39m
     [90m    |[39m                                                    [31m[1m^[22m[39m
     [90m 29 |[39m       [33m<[39m[33m/[39m[33maside[39m[33m>[39m
     [90m 30 |[39m       [33m<[39m[33mmain[39m style[33m=[39m{{ flex[33m:[39m [35m1[39m[33m,[39m padding[33m:[39m [35m32[39m[33m,[39m background[33m:[39m black }}[33m>[39m
     [90m 31 |[39m         [33m<[39m[33mdiv[39m style[33m=[39m{{ background[33m:[39m gold[33m,[39m color[33m:[39m black[33m,[39m borderRadius[33m:[39m [35m16[39m[33m,[39m padding[33m:[39m [35m32[39m[33m,[39m boxShadow[33m:[39m [32m'0 2px 12px #0006'[39m[33m,[39m maxWidth[33m:[39m [35m600[39m[33m,[39m margin[33m:[39m [32m'0 auto'[39m }}[33m>[39m[0m

      at VirtualConsole.<anonymous> (node_modules/@jest/environment-jsdom-abstract/build/index.js:78:23)
      at module.exports (node_modules/jsdom/lib/jsdom/browser/not-implemented.js:12:26)
      at navigateFetch (node_modules/jsdom/lib/jsdom/living/window/navigation.js:77:3)
      at exports.navigate (node_modules/jsdom/lib/jsdom/living/window/navigation.js:55:3)
      at LocationImpl._locationObjectNavigate (node_modules/jsdom/lib/jsdom/living/window/Location-impl.js:30:5)
      at LocationImpl._locationObjectSetterNavigate (node_modules/jsdom/lib/jsdom/living/window/Location-impl.js:24:17)
      at LocationImpl.set href [as href] (node_modules/jsdom/lib/jsdom/living/window/Location-impl.js:46:10)
      at Location.set href [as href] (node_modules/jsdom/lib/jsdom/living/generated/Location.js:125:37)
      at onClick (src/pages/ReportesPage.jsx:28:52)
      at HTMLUnknownElement.callCallback (node_modules/react-dom/cjs/react-dom.development.js:4164:14)
      at HTMLUnknownElement.callTheUserObjectsOperation (node_modules/jsdom/lib/jsdom/living/generated/EventListener.js:26:30)
      at innerInvokeEventListeners (node_modules/jsdom/lib/jsdom/living/events/EventTarget-impl.js:350:25)
      at invokeEventListeners (node_modules/jsdom/lib/jsdom/living/events/EventTarget-impl.js:286:3)
      at HTMLUnknownElementImpl._dispatch (node_modules/jsdom/lib/jsdom/living/events/EventTarget-impl.js:233:9)
      at HTMLUnknownElementImpl.dispatchEvent (node_modules/jsdom/lib/jsdom/living/events/EventTarget-impl.js:104:17)
      at HTMLUnknownElement.dispatchEvent (node_modules/jsdom/lib/jsdom/living/generated/EventTarget.js:241:34)
      at Object.invokeGuardedCallbackDev (node_modules/react-dom/cjs/react-dom.development.js:4213:16)
      at invokeGuardedCallback (node_modules/react-dom/cjs/react-dom.development.js:4277:31)
      at invokeGuardedCallbackAndCatchFirstError (node_modules/react-dom/cjs/react-dom.development.js:4291:25)
      at executeDispatch (node_modules/react-dom/cjs/react-dom.development.js:9041:3)
      at processDispatchQueueItemsInOrder (node_modules/react-dom/cjs/react-dom.development.js:9073:7)
      at processDispatchQueue (node_modules/react-dom/cjs/react-dom.development.js:9086:5)
      at dispatchEventsForPlugins (node_modules/react-dom/cjs/react-dom.development.js:9097:3)
      at node_modules/react-dom/cjs/react-dom.development.js:9288:12
      at batchedUpdates$1 (node_modules/react-dom/cjs/react-dom.development.js:26179:12)
      at batchedUpdates (node_modules/react-dom/cjs/react-dom.development.js:3991:12)
      at dispatchEventForPluginEventSystem (node_modules/react-dom/cjs/react-dom.development.js:9287:3)
      at dispatchEventWithEnableCapturePhaseSelectiveHydrationWithoutDiscreteEventReplay (node_modules/react-dom/cjs/react-dom.development.js:6465:5)
      at dispatchEvent (node_modules/react-dom/cjs/react-dom.development.js:6457:5)
      at dispatchDiscreteEvent (node_modules/react-dom/cjs/react-dom.development.js:6430:5)
      at HTMLDivElement.callTheUserObjectsOperation (node_modules/jsdom/lib/jsdom/living/generated/EventListener.js:26:30)
      at innerInvokeEventListeners (node_modules/jsdom/lib/jsdom/living/events/EventTarget-impl.js:350:25)
      at invokeEventListeners (node_modules/jsdom/lib/jsdom/living/events/EventTarget-impl.js:286:3)
      at HTMLButtonElementImpl._dispatch (node_modules/jsdom/lib/jsdom/living/events/EventTarget-impl.js:233:9)
      at HTMLButtonElementImpl.dispatchEvent (node_modules/jsdom/lib/jsdom/living/events/EventTarget-impl.js:104:17)
      at HTMLButtonElement.dispatchEvent (node_modules/jsdom/lib/jsdom/living/generated/EventTarget.js:241:34)
      at node_modules/@testing-library/dom/dist/events.js:19:20
      at node_modules/@testing-library/react/dist/pure.js:108:16
      at node_modules/@testing-library/react/dist/act-compat.js:48:24
      at act (node_modules/react/cjs/react.development.js:2512:16)
      at node_modules/@testing-library/react/dist/act-compat.js:47:25
      at Object.eventWrapper (node_modules/@testing-library/react/dist/pure.js:107:28)
      at fireEvent (node_modules/@testing-library/dom/dist/events.js:12:35)
      at Function.fireEvent.<computed> [as click] (node_modules/@testing-library/dom/dist/events.js:110:36)
      at Function.fireEvent.<computed> [as click] (node_modules/@testing-library/react/dist/fire-event.js:15:52)
      at call (src/pages/__tests__/ReportesPage.test.jsx:27:20)
      at Generator.call (src/pages/__tests__/ReportesPage.test.jsx:2:1)
      at Generator._invoke [as next] (src/pages/__tests__/ReportesPage.test.jsx:2:1)
      at asyncGeneratorStep (src/pages/__tests__/ReportesPage.test.jsx:2:1)
      at asyncGeneratorStep (src/pages/__tests__/ReportesPage.test.jsx:2:1)

  console.error
    Error: Not implemented: navigation (except hash changes)
        at module.exports (C:\Users\lenovo\Desktop\futpro2.0\node_modules\jsdom\lib\jsdom\browser\not-implemented.js:9:17)
        at navigateFetch (C:\Users\lenovo\Desktop\futpro2.0\node_modules\jsdom\lib\jsdom\living\window\navigation.js:77:3)
        at exports.navigate (C:\Users\lenovo\Desktop\futpro2.0\node_modules\jsdom\lib\jsdom\living\window\navigation.js:55:3)
        at LocationImpl._locationObjectNavigate (C:\Users\lenovo\Desktop\futpro2.0\node_modules\jsdom\lib\jsdom\living\window\Location-impl.js:30:5)
        at LocationImpl._locationObjectSetterNavigate (C:\Users\lenovo\Desktop\futpro2.0\node_modules\jsdom\lib\jsdom\living\window\Location-impl.js:24:17)
        at LocationImpl.set href [as href] (C:\Users\lenovo\Desktop\futpro2.0\node_modules\jsdom\lib\jsdom\living\window\Location-impl.js:46:10)
        at Location.set href [as href] (C:\Users\lenovo\Desktop\futpro2.0\node_modules\jsdom\lib\jsdom\living\generated\Location.js:125:37)
        at onClick (C:\Users\lenovo\Desktop\futpro2.0\src\pages\ReportesPage.jsx:57:52)
        at HTMLUnknownElement.callCallback (C:\Users\lenovo\Desktop\futpro2.0\node_modules\react-dom\cjs\react-dom.development.js:4164:14)
        at HTMLUnknownElement.callTheUserObjectsOperation (C:\Users\lenovo\Desktop\futpro2.0\node_modules\jsdom\lib\jsdom\living\generated\EventListener.js:26:30)
        at innerInvokeEventListeners (C:\Users\lenovo\Desktop\futpro2.0\node_modules\jsdom\lib\jsdom\living\events\EventTarget-impl.js:350:25)
        at invokeEventListeners (C:\Users\lenovo\Desktop\futpro2.0\node_modules\jsdom\lib\jsdom\living\events\EventTarget-impl.js:286:3)
        at HTMLUnknownElementImpl._dispatch (C:\Users\lenovo\Desktop\futpro2.0\node_modules\jsdom\lib\jsdom\living\events\EventTarget-impl.js:233:9)
        at HTMLUnknownElementImpl.dispatchEvent (C:\Users\lenovo\Desktop\futpro2.0\node_modules\jsdom\lib\jsdom\living\events\EventTarget-impl.js:104:17)
        at HTMLUnknownElement.dispatchEvent (C:\Users\lenovo\Desktop\futpro2.0\node_modules\jsdom\lib\jsdom\living\generated\EventTarget.js:241:34)
        at Object.invokeGuardedCallbackDev (C:\Users\lenovo\Desktop\futpro2.0\node_modules\react-dom\cjs\react-dom.development.js:4213:16)
        at invokeGuardedCallback (C:\Users\lenovo\Desktop\futpro2.0\node_modules\react-dom\cjs\react-dom.development.js:4277:31)
        at invokeGuardedCallbackAndCatchFirstError (C:\Users\lenovo\Desktop\futpro2.0\node_modules\react-dom\cjs\react-dom.development.js:4291:25)
        at executeDispatch (C:\Users\lenovo\Desktop\futpro2.0\node_modules\react-dom\cjs\react-dom.development.js:9041:3)
        at processDispatchQueueItemsInOrder (C:\Users\lenovo\Desktop\futpro2.0\node_modules\react-dom\cjs\react-dom.development.js:9073:7)
        at processDispatchQueue (C:\Users\lenovo\Desktop\futpro2.0\node_modules\react-dom\cjs\react-dom.development.js:9086:5)
        at dispatchEventsForPlugins (C:\Users\lenovo\Desktop\futpro2.0\node_modules\react-dom\cjs\react-dom.development.js:9097:3)
        at C:\Users\lenovo\Desktop\futpro2.0\node_modules\react-dom\cjs\react-dom.development.js:9288:12
        at batchedUpdates$1 (C:\Users\lenovo\Desktop\futpro2.0\node_modules\react-dom\cjs\react-dom.development.js:26179:12)
        at batchedUpdates (C:\Users\lenovo\Desktop\futpro2.0\node_modules\react-dom\cjs\react-dom.development.js:3991:12)
        at dispatchEventForPluginEventSystem (C:\Users\lenovo\Desktop\futpro2.0\node_modules\react-dom\cjs\react-dom.development.js:9287:3)
        at dispatchEventWithEnableCapturePhaseSelectiveHydrationWithoutDiscreteEventReplay (C:\Users\lenovo\Desktop\futpro2.0\node_modules\react-dom\cjs\react-dom.development.js:6465:5)
        at dispatchEvent (C:\Users\lenovo\Desktop\futpro2.0\node_modules\react-dom\cjs\react-dom.development.js:6457:5)
        at dispatchDiscreteEvent (C:\Users\lenovo\Desktop\futpro2.0\node_modules\react-dom\cjs\react-dom.development.js:6430:5)
        at HTMLDivElement.callTheUserObjectsOperation (C:\Users\lenovo\Desktop\futpro2.0\node_modules\jsdom\lib\jsdom\living\generated\EventListener.js:26:30)
        at innerInvokeEventListeners (C:\Users\lenovo\Desktop\futpro2.0\node_modules\jsdom\lib\jsdom\living\events\EventTarget-impl.js:350:25)
        at invokeEventListeners (C:\Users\lenovo\Desktop\futpro2.0\node_modules\jsdom\lib\jsdom\living\events\EventTarget-impl.js:286:3)
        at HTMLButtonElementImpl._dispatch (C:\Users\lenovo\Desktop\futpro2.0\node_modules\jsdom\lib\jsdom\living\events\EventTarget-impl.js:233:9)
        at HTMLButtonElementImpl.dispatchEvent (C:\Users\lenovo\Desktop\futpro2.0\node_modules\jsdom\lib\jsdom\living\events\EventTarget-impl.js:104:17)
        at HTMLButtonElement.dispatchEvent (C:\Users\lenovo\Desktop\futpro2.0\node_modules\jsdom\lib\jsdom\living\generated\EventTarget.js:241:34)
        at C:\Users\lenovo\Desktop\futpro2.0\node_modules\@testing-library\dom\dist\events.js:19:20
        at C:\Users\lenovo\Desktop\futpro2.0\node_modules\@testing-library\react\dist\pure.js:108:16
        at C:\Users\lenovo\Desktop\futpro2.0\node_modules\@testing-library\react\dist\act-compat.js:48:24
        at act (C:\Users\lenovo\Desktop\futpro2.0\node_modules\react\cjs\react.development.js:2512:16)
        at C:\Users\lenovo\Desktop\futpro2.0\node_modules\@testing-library\react\dist\act-compat.js:47:25
        at Object.eventWrapper (C:\Users\lenovo\Desktop\futpro2.0\node_modules\@testing-library\react\dist\pure.js:107:28)
        at fireEvent (C:\Users\lenovo\Desktop\futpro2.0\node_modules\@testing-library\dom\dist\events.js:12:35)
        at Function.fireEvent.<computed> [as click] (C:\Users\lenovo\Desktop\futpro2.0\node_modules\@testing-library\dom\dist\events.js:110:36)
        at Function.fireEvent.<computed> [as click] (C:\Users\lenovo\Desktop\futpro2.0\node_modules\@testing-library\react\dist\fire-event.js:15:52)
        at call (C:\Users\lenovo\Desktop\futpro2.0\src\pages\__tests__\ReportesPage.test.jsx:28:20)
        at Generator.call (C:\Users\lenovo\Desktop\futpro2.0\src\pages\__tests__\ReportesPage.test.jsx:2:1)
        at Generator._invoke [as next] (C:\Users\lenovo\Desktop\futpro2.0\src\pages\__tests__\ReportesPage.test.jsx:2:1)
        at asyncGeneratorStep (C:\Users\lenovo\Desktop\futpro2.0\src\pages\__tests__\ReportesPage.test.jsx:2:1)
        at asyncGeneratorStep (C:\Users\lenovo\Desktop\futpro2.0\src\pages\__tests__\ReportesPage.test.jsx:2:1) {
      type: 'not implemented'
    }

    [0m [90m 55 |[39m       [33m<[39m[33maside[39m style[33m=[39m{{ width[33m:[39m [35m220[39m[33m,[39m background[33m:[39m black[33m,[39m borderLeft[33m:[39m [32m`2px solid ${gold}`[39m[33m,[39m padding[33m:[39m [35m24[39m }}[33m>[39m
     [90m 56 |[39m         [33m<[39m[33mh2[39m style[33m=[39m{{ color[33m:[39m gold }}[33m>[39m[33mAcciones[39m r├ípidas[33m<[39m[33m/[39m[33mh2[39m[33m>[39m
    [31m[1m>[22m[39m[90m 57 |[39m         [33m<[39m[33mButton[39m onClick[33m=[39m{() [33m=>[39m window[33m.[39mlocation[33m.[39mhref [33m=[39m [32m'/historial'[39m}[33m>[39m[33mVer[39m historial[33m<[39m[33m/[39m[33mButton[39m[33m>[39m
     [90m    |[39m                                                    [31m[1m^[22m[39m
     [90m 58 |[39m       [33m<[39m[33m/[39m[33maside[39m[33m>[39m
     [90m 59 |[39m     [33m<[39m[33m/[39m[33mdiv[39m[33m>[39m
     [90m 60 |[39m   )[33m;[39m[0m

      at VirtualConsole.<anonymous> (node_modules/@jest/environment-jsdom-abstract/build/index.js:78:23)
      at module.exports (node_modules/jsdom/lib/jsdom/browser/not-implemented.js:12:26)
      at navigateFetch (node_modules/jsdom/lib/jsdom/living/window/navigation.js:77:3)
      at exports.navigate (node_modules/jsdom/lib/jsdom/living/window/navigation.js:55:3)
      at LocationImpl._locationObjectNavigate (node_modules/jsdom/lib/jsdom/living/window/Location-impl.js:30:5)
      at LocationImpl._locationObjectSetterNavigate (node_modules/jsdom/lib/jsdom/living/window/Location-impl.js:24:17)
      at LocationImpl.set href [as href] (node_modules/jsdom/lib/jsdom/living/window/Location-impl.js:46:10)
      at Location.set href [as href] (node_modules/jsdom/lib/jsdom/living/generated/Location.js:125:37)
      at onClick (src/pages/ReportesPage.jsx:57:52)
      at HTMLUnknownElement.callCallback (node_modules/react-dom/cjs/react-dom.development.js:4164:14)
      at HTMLUnknownElement.callTheUserObjectsOperation (node_modules/jsdom/lib/jsdom/living/generated/EventListener.js:26:30)
      at innerInvokeEventListeners (node_modules/jsdom/lib/jsdom/living/events/EventTarget-impl.js:350:25)
      at invokeEventListeners (node_modules/jsdom/lib/jsdom/living/events/EventTarget-impl.js:286:3)
      at HTMLUnknownElementImpl._dispatch (node_modules/jsdom/lib/jsdom/living/events/EventTarget-impl.js:233:9)
      at HTMLUnknownElementImpl.dispatchEvent (node_modules/jsdom/lib/jsdom/living/events/EventTarget-impl.js:104:17)
      at HTMLUnknownElement.dispatchEvent (node_modules/jsdom/lib/jsdom/living/generated/EventTarget.js:241:34)
      at Object.invokeGuardedCallbackDev (node_modules/react-dom/cjs/react-dom.development.js:4213:16)
      at invokeGuardedCallback (node_modules/react-dom/cjs/react-dom.development.js:4277:31)
      at invokeGuardedCallbackAndCatchFirstError (node_modules/react-dom/cjs/react-dom.development.js:4291:25)
      at executeDispatch (node_modules/react-dom/cjs/react-dom.development.js:9041:3)
      at processDispatchQueueItemsInOrder (node_modules/react-dom/cjs/react-dom.development.js:9073:7)
      at processDispatchQueue (node_modules/react-dom/cjs/react-dom.development.js:9086:5)
      at dispatchEventsForPlugins (node_modules/react-dom/cjs/react-dom.development.js:9097:3)
      at node_modules/react-dom/cjs/react-dom.development.js:9288:12
      at batchedUpdates$1 (node_modules/react-dom/cjs/react-dom.development.js:26179:12)
      at batchedUpdates (node_modules/react-dom/cjs/react-dom.development.js:3991:12)
      at dispatchEventForPluginEventSystem (node_modules/react-dom/cjs/react-dom.development.js:9287:3)
      at dispatchEventWithEnableCapturePhaseSelectiveHydrationWithoutDiscreteEventReplay (node_modules/react-dom/cjs/react-dom.development.js:6465:5)
      at dispatchEvent (node_modules/react-dom/cjs/react-dom.development.js:6457:5)
      at dispatchDiscreteEvent (node_modules/react-dom/cjs/react-dom.development.js:6430:5)
      at HTMLDivElement.callTheUserObjectsOperation (node_modules/jsdom/lib/jsdom/living/generated/EventListener.js:26:30)
      at innerInvokeEventListeners (node_modules/jsdom/lib/jsdom/living/events/EventTarget-impl.js:350:25)
      at invokeEventListeners (node_modules/jsdom/lib/jsdom/living/events/EventTarget-impl.js:286:3)
      at HTMLButtonElementImpl._dispatch (node_modules/jsdom/lib/jsdom/living/events/EventTarget-impl.js:233:9)
      at HTMLButtonElementImpl.dispatchEvent (node_modules/jsdom/lib/jsdom/living/events/EventTarget-impl.js:104:17)
      at HTMLButtonElement.dispatchEvent (node_modules/jsdom/lib/jsdom/living/generated/EventTarget.js:241:34)
      at node_modules/@testing-library/dom/dist/events.js:19:20
      at node_modules/@testing-library/react/dist/pure.js:108:16
      at node_modules/@testing-library/react/dist/act-compat.js:48:24
      at act (node_modules/react/cjs/react.development.js:2512:16)
      at node_modules/@testing-library/react/dist/act-compat.js:47:25
      at Object.eventWrapper (node_modules/@testing-library/react/dist/pure.js:107:28)
      at fireEvent (node_modules/@testing-library/dom/dist/events.js:12:35)
      at Function.fireEvent.<computed> [as click] (node_modules/@testing-library/dom/dist/events.js:110:36)
      at Function.fireEvent.<computed> [as click] (node_modules/@testing-library/react/dist/fire-event.js:15:52)
      at call (src/pages/__tests__/ReportesPage.test.jsx:28:20)
      at Generator.call (src/pages/__tests__/ReportesPage.test.jsx:2:1)
      at Generator._invoke [as next] (src/pages/__tests__/ReportesPage.test.jsx:2:1)
      at asyncGeneratorStep (src/pages/__tests__/ReportesPage.test.jsx:2:1)
      at asyncGeneratorStep (src/pages/__tests__/ReportesPage.test.jsx:2:1)

  console.warn
    ÔÜá´©Å React Router Future Flag Warning: React Router will begin wrapping state updates in `React.startTransition` in v7. You can use the `v7_startTransition` future flag to opt-in early. For more information, see https://reactrouter.com/v6/upgrading/future#v7_starttransition.

    [0m [90m 14 |[39m   describe([32m'TorneosPage'[39m[33m,[39m () [33m=>[39m {
     [90m 15 |[39m     it([32m'simula clicks en todos los botones y navegaci├│n'[39m[33m,[39m [36masync[39m () [33m=>[39m {
    [31m[1m>[22m[39m[90m 16 |[39m       [36mconst[39m { findByText } [33m=[39m render(
     [90m    |[39m                                    [31m[1m^[22m[39m
     [90m 17 |[39m         [33m<[39m[33mMemoryRouter[39m[33m>[39m
     [90m 18 |[39m           [33m<[39m[33mAuthContext[39m[33m.[39m[33mProvider[39m value[33m=[39m{{ user[33m:[39m { id[33m:[39m [35m1[39m }[33m,[39m role[33m:[39m [32m'admin'[39m }}[33m>[39m
     [90m 19 |[39m             [33m<[39m[33mTorneosPage[39m [33m/[39m[33m>[39m[0m

      at warn (node_modules/react-router/lib/deprecations.ts:9:13)
      at warnOnce (node_modules/react-router/lib/deprecations.ts:14:3)
      at logDeprecation (node_modules/react-router/lib/deprecations.ts:26:5)
      at logV6DeprecationWarnings (node_modules/react-router/lib/components.tsx:257:25)
      at commitHookEffectListMount (node_modules/react-dom/cjs/react-dom.development.js:23189:26)
      at commitPassiveMountOnFiber (node_modules/react-dom/cjs/react-dom.development.js:24970:11)
      at commitPassiveMountEffects_complete (node_modules/react-dom/cjs/react-dom.development.js:24930:9)
      at commitPassiveMountEffects_begin (node_modules/react-dom/cjs/react-dom.development.js:24917:7)
      at commitPassiveMountEffects (node_modules/react-dom/cjs/react-dom.development.js:24905:3)
      at flushPassiveEffectsImpl (node_modules/react-dom/cjs/react-dom.development.js:27078:3)
      at flushPassiveEffects (node_modules/react-dom/cjs/react-dom.development.js:27023:14)
      at node_modules/react-dom/cjs/react-dom.development.js:26808:9
      at flushActQueue (node_modules/react/cjs/react.development.js:2667:24)
      at act (node_modules/react/cjs/react.development.js:2582:11)
      at node_modules/@testing-library/react/dist/act-compat.js:47:25
      at renderRoot (node_modules/@testing-library/react/dist/pure.js:180:26)
      at render (node_modules/@testing-library/react/dist/pure.js:271:10)
      at src/pages/__tests__/TorneosPage.test.jsx:16:36
      at Generator.call (src/pages/__tests__/TorneosPage.test.jsx:2:1)
      at Generator._invoke [as next] (src/pages/__tests__/TorneosPage.test.jsx:2:1)
      at asyncGeneratorStep (src/pages/__tests__/TorneosPage.test.jsx:2:1)
      at asyncGeneratorStep (src/pages/__tests__/TorneosPage.test.jsx:2:1)
      at _next (src/pages/__tests__/TorneosPage.test.jsx:2:1)
      at Object.<anonymous> (src/pages/__tests__/TorneosPage.test.jsx:2:1)

  console.warn
    ÔÜá´©Å React Router Future Flag Warning: Relative route resolution within Splat routes is changing in v7. You can use the `v7_relativeSplatPath` future flag to opt-in early. For more information, see https://reactrouter.com/v6/upgrading/future#v7_relativesplatpath.

    [0m [90m 14 |[39m   describe([32m'TorneosPage'[39m[33m,[39m () [33m=>[39m {
     [90m 15 |[39m     it([32m'simula clicks en todos los botones y navegaci├│n'[39m[33m,[39m [36masync[39m () [33m=>[39m {
    [31m[1m>[22m[39m[90m 16 |[39m       [36mconst[39m { findByText } [33m=[39m render(
     [90m    |[39m                                    [31m[1m^[22m[39m
     [90m 17 |[39m         [33m<[39m[33mMemoryRouter[39m[33m>[39m
     [90m 18 |[39m           [33m<[39m[33mAuthContext[39m[33m.[39m[33mProvider[39m value[33m=[39m{{ user[33m:[39m { id[33m:[39m [35m1[39m }[33m,[39m role[33m:[39m [32m'admin'[39m }}[33m>[39m
     [90m 19 |[39m             [33m<[39m[33mTorneosPage[39m [33m/[39m[33m>[39m[0m

      at warn (node_modules/react-router/lib/deprecations.ts:9:13)
      at warnOnce (node_modules/react-router/lib/deprecations.ts:14:3)
      at logDeprecation (node_modules/react-router/lib/deprecations.ts:37:5)
      at logV6DeprecationWarnings (node_modules/react-router/lib/components.tsx:257:25)
      at commitHookEffectListMount (node_modules/react-dom/cjs/react-dom.development.js:23189:26)
      at commitPassiveMountOnFiber (node_modules/react-dom/cjs/react-dom.development.js:24970:11)
      at commitPassiveMountEffects_complete (node_modules/react-dom/cjs/react-dom.development.js:24930:9)
      at commitPassiveMountEffects_begin (node_modules/react-dom/cjs/react-dom.development.js:24917:7)
      at commitPassiveMountEffects (node_modules/react-dom/cjs/react-dom.development.js:24905:3)
      at flushPassiveEffectsImpl (node_modules/react-dom/cjs/react-dom.development.js:27078:3)
      at flushPassiveEffects (node_modules/react-dom/cjs/react-dom.development.js:27023:14)
      at node_modules/react-dom/cjs/react-dom.development.js:26808:9
      at flushActQueue (node_modules/react/cjs/react.development.js:2667:24)
      at act (node_modules/react/cjs/react.development.js:2582:11)
      at node_modules/@testing-library/react/dist/act-compat.js:47:25
      at renderRoot (node_modules/@testing-library/react/dist/pure.js:180:26)
      at render (node_modules/@testing-library/react/dist/pure.js:271:10)
      at src/pages/__tests__/TorneosPage.test.jsx:16:36
      at Generator.call (src/pages/__tests__/TorneosPage.test.jsx:2:1)
      at Generator._invoke [as next] (src/pages/__tests__/TorneosPage.test.jsx:2:1)
      at asyncGeneratorStep (src/pages/__tests__/TorneosPage.test.jsx:2:1)
      at asyncGeneratorStep (src/pages/__tests__/TorneosPage.test.jsx:2:1)
      at _next (src/pages/__tests__/TorneosPage.test.jsx:2:1)
      at Object.<anonymous> (src/pages/__tests__/TorneosPage.test.jsx:2:1)

  console.log
    [DEBUG] Supabase URL: https://TU_SUPABASE_URL.supabase.co

      at Object.log (src/config/supabase.js:37:9)

  console.log
    [DEBUG] Supabase Key: TU_SUPABASE_API_KEY

      at Object.log (src/config/supabase.js:38:9)

  console.log
    [DEBUG] Configuraci├│n de autenticaci├│n: {
      providers: [ 'google', 'facebook' ],
      redirectTo: 'https://qqrxetxcglwrejtblwut.supabase.co/auth/v1/callback',
      scopes: { google: 'email profile', facebook: 'email,public_profile' },
      google: {
        callbackUrl: 'https://qqrxetxcglwrejtblwut.supabase.co/auth/v1/callback',
        scopes: 'email profile'
      },
      facebook: {
        callbackUrl: 'https://qqrxetxcglwrejtblwut.supabase.co/auth/v1/callback',
        scopes: 'email,public_profile'
      }
    }

      at Object.log (src/config/supabase.js:39:9)

  console.warn
    Skipping file due to import error: app.js
    Error: expect(received).not.toThrow()
    
    Error name:    "SyntaxError"
    Error message: "Cannot use 'import.meta' outside a module"
    
        [0m [90m 1 |[39m [90m// Inicializador principal de la aplicaci├│n FutPro[39m
         [90m 2 |[39m [36mimport[39m { [33mDatabase[39m } [36mfrom[39m [32m'./config/supabase.js'[39m[33m;[39m
        [31m[1m>[22m[39m[90m 3 |[39m [36mimport[39m { [33mFirebaseService[39m } [36mfrom[39m [32m'./config/firebase.js'[39m[33m;[39m
         [90m   |[39m [31m[1m^[22m[39m
         [90m 4 |[39m [36mimport[39m { [33mAuthService[39m } [36mfrom[39m [32m'./services/AuthService.js'[39m[33m;[39m
         [90m 5 |[39m [36mimport[39m { [33mUIManager[39m } [36mfrom[39m [32m'./services/UIManager.js'[39m[33m;[39m
         [90m 6 |[39m [36mimport[39m { [33mChatManager[39m } [36mfrom[39m [32m'./services/ChatManager.js'[39m[33m;[39m[0m
    
          at Runtime.createScriptFromCode (node_modules/jest-runtime/build/index.js:1316:40)
          at Object.require (src/app.js:3:1)
          at require (testing/auto/import-test.spec.js:20:11)
          at Object.<anonymous> (node_modules/expect/build/index.js:1824:9)
          at Object.throwingMatcher [as toThrow] (node_modules/expect/build/index.js:2235:93)
          at Object.toThrow (testing/auto/import-test.spec.js:21:16)

    [0m [90m 23 |[39m         [90m// If there's a syntax error or ES module issue, log and pass the test[39m
     [90m 24 |[39m         [36mif[39m (err[33m.[39mname [33m===[39m [32m'SyntaxError'[39m [33m||[39m err[33m.[39mmessage[33m.[39mincludes([32m'import.meta'[39m) [33m||[39m err[33m.[39mmessage[33m.[39mincludes([32m'Cannot use'[39m)) {
    [31m[1m>[22m[39m[90m 25 |[39m           console[33m.[39mwarn([32m`Skipping file due to import error: ${file}\n${err.name}: ${err.message}`[39m)[33m;[39m
     [90m    |[39m                   [31m[1m^[22m[39m
     [90m 26 |[39m           expect([36mtrue[39m)[33m.[39mtoBe([36mtrue[39m)[33m;[39m [90m// Pass the test for these cases[39m
     [90m 27 |[39m         } [36melse[39m {
     [90m 28 |[39m           [36mthrow[39m err[33m;[39m [90m// Rethrow other errors[39m[0m

      at Object.warn (testing/auto/import-test.spec.js:25:19)

  console.warn
    Skipping ES module file: App.jsx

    [0m [90m 13 |[39m       [90m// Skip files that use ES modules or import.meta[39m
     [90m 14 |[39m       [36mif[39m ([35m/^\s*import\s|^\s*export\s|import\.meta/[39m[33m.[39mtest(content)) {
    [31m[1m>[22m[39m[90m 15 |[39m         console[33m.[39mwarn([32m`Skipping ES module file: ${file}`[39m)[33m;[39m
     [90m    |[39m                 [31m[1m^[22m[39m
     [90m 16 |[39m         [36mreturn[39m[33m;[39m
     [90m 17 |[39m       }
     [90m 18 |[39m       [36mtry[39m {[0m

      at Object.warn (testing/auto/import-test.spec.js:15:17)

  console.warn
    Skipping ES module file: AppRouter.jsx

    [0m [90m 13 |[39m       [90m// Skip files that use ES modules or import.meta[39m
     [90m 14 |[39m       [36mif[39m ([35m/^\s*import\s|^\s*export\s|import\.meta/[39m[33m.[39mtest(content)) {
    [31m[1m>[22m[39m[90m 15 |[39m         console[33m.[39mwarn([32m`Skipping ES module file: ${file}`[39m)[33m;[39m
     [90m    |[39m                 [31m[1m^[22m[39m
     [90m 16 |[39m         [36mreturn[39m[33m;[39m
     [90m 17 |[39m       }
     [90m 18 |[39m       [36mtry[39m {[0m

      at Object.warn (testing/auto/import-test.spec.js:15:17)

  console.warn
    Skipping ES module file: AuthContext.jsx

    [0m [90m 13 |[39m       [90m// Skip files that use ES modules or import.meta[39m
     [90m 14 |[39m       [36mif[39m ([35m/^\s*import\s|^\s*export\s|import\.meta/[39m[33m.[39mtest(content)) {
    [31m[1m>[22m[39m[90m 15 |[39m         console[33m.[39mwarn([32m`Skipping ES module file: ${file}`[39m)[33m;[39m
     [90m    |[39m                 [31m[1m^[22m[39m
     [90m 16 |[39m         [36mreturn[39m[33m;[39m
     [90m 17 |[39m       }
     [90m 18 |[39m       [36mtry[39m {[0m

      at Object.warn (testing/auto/import-test.spec.js:15:17)

  console.warn
    Skipping ES module file: FutProApp.jsx

    [0m [90m 13 |[39m       [90m// Skip files that use ES modules or import.meta[39m
     [90m 14 |[39m       [36mif[39m ([35m/^\s*import\s|^\s*export\s|import\.meta/[39m[33m.[39mtest(content)) {
    [31m[1m>[22m[39m[90m 15 |[39m         console[33m.[39mwarn([32m`Skipping ES module file: ${file}`[39m)[33m;[39m
     [90m    |[39m                 [31m[1m^[22m[39m
     [90m 16 |[39m         [36mreturn[39m[33m;[39m
     [90m 17 |[39m       }
     [90m 18 |[39m       [36mtry[39m {[0m

      at Object.warn (testing/auto/import-test.spec.js:15:17)

  console.warn
    Skipping ES module file: FutProRoutes.jsx

    [0m [90m 13 |[39m       [90m// Skip files that use ES modules or import.meta[39m
     [90m 14 |[39m       [36mif[39m ([35m/^\s*import\s|^\s*export\s|import\.meta/[39m[33m.[39mtest(content)) {
    [31m[1m>[22m[39m[90m 15 |[39m         console[33m.[39mwarn([32m`Skipping ES module file: ${file}`[39m)[33m;[39m
     [90m    |[39m                 [31m[1m^[22m[39m
     [90m 16 |[39m         [36mreturn[39m[33m;[39m
     [90m 17 |[39m       }
     [90m 18 |[39m       [36mtry[39m {[0m

      at Object.warn (testing/auto/import-test.spec.js:15:17)

  console.warn
    Skipping ES module file: HomePage.js

    [0m [90m 13 |[39m       [90m// Skip files that use ES modules or import.meta[39m
     [90m 14 |[39m       [36mif[39m ([35m/^\s*import\s|^\s*export\s|import\.meta/[39m[33m.[39mtest(content)) {
    [31m[1m>[22m[39m[90m 15 |[39m         console[33m.[39mwarn([32m`Skipping ES module file: ${file}`[39m)[33m;[39m
     [90m    |[39m                 [31m[1m^[22m[39m
     [90m 16 |[39m         [36mreturn[39m[33m;[39m
     [90m 17 |[39m       }
     [90m 18 |[39m       [36mtry[39m {[0m

      at Object.warn (testing/auto/import-test.spec.js:15:17)

  console.warn
    Skipping ES module file: index.jsx

    [0m [90m 13 |[39m       [90m// Skip files that use ES modules or import.meta[39m
     [90m 14 |[39m       [36mif[39m ([35m/^\s*import\s|^\s*export\s|import\.meta/[39m[33m.[39mtest(content)) {
    [31m[1m>[22m[39m[90m 15 |[39m         console[33m.[39mwarn([32m`Skipping ES module file: ${file}`[39m)[33m;[39m
     [90m    |[39m                 [31m[1m^[22m[39m
     [90m 16 |[39m         [36mreturn[39m[33m;[39m
     [90m 17 |[39m       }
     [90m 18 |[39m       [36mtry[39m {[0m

      at Object.warn (testing/auto/import-test.spec.js:15:17)

  console.warn
    Skipping ES module file: LoginRegisterForm.jsx

    [0m [90m 13 |[39m       [90m// Skip files that use ES modules or import.meta[39m
     [90m 14 |[39m       [36mif[39m ([35m/^\s*import\s|^\s*export\s|import\.meta/[39m[33m.[39mtest(content)) {
    [31m[1m>[22m[39m[90m 15 |[39m         console[33m.[39mwarn([32m`Skipping ES module file: ${file}`[39m)[33m;[39m
     [90m    |[39m                 [31m[1m^[22m[39m
     [90m 16 |[39m         [36mreturn[39m[33m;[39m
     [90m 17 |[39m       }
     [90m 18 |[39m       [36mtry[39m {[0m

      at Object.warn (testing/auto/import-test.spec.js:15:17)

  console.warn
    Skipping file due to import error: main.js
    Error: expect(received).not.toThrow()
    
    Error name:    "SyntaxError"
    Error message: "Cannot use 'import.meta' outside a module"
    
        [0m [90m 1 |[39m [36mimport[39m [33mReact[39m[33m,[39m { createContext[33m,[39m useContext[33m,[39m useState[33m,[39m useEffect } [36mfrom[39m [32m'react'[39m[33m;[39m
         [90m 2 |[39m [36mimport[39m { supabase } [36mfrom[39m [32m'./config/supabase'[39m[33m;[39m
        [31m[1m>[22m[39m[90m 3 |[39m [36mimport[39m { auth[33m,[39m googleProvider[33m,[39m facebookProvider } [36mfrom[39m [32m'./config/firebase'[39m[33m;[39m
         [90m   |[39m [31m[1m^[22m[39m
         [90m 4 |[39m [36mimport[39m { signInWithPopup[33m,[39m signOut [36mas[39m firebaseSignOut } [36mfrom[39m [32m'firebase/auth'[39m[33m;[39m
         [90m 5 |[39m
         [90m 6 |[39m [36mexport[39m [36mconst[39m [33mAuthContext[39m [33m=[39m createContext()[33m;[39m[0m
    
          at Runtime.createScriptFromCode (node_modules/jest-runtime/build/index.js:1316:40)
          at Object.require (src/AuthContext.jsx:3:1)
          at Object.require (src/LoginRegisterForm.jsx:2:1)
          at Object.require (src/main.js:5:1)
          at require (testing/auto/import-test.spec.js:20:11)
          at Object.<anonymous> (node_modules/expect/build/index.js:1824:9)
          at Object.throwingMatcher [as toThrow] (node_modules/expect/build/index.js:2235:93)
          at Object.toThrow (testing/auto/import-test.spec.js:21:16)

    [0m [90m 23 |[39m         [90m// If there's a syntax error or ES module issue, log and pass the test[39m
     [90m 24 |[39m         [36mif[39m (err[33m.[39mname [33m===[39m [32m'SyntaxError'[39m [33m||[39m err[33m.[39mmessage[33m.[39mincludes([32m'import.meta'[39m) [33m||[39m err[33m.[39mmessage[33m.[39mincludes([32m'Cannot use'[39m)) {
    [31m[1m>[22m[39m[90m 25 |[39m           console[33m.[39mwarn([32m`Skipping file due to import error: ${file}\n${err.name}: ${err.message}`[39m)[33m;[39m
     [90m    |[39m                   [31m[1m^[22m[39m
     [90m 26 |[39m           expect([36mtrue[39m)[33m.[39mtoBe([36mtrue[39m)[33m;[39m [90m// Pass the test for these cases[39m
     [90m 27 |[39m         } [36melse[39m {
     [90m 28 |[39m           [36mthrow[39m err[33m;[39m [90m// Rethrow other errors[39m[0m

      at Object.warn (testing/auto/import-test.spec.js:25:19)

  console.warn
    Skipping file due to import error: main.jsx
    Error: expect(received).not.toThrow()
    
    Error name:    "SyntaxError"
    Error message: "Cannot use 'import.meta' outside a module"
    
        [0m [90m 1 |[39m [36mimport[39m [33mReact[39m[33m,[39m { createContext[33m,[39m useContext[33m,[39m useState[33m,[39m useEffect } [36mfrom[39m [32m'react'[39m[33m;[39m
         [90m 2 |[39m [36mimport[39m { supabase } [36mfrom[39m [32m'./config/supabase'[39m[33m;[39m
        [31m[1m>[22m[39m[90m 3 |[39m [36mimport[39m { auth[33m,[39m googleProvider[33m,[39m facebookProvider } [36mfrom[39m [32m'./config/firebase'[39m[33m;[39m
         [90m   |[39m [31m[1m^[22m[39m
         [90m 4 |[39m [36mimport[39m { signInWithPopup[33m,[39m signOut [36mas[39m firebaseSignOut } [36mfrom[39m [32m'firebase/auth'[39m[33m;[39m
         [90m 5 |[39m
         [90m 6 |[39m [36mexport[39m [36mconst[39m [33mAuthContext[39m [33m=[39m createContext()[33m;[39m[0m
    
          at Runtime.createScriptFromCode (node_modules/jest-runtime/build/index.js:1316:40)
          at Object.require (src/AuthContext.jsx:3:1)
          at Object.require (src/LoginRegisterForm.jsx:2:1)
          at Object.require (src/main.jsx:4:1)
          at require (testing/auto/import-test.spec.js:20:11)
          at Object.<anonymous> (node_modules/expect/build/index.js:1824:9)
          at Object.throwingMatcher [as toThrow] (node_modules/expect/build/index.js:2235:93)
          at Object.toThrow (testing/auto/import-test.spec.js:21:16)

    [0m [90m 23 |[39m         [90m// If there's a syntax error or ES module issue, log and pass the test[39m
     [90m 24 |[39m         [36mif[39m (err[33m.[39mname [33m===[39m [32m'SyntaxError'[39m [33m||[39m err[33m.[39mmessage[33m.[39mincludes([32m'import.meta'[39m) [33m||[39m err[33m.[39mmessage[33m.[39mincludes([32m'Cannot use'[39m)) {
    [31m[1m>[22m[39m[90m 25 |[39m           console[33m.[39mwarn([32m`Skipping file due to import error: ${file}\n${err.name}: ${err.message}`[39m)[33m;[39m
     [90m    |[39m                   [31m[1m^[22m[39m
     [90m 26 |[39m           expect([36mtrue[39m)[33m.[39mtoBe([36mtrue[39m)[33m;[39m [90m// Pass the test for these cases[39m
     [90m 27 |[39m         } [36melse[39m {
     [90m 28 |[39m           [36mthrow[39m err[33m;[39m [90m// Rethrow other errors[39m[0m

      at Object.warn (testing/auto/import-test.spec.js:25:19)

  console.warn
    Skipping ES module file: MediaPage.js

    [0m [90m 13 |[39m       [90m// Skip files that use ES modules or import.meta[39m
     [90m 14 |[39m       [36mif[39m ([35m/^\s*import\s|^\s*export\s|import\.meta/[39m[33m.[39mtest(content)) {
    [31m[1m>[22m[39m[90m 15 |[39m         console[33m.[39mwarn([32m`Skipping ES module file: ${file}`[39m)[33m;[39m
     [90m    |[39m                 [31m[1m^[22m[39m
     [90m 16 |[39m         [36mreturn[39m[33m;[39m
     [90m 17 |[39m       }
     [90m 18 |[39m       [36mtry[39m {[0m

      at Object.warn (testing/auto/import-test.spec.js:15:17)

  console.warn
    Skipping ES module file: supabaseClient.js

    [0m [90m 13 |[39m       [90m// Skip files that use ES modules or import.meta[39m
     [90m 14 |[39m       [36mif[39m ([35m/^\s*import\s|^\s*export\s|import\.meta/[39m[33m.[39mtest(content)) {
    [31m[1m>[22m[39m[90m 15 |[39m         console[33m.[39mwarn([32m`Skipping ES module file: ${file}`[39m)[33m;[39m
     [90m    |[39m                 [31m[1m^[22m[39m
     [90m 16 |[39m         [36mreturn[39m[33m;[39m
     [90m 17 |[39m       }
     [90m 18 |[39m       [36mtry[39m {[0m

      at Object.warn (testing/auto/import-test.spec.js:15:17)

  console.error
    Failed to create chart: can't acquire context from the given item

      at new error (node_modules/chart.js/src/core/core.controller.js:184:15)
      at renderChart (node_modules/react-chartjs-2/src/chart.tsx:41:24)
      at renderChart (node_modules/react-chartjs-2/src/chart.tsx:97:5)
      at commitHookEffectListMount (node_modules/react-dom/cjs/react-dom.development.js:23189:26)
      at commitPassiveMountOnFiber (node_modules/react-dom/cjs/react-dom.development.js:24970:11)
      at commitPassiveMountEffects_complete (node_modules/react-dom/cjs/react-dom.development.js:24930:9)
      at commitPassiveMountEffects_begin (node_modules/react-dom/cjs/react-dom.development.js:24917:7)
      at commitPassiveMountEffects (node_modules/react-dom/cjs/react-dom.development.js:24905:3)
      at flushPassiveEffectsImpl (node_modules/react-dom/cjs/react-dom.development.js:27078:3)
      at flushPassiveEffects (node_modules/react-dom/cjs/react-dom.development.js:27023:14)
      at node_modules/react-dom/cjs/react-dom.development.js:26808:9
      at workLoop (node_modules/scheduler/cjs/scheduler.development.js:266:34)
      at flushWork (node_modules/scheduler/cjs/scheduler.development.js:239:14)
      at performWorkUntilDeadline (node_modules/scheduler/cjs/scheduler.development.js:533:21)
      at Timeout.task [as _onTimeout] (node_modules/jsdom/lib/jsdom/browser/Window.js:579:19)

  console.error
    Failed to create chart: can't acquire context from the given item

      at new error (node_modules/chart.js/src/core/core.controller.js:184:15)
      at renderChart (node_modules/react-chartjs-2/src/chart.tsx:41:24)
      at renderChart (node_modules/react-chartjs-2/src/chart.tsx:97:5)
      at commitHookEffectListMount (node_modules/react-dom/cjs/react-dom.development.js:23189:26)
      at commitPassiveMountOnFiber (node_modules/react-dom/cjs/react-dom.development.js:24970:11)
      at commitPassiveMountEffects_complete (node_modules/react-dom/cjs/react-dom.development.js:24930:9)
      at commitPassiveMountEffects_begin (node_modules/react-dom/cjs/react-dom.development.js:24917:7)
      at commitPassiveMountEffects (node_modules/react-dom/cjs/react-dom.development.js:24905:3)
      at flushPassiveEffectsImpl (node_modules/react-dom/cjs/react-dom.development.js:27078:3)
      at flushPassiveEffects (node_modules/react-dom/cjs/react-dom.development.js:27023:14)
      at node_modules/react-dom/cjs/react-dom.development.js:26808:9
      at workLoop (node_modules/scheduler/cjs/scheduler.development.js:266:34)
      at flushWork (node_modules/scheduler/cjs/scheduler.development.js:239:14)
      at performWorkUntilDeadline (node_modules/scheduler/cjs/scheduler.development.js:533:21)
      at Timeout.task [as _onTimeout] (node_modules/jsdom/lib/jsdom/browser/Window.js:579:19)

  console.log
    [DEBUG] Supabase URL: https://TU_SUPABASE_URL.supabase.co

      at Object.log (src/config/supabase.js:37:9)

  console.log
    [DEBUG] Supabase Key: TU_SUPABASE_API_KEY

      at Object.log (src/config/supabase.js:38:9)

  console.log
    [DEBUG] Configuraci├│n de autenticaci├│n: {
      providers: [ 'google', 'facebook' ],
      redirectTo: 'https://qqrxetxcglwrejtblwut.supabase.co/auth/v1/callback',
      scopes: { google: 'email profile', facebook: 'email,public_profile' },
      google: {
        callbackUrl: 'https://qqrxetxcglwrejtblwut.supabase.co/auth/v1/callback',
        scopes: 'email profile'
      },
      facebook: {
        callbackUrl: 'https://qqrxetxcglwrejtblwut.supabase.co/auth/v1/callback',
        scopes: 'email,public_profile'
      }
    }

      at Object.log (src/config/supabase.js:39:9)

  console.log
    ­ƒÅå AchievementManager inicializado

      at new log (src/services/AchievementManager.js:24:17)

  console.log
    ­ƒôè AnalyticsManager inicializado

      at new log (src/services/AnalyticsManager.js:24:17)

  console.error
    ERROR: Variables de entorno de Twilio no definidas correctamente.

    [0m [90m  7 |[39m
     [90m  8 |[39m [36mif[39m ([33m![39maccountSid [33m||[39m [33m![39mauthToken [33m||[39m [33m![39mphoneNumber) {
    [31m[1m>[22m[39m[90m  9 |[39m   console[33m.[39merror([32m'ERROR: Variables de entorno de Twilio no definidas correctamente.'[39m)[33m;[39m
     [90m    |[39m           [31m[1m^[22m[39m
     [90m 10 |[39m   console[33m.[39merror([32m'TWILIO_ACCOUNT_SID:'[39m[33m,[39m accountSid)[33m;[39m
     [90m 11 |[39m   console[33m.[39merror([32m'TWILIO_AUTH_TOKEN:'[39m[33m,[39m authToken [33m?[39m [32m'***'[39m [33m:[39m [32m''[39m)[33m;[39m
     [90m 12 |[39m   console[33m.[39merror([32m'TWILIO_PHONE_NUMBER:'[39m[33m,[39m phoneNumber)[33m;[39m[0m

      at Object.error (src/services/twilioService.js:9:11)
      at require (testing/auto/services.spec.js:33:20)

  console.error
    TWILIO_ACCOUNT_SID: undefined

    [0m [90m  8 |[39m [36mif[39m ([33m![39maccountSid [33m||[39m [33m![39mauthToken [33m||[39m [33m![39mphoneNumber) {
     [90m  9 |[39m   console[33m.[39merror([32m'ERROR: Variables de entorno de Twilio no definidas correctamente.'[39m)[33m;[39m
    [31m[1m>[22m[39m[90m 10 |[39m   console[33m.[39merror([32m'TWILIO_ACCOUNT_SID:'[39m[33m,[39m accountSid)[33m;[39m
     [90m    |[39m           [31m[1m^[22m[39m
     [90m 11 |[39m   console[33m.[39merror([32m'TWILIO_AUTH_TOKEN:'[39m[33m,[39m authToken [33m?[39m [32m'***'[39m [33m:[39m [32m''[39m)[33m;[39m
     [90m 12 |[39m   console[33m.[39merror([32m'TWILIO_PHONE_NUMBER:'[39m[33m,[39m phoneNumber)[33m;[39m
     [90m 13 |[39m   [36mthrow[39m [36mnew[39m [33mError[39m([32m'Faltan variables de entorno de Twilio. Verifica tu archivo .env'[39m)[33m;[39m[0m

      at Object.error (src/services/twilioService.js:10:11)
      at require (testing/auto/services.spec.js:33:20)

  console.error
    TWILIO_AUTH_TOKEN:

    [0m [90m  9 |[39m   console[33m.[39merror([32m'ERROR: Variables de entorno de Twilio no definidas correctamente.'[39m)[33m;[39m
     [90m 10 |[39m   console[33m.[39merror([32m'TWILIO_ACCOUNT_SID:'[39m[33m,[39m accountSid)[33m;[39m
    [31m[1m>[22m[39m[90m 11 |[39m   console[33m.[39merror([32m'TWILIO_AUTH_TOKEN:'[39m[33m,[39m authToken [33m?[39m [32m'***'[39m [33m:[39m [32m''[39m)[33m;[39m
     [90m    |[39m           [31m[1m^[22m[39m
     [90m 12 |[39m   console[33m.[39merror([32m'TWILIO_PHONE_NUMBER:'[39m[33m,[39m phoneNumber)[33m;[39m
     [90m 13 |[39m   [36mthrow[39m [36mnew[39m [33mError[39m([32m'Faltan variables de entorno de Twilio. Verifica tu archivo .env'[39m)[33m;[39m
     [90m 14 |[39m }[0m

      at Object.error (src/services/twilioService.js:11:11)
      at require (testing/auto/services.spec.js:33:20)

  console.error
    TWILIO_PHONE_NUMBER: undefined

    [0m [90m 10 |[39m   console[33m.[39merror([32m'TWILIO_ACCOUNT_SID:'[39m[33m,[39m accountSid)[33m;[39m
     [90m 11 |[39m   console[33m.[39merror([32m'TWILIO_AUTH_TOKEN:'[39m[33m,[39m authToken [33m?[39m [32m'***'[39m [33m:[39m [32m''[39m)[33m;[39m
    [31m[1m>[22m[39m[90m 12 |[39m   console[33m.[39merror([32m'TWILIO_PHONE_NUMBER:'[39m[33m,[39m phoneNumber)[33m;[39m
     [90m    |[39m           [31m[1m^[22m[39m
     [90m 13 |[39m   [36mthrow[39m [36mnew[39m [33mError[39m([32m'Faltan variables de entorno de Twilio. Verifica tu archivo .env'[39m)[33m;[39m
     [90m 14 |[39m }
     [90m 15 |[39m[0m

      at Object.error (src/services/twilioService.js:12:11)
      at require (testing/auto/services.spec.js:33:20)

